Archive member included to satisfy reference by file (symbol)

../../../Middlewares/ST/STemWin/Lib\STemWin_CM7_wc32_ARGB.a(GUICC_M565.o)
                              Middlewares/Target/LCDConf_stm32h743i_eval.o (LCD_API_ColorConv_M565)
../../../Middlewares/ST/STemWin/Lib\STemWin_CM7_wc32_ARGB.a(GUI_Alloc.o)
                              Middlewares/Target/GUIConf_stm32h743i_eval.o (GUI_ALLOC_AssignMemory)
../../../Middlewares/ST/STemWin/Lib\STemWin_CM7_wc32_ARGB.a(GUI_Circ.o)
                              File Personali/funzioni_personali_disegno.o (GUI_FillCircle)
../../../Middlewares/ST/STemWin/Lib\STemWin_CM7_wc32_ARGB.a(GUI_Common.o)
                              Middlewares/Target/LCDConf_stm32h743i_eval.o (GUI_GetDrawMode)
../../../Middlewares/ST/STemWin/Lib\STemWin_CM7_wc32_ARGB.a(GUI_Core.o)
                              ../../../Middlewares/ST/STemWin/Lib\STemWin_CM7_wc32_ARGB.a(GUI_Common.o) (GUI_pfExecAnimations)
../../../Middlewares/ST/STemWin/Lib\STemWin_CM7_wc32_ARGB.a(GUI_Device.o)
                              Middlewares/Target/LCDConf_stm32h743i_eval.o (GUI_DEVICE_CreateAndLink)
../../../Middlewares/ST/STemWin/Lib\STemWin_CM7_wc32_ARGB.a(GUI_DispString.o)
                              ../../../Middlewares/ST/STemWin/Lib\STemWin_CM7_wc32_ARGB.a(GUI_Common.o) (GUI_DispString)
../../../Middlewares/ST/STemWin/Lib\STemWin_CM7_wc32_ARGB.a(GUI_DispStringInRectEx.o)
                              ../../../Middlewares/ST/STemWin/Lib\STemWin_CM7_wc32_ARGB.a(GUI_DispString.o) (GUI_DispStringInRectEx)
../../../Middlewares/ST/STemWin/Lib\STemWin_CM7_wc32_ARGB.a(GUI_DrawLib.o)
                              File Personali/funzioni_personali_disegno.o (GUI_FillRect)
../../../Middlewares/ST/STemWin/Lib\STemWin_CM7_wc32_ARGB.a(GUI_DrawLine.o)
                              ../../../Middlewares/ST/STemWin/Lib\STemWin_CM7_wc32_ARGB.a(GUI_DrawLib.o) (GL_DrawLineToEx)
../../../Middlewares/ST/STemWin/Lib\STemWin_CM7_wc32_ARGB.a(GUI_FillPolygon.o)
                              ../../../Middlewares/ST/STemWin/Lib\STemWin_CM7_wc32_ARGB.a(GUI_DrawLine.o) (GL_FillPolygon)
../../../Middlewares/ST/STemWin/Lib\STemWin_CM7_wc32_ARGB.a(GUI_MULTIBUF.o)
                              Middlewares/Target/LCDConf_stm32h743i_eval.o (GUI_MULTIBUF_ConfirmEx)
../../../Middlewares/ST/STemWin/Lib\STemWin_CM7_wc32_ARGB.a(GUI_OnKey.o)
                              ../../../Middlewares/ST/STemWin/Lib\STemWin_CM7_wc32_ARGB.a(GUI_Common.o) (GUI_GetKey)
../../../Middlewares/ST/STemWin/Lib\STemWin_CM7_wc32_ARGB.a(GUI_SelectLayer.o)
                              Middlewares/Target/LCDConf_stm32h743i_eval.o (GUI_GetLayerPosEx)
../../../Middlewares/ST/STemWin/Lib\STemWin_CM7_wc32_ARGB.a(GUI_UC.o)
                              ../../../Middlewares/ST/STemWin/Lib\STemWin_CM7_wc32_ARGB.a(GUI_DispString.o) (GUI_UC__GetCharCodeInc)
../../../Middlewares/ST/STemWin/Lib\STemWin_CM7_wc32_ARGB.a(GUI_UC_EncodeNone.o)
                              ../../../Middlewares/ST/STemWin/Lib\STemWin_CM7_wc32_ARGB.a(GUI_Core.o) (GUI_UC_None)
../../../Middlewares/ST/STemWin/Lib\STemWin_CM7_wc32_ARGB.a(GUI_WaitEvent.o)
                              ../../../Middlewares/ST/STemWin/Lib\STemWin_CM7_wc32_ARGB.a(GUI_OnKey.o) (GUI_SignalEvent)
../../../Middlewares/ST/STemWin/Lib\STemWin_CM7_wc32_ARGB.a(GUI__DivTbl.o)
                              ../../../Middlewares/ST/STemWin/Lib\STemWin_CM7_wc32_ARGB.a(GUICC_M565.o) (GUI__aConvert_255_63)
../../../Middlewares/ST/STemWin/Lib\STemWin_CM7_wc32_ARGB.a(GUI__Private.o)
                              ../../../Middlewares/ST/STemWin/Lib\STemWin_CM7_wc32_ARGB.a(GUI_Common.o) (GUI__HandleEOLine)
../../../Middlewares/ST/STemWin/Lib\STemWin_CM7_wc32_ARGB.a(GUI__SinHQ.o)
                              ../../../Middlewares/ST/STemWin/Lib\STemWin_CM7_wc32_ARGB.a(GUI_Common.o) (GUI__SinHQ)
../../../Middlewares/ST/STemWin/Lib\STemWin_CM7_wc32_ARGB.a(GUI__Wrap.o)
                              ../../../Middlewares/ST/STemWin/Lib\STemWin_CM7_wc32_ARGB.a(GUI_DispString.o) (GUI__WrapGetNumCharsDisp)
../../../Middlewares/ST/STemWin/Lib\STemWin_CM7_wc32_ARGB.a(LCD.o)
                              ../../../Middlewares/ST/STemWin/Lib\STemWin_CM7_wc32_ARGB.a(GUI_Common.o) (LCD_SetDrawMode)
../../../Middlewares/ST/STemWin/Lib\STemWin_CM7_wc32_ARGB.a(LCD_Color.o)
                              ../../../Middlewares/ST/STemWin/Lib\STemWin_CM7_wc32_ARGB.a(LCD.o) (LCD_InitColors)
../../../Middlewares/ST/STemWin/Lib\STemWin_CM7_wc32_ARGB.a(LCD_GetColorIndex.o)
                              ../../../Middlewares/ST/STemWin/Lib\STemWin_CM7_wc32_ARGB.a(GUI_Common.o) (LCD_GetBkColorIndex)
../../../Middlewares/ST/STemWin/Lib\STemWin_CM7_wc32_ARGB.a(LCD_GetEx.o)
                              Middlewares/Target/LCDConf_stm32h743i_eval.o (LCD_GetBitsPerPixelEx)
../../../Middlewares/ST/STemWin/Lib\STemWin_CM7_wc32_ARGB.a(LCD_GetNumDisplays.o)
                              ../../../Middlewares/ST/STemWin/Lib\STemWin_CM7_wc32_ARGB.a(LCD_Color.o) (LCD_GetNumLayers)
[...]
Memory Configuration

Name             Origin             Length             Attributes
FLASH            0x0000000008000000 0x0000000000200000 xr
RAM              0x0000000024000000 0x0000000000080000 xrw
ITCMRAM          0x0000000000000000 0x0000000000010000 xrw
*default*        0x0000000000000000 0xffffffffffffffff

Linker script and memory map

LOAD c:/st/stm32cubeide_1.4.0/stm32cubeide/plugins/com.st.stm32cube.ide.mcu.externaltools.gnu-tools-for-stm32.7-2018-q2-update.win32_1.4.0.202007081208/tools/bin/../lib/gcc/arm-none-eabi/7.3.1/thumb/v7e-m/fpv5/hard/crti.o
LOAD c:/st/stm32cubeide_1.4.0/stm32cubeide/plugins/com.st.stm32cube.ide.mcu.externaltools.gnu-tools-for-stm32.7-2018-q2-update.win32_1.4.0.202007081208/tools/bin/../lib/gcc/arm-none-eabi/7.3.1/thumb/v7e-m/fpv5/hard/crtbegin.o
LOAD c:/st/stm32cubeide_1.4.0/stm32cubeide/plugins/com.st.stm32cube.ide.mcu.externaltools.gnu-tools-for-stm32.7-2018-q2-update.win32_1.4.0.202007081208/tools/bin/../lib/gcc/arm-none-eabi/7.3.1/../../../../arm-none-eabi/lib/thumb/v7e-m/fpv5/hard/crt0.o
LOAD Application/SW4STM32/startup_stm32h743xx.o
LOAD Application/User/Core/main.o
LOAD Application/User/Core/stm32h7xx_it.o
LOAD Application/User/STemWin/BASIC_HelloWorld.o
LOAD Drivers/BSP/Components/exc7200.o
LOAD Drivers/BSP/Components/exc7200_reg.o
LOAD Drivers/BSP/Components/is42s32800g.o
LOAD Drivers/BSP/Components/mfxstm32l152.o
LOAD Drivers/BSP/Components/mfxstm32l152_reg.o
LOAD Drivers/BSP/Components/stmpe811.o
LOAD Drivers/BSP/Components/stmpe811_reg.o
LOAD Drivers/BSP/Components/ts3510.o
LOAD Drivers/BSP/Components/ts3510_reg.o
LOAD Drivers/BSP/STM32H743I_EVAL/stm32h743i_eval.o
LOAD Drivers/BSP/STM32H743I_EVAL/stm32h743i_eval_bus.o
LOAD Drivers/BSP/STM32H743I_EVAL/stm32h743i_eval_io.o
LOAD Drivers/BSP/STM32H743I_EVAL/stm32h743i_eval_sdram.o
LOAD Drivers/CMSIS/system_stm32h7xx.o
LOAD Drivers/STM32H7xx_HAL_Driver/stm32h7xx_hal.o
LOAD Drivers/STM32H7xx_HAL_Driver/stm32h7xx_hal_adc.o
LOAD Drivers/STM32H7xx_HAL_Driver/stm32h7xx_hal_adc_ex.o
LOAD Drivers/STM32H7xx_HAL_Driver/stm32h7xx_hal_cortex.o
LOAD Drivers/STM32H7xx_HAL_Driver/stm32h7xx_hal_dma.o
LOAD Drivers/STM32H7xx_HAL_Driver/stm32h7xx_hal_dma2d.o
LOAD Drivers/STM32H7xx_HAL_Driver/stm32h7xx_hal_dma_ex.o
LOAD Drivers/STM32H7xx_HAL_Driver/stm32h7xx_hal_exti.o
LOAD Drivers/STM32H7xx_HAL_Driver/stm32h7xx_hal_flash.o
LOAD Drivers/STM32H7xx_HAL_Driver/stm32h7xx_hal_flash_ex.o
LOAD Drivers/STM32H7xx_HAL_Driver/stm32h7xx_hal_gpio.o
LOAD Drivers/STM32H7xx_HAL_Driver/stm32h7xx_hal_i2c.o
LOAD Drivers/STM32H7xx_HAL_Driver/stm32h7xx_hal_i2c_ex.o
LOAD Drivers/STM32H7xx_HAL_Driver/stm32h7xx_hal_ltdc.o
LOAD Drivers/STM32H7xx_HAL_Driver/stm32h7xx_hal_mdma.o
LOAD Drivers/STM32H7xx_HAL_Driver/stm32h7xx_hal_pwr.o
LOAD Drivers/STM32H7xx_HAL_Driver/stm32h7xx_hal_pwr_ex.o
LOAD Drivers/STM32H7xx_HAL_Driver/stm32h7xx_hal_rcc.o
LOAD Drivers/STM32H7xx_HAL_Driver/stm32h7xx_hal_rcc_ex.o
LOAD Drivers/STM32H7xx_HAL_Driver/stm32h7xx_hal_sdram.o
LOAD Drivers/STM32H7xx_HAL_Driver/stm32h7xx_hal_uart.o
LOAD Drivers/STM32H7xx_HAL_Driver/stm32h7xx_hal_uart_ex.o
LOAD Drivers/STM32H7xx_HAL_Driver/stm32h7xx_ll_fmc.o
LOAD File Personali/funzioni_personali_disegno.o
LOAD Middlewares/OS/GUI_X.o
LOAD Middlewares/Target/GUIConf_stm32h743i_eval.o
LOAD Middlewares/Target/LCDConf_stm32h743i_eval.o
LOAD ../../../Middlewares/ST/STemWin/Lib\STemWin_CM7_wc32_ARGB.a
START GROUP
LOAD c:/st/stm32cubeide_1.4.0/stm32cubeide/plugins/com.st.stm32cube.ide.mcu.externaltools.gnu-tools-for-stm32.7-2018-q2-update.win32_1.4.0.202007081208/tools/bin/../lib/gcc/arm-none-eabi/7.3.1/../../../../arm-none-eabi/lib/thumb/v7e-m/fpv5/hard\libc_nano.a
LOAD c:/st/stm32cubeide_1.4.0/stm32cubeide/plugins/com.st.stm32cube.ide.mcu.externaltools.gnu-tools-for-stm32.7-2018-q2-update.win32_1.4.0.202007081208/tools/bin/../lib/gcc/arm-none-eabi/7.3.1/../../../../arm-none-eabi/lib/thumb/v7e-m/fpv5/hard\libm.a
END GROUP
START GROUP
LOAD c:/st/stm32cubeide_1.4.0/stm32cubeide/plugins/com.st.stm32cube.ide.mcu.externaltools.gnu-tools-for-stm32.7-2018-q2-update.win32_1.4.0.202007081208/tools/bin/../lib/gcc/arm-none-eabi/7.3.1/thumb/v7e-m/fpv5/hard\libgcc.a
LOAD c:/st/stm32cubeide_1.4.0/stm32cubeide/plugins/com.st.stm32cube.ide.mcu.externaltools.gnu-tools-for-stm32.7-2018-q2-update.win32_1.4.0.202007081208/tools/bin/../lib/gcc/arm-none-eabi/7.3.1/../../../../arm-none-eabi/lib/thumb/v7e-m/fpv5/hard\libc_nano.a
END GROUP
START GROUP
LOAD c:/st/stm32cubeide_1.4.0/stm32cubeide/plugins/com.st.stm32cube.ide.mcu.externaltools.gnu-tools-for-stm32.7-2018-q2-update.win32_1.4.0.202007081208/tools/bin/../lib/gcc/arm-none-eabi/7.3.1/thumb/v7e-m/fpv5/hard\libgcc.a
LOAD c:/st/stm32cubeide_1.4.0/stm32cubeide/plugins/com.st.stm32cube.ide.mcu.externaltools.gnu-tools-for-stm32.7-2018-q2-update.win32_1.4.0.202007081208/tools/bin/../lib/gcc/arm-none-eabi/7.3.1/../../../../arm-none-eabi/lib/thumb/v7e-m/fpv5/hard\libc_nano.a
LOAD c:/st/stm32cubeide_1.4.0/stm32cubeide/plugins/com.st.stm32cube.ide.mcu.externaltools.gnu-tools-for-stm32.7-2018-q2-update.win32_1.4.0.202007081208/tools/bin/../lib/gcc/arm-none-eabi/7.3.1/../../../../arm-none-eabi/lib/thumb/v7e-m/fpv5/hard\libnosys.a
END GROUP
START GROUP
LOAD c:/st/stm32cubeide_1.4.0/stm32cubeide/plugins/com.st.stm32cube.ide.mcu.externaltools.gnu-tools-for-stm32.7-2018-q2-update.win32_1.4.0.202007081208/tools/bin/../lib/gcc/arm-none-eabi/7.3.1/thumb/v7e-m/fpv5/hard\libgcc.a
LOAD c:/st/stm32cubeide_1.4.0/stm32cubeide/plugins/com.st.stm32cube.ide.mcu.externaltools.gnu-tools-for-stm32.7-2018-q2-update.win32_1.4.0.202007081208/tools/bin/../lib/gcc/arm-none-eabi/7.3.1/../../../../arm-none-eabi/lib/thumb/v7e-m/fpv5/hard\libc_nano.a
LOAD c:/st/stm32cubeide_1.4.0/stm32cubeide/plugins/com.st.stm32cube.ide.mcu.externaltools.gnu-tools-for-stm32.7-2018-q2-update.win32_1.4.0.202007081208/tools/bin/../lib/gcc/arm-none-eabi/7.3.1/../../../../arm-none-eabi/lib/thumb/v7e-m/fpv5/hard\libnosys.a
END GROUP
LOAD c:/st/stm32cubeide_1.4.0/stm32cubeide/plugins/com.st.stm32cube.ide.mcu.externaltools.gnu-tools-for-stm32.7-2018-q2-update.win32_1.4.0.202007081208/tools/bin/../lib/gcc/arm-none-eabi/7.3.1/thumb/v7e-m/fpv5/hard/crtend.o
LOAD c:/st/stm32cubeide_1.4.0/stm32cubeide/plugins/com.st.stm32cube.ide.mcu.externaltools.gnu-tools-for-stm32.7-2018-q2-update.win32_1.4.0.202007081208/tools/bin/../lib/gcc/arm-none-eabi/7.3.1/thumb/v7e-m/fpv5/hard/crtn.o
                0x0000000024080000                _estack = 0x24080000
                0x0000000000002200                _Min_Heap_Size = 0x2200
                0x0000000000004000                _Min_Stack_Size = 0x4000

.isr_vector     0x0000000008000000      0x298
                0x0000000008000000                . = ALIGN (0x4)
 *(.isr_vector)
 .isr_vector    0x0000000008000000      0x298 Application/SW4STM32/startup_stm32h743xx.o
                0x0000000008000000                g_pfnVectors
                0x0000000008000298                . = ALIGN (0x4)

.text           0x0000000008000298     0x7dac
                0x0000000008000298                . = ALIGN (0x4)
 *(.text)
 .text          0x0000000008000298       0x40 c:/st/stm32cubeide_1.4.0/stm32cubeide/plugins/com.st.stm32cube.ide.mcu.externaltools.gnu-tools-for-stm32.7-2018-q2-update.win32_1.4.0.202007081208/tools/bin/../lib/gcc/arm-none-eabi/7.3.1/thumb/v7e-m/fpv5/hard/crtbegin.o
 *(.text*)
 .text.Reset_Handler
                0x00000000080002d8       0x50 Application/SW4STM32/startup_stm32h743xx.o
                0x00000000080002d8                Reset_Handler
 .text.Default_Handler
                0x0000000008000328        0x2 Application/SW4STM32/startup_stm32h743xx.o
                0x0000000008000328                RTC_Alarm_IRQHandler
                0x0000000008000328                EXTI2_IRQHandler
                0x0000000008000328                TIM8_CC_IRQHandler
                0x0000000008000328                HRTIM1_Master_IRQHandler
                0x0000000008000328                UART8_IRQHandler
                0x0000000008000328                SPI4_IRQHandler
                0x0000000008000328                TIM1_CC_IRQHandler
                0x0000000008000328                BDMA_Channel6_IRQHandler
                0x0000000008000328                DMA2_Stream5_IRQHandler
                0x0000000008000328                HRTIM1_FLT_IRQHandler
                0x0000000008000328                JPEG_IRQHandler
                0x0000000008000328                DMA1_Stream5_IRQHandler
                0x0000000008000328                BDMA_Channel1_IRQHandler
                0x0000000008000328                HRTIM1_TIMD_IRQHandler
                0x0000000008000328                TAMP_STAMP_IRQHandler
                0x0000000008000328                PendSV_Handler
                0x0000000008000328                EXTI3_IRQHandler
                0x0000000008000328                LPTIM4_IRQHandler
                0x0000000008000328                TIM8_TRG_COM_TIM14_IRQHandler
                0x0000000008000328                LPTIM2_IRQHandler
                0x0000000008000328                DFSDM1_FLT1_IRQHandler
                0x0000000008000328                DMAMUX2_OVR_IRQHandler
                0x0000000008000328                TIM8_UP_TIM13_IRQHandler
                0x0000000008000328                I2C3_ER_IRQHandler
                0x0000000008000328                DFSDM1_FLT2_IRQHandler
                0x0000000008000328                MDMA_IRQHandler
                0x0000000008000328                LPTIM3_IRQHandler
                0x0000000008000328                HSEM1_IRQHandler
                0x0000000008000328                EXTI0_IRQHandler
                0x0000000008000328                I2C2_EV_IRQHandler
                0x0000000008000328                DMA1_Stream2_IRQHandler
                0x0000000008000328                FPU_IRQHandler
                0x0000000008000328                OTG_HS_WKUP_IRQHandler
                0x0000000008000328                FDCAN1_IT1_IRQHandler
                0x0000000008000328                LTDC_ER_IRQHandler
                0x0000000008000328                DMA2_Stream2_IRQHandler
                0x0000000008000328                HRTIM1_TIME_IRQHandler
                0x0000000008000328                SPI1_IRQHandler
                0x0000000008000328                TIM6_DAC_IRQHandler
                0x0000000008000328                DCMI_IRQHandler
                0x0000000008000328                HRTIM1_TIMC_IRQHandler
                0x0000000008000328                DMA2_Stream3_IRQHandler
                0x0000000008000328                SAI2_IRQHandler
                0x0000000008000328                DFSDM1_FLT3_IRQHandler
                0x0000000008000328                USART6_IRQHandler
                0x0000000008000328                TIM17_IRQHandler
                0x0000000008000328                USART3_IRQHandler
                0x0000000008000328                BDMA_Channel7_IRQHandler
                0x0000000008000328                LPTIM5_IRQHandler
                0x0000000008000328                UART5_IRQHandler
                0x0000000008000328                ADC3_IRQHandler
                0x0000000008000328                DMA2_Stream0_IRQHandler
                0x0000000008000328                TIM4_IRQHandler
                0x0000000008000328                BDMA_Channel2_IRQHandler
                0x0000000008000328                QUADSPI_IRQHandler
                0x0000000008000328                I2C1_EV_IRQHandler
                0x0000000008000328                DMA1_Stream6_IRQHandler
                0x0000000008000328                DMAMUX1_OVR_IRQHandler
                0x0000000008000328                DMA1_Stream1_IRQHandler
                0x0000000008000328                TIM16_IRQHandler
                0x0000000008000328                UART4_IRQHandler
                0x0000000008000328                BDMA_Channel5_IRQHandler
                0x0000000008000328                TIM3_IRQHandler
                0x0000000008000328                RCC_IRQHandler
                0x0000000008000328                TIM8_BRK_TIM12_IRQHandler
                0x0000000008000328                TIM1_TRG_COM_IRQHandler
                0x0000000008000328                Default_Handler
                0x0000000008000328                ECC_IRQHandler
                0x0000000008000328                CEC_IRQHandler
                0x0000000008000328                EXTI15_10_IRQHandler
                0x0000000008000328                BDMA_Channel0_IRQHandler
                0x0000000008000328                ADC_IRQHandler
                0x0000000008000328                DMA1_Stream7_IRQHandler
                0x0000000008000328                HRTIM1_TIMA_IRQHandler
                0x0000000008000328                SPI5_IRQHandler
                0x0000000008000328                TIM7_IRQHandler
                0x0000000008000328                SDMMC1_IRQHandler
                0x0000000008000328                TIM5_IRQHandler
                0x0000000008000328                DMA2_Stream7_IRQHandler
                0x0000000008000328                TIM15_IRQHandler
                0x0000000008000328                PVD_AVD_IRQHandler
                0x0000000008000328                I2C3_EV_IRQHandler
                0x0000000008000328                EXTI9_5_IRQHandler
                0x0000000008000328                RTC_WKUP_IRQHandler
                0x0000000008000328                SAI3_IRQHandler
                0x0000000008000328                ETH_WKUP_IRQHandler
                0x0000000008000328                SPDIF_RX_IRQHandler
                0x0000000008000328                SPI2_IRQHandler
                0x0000000008000328                OTG_HS_EP1_IN_IRQHandler
                0x0000000008000328                DMA1_Stream0_IRQHandler
                0x0000000008000328                SVC_Handler
                0x0000000008000328                CRS_IRQHandler
                0x0000000008000328                EXTI4_IRQHandler
                0x0000000008000328                RNG_IRQHandler
                0x0000000008000328                HRTIM1_TIMB_IRQHandler
                0x0000000008000328                FDCAN2_IT1_IRQHandler
                0x0000000008000328                ETH_IRQHandler
                0x0000000008000328                TIM1_UP_IRQHandler
                0x0000000008000328                BDMA_Channel4_IRQHandler
                0x0000000008000328                OTG_HS_EP1_OUT_IRQHandler
                0x0000000008000328                WWDG_IRQHandler
                0x0000000008000328                SPI6_IRQHandler
                0x0000000008000328                MDIOS_IRQHandler
                0x0000000008000328                I2C4_EV_IRQHandler
                0x0000000008000328                FDCAN2_IT0_IRQHandler
                0x0000000008000328                LPUART1_IRQHandler
                0x0000000008000328                FDCAN1_IT0_IRQHandler
                0x0000000008000328                TIM2_IRQHandler
                0x0000000008000328                OTG_FS_WKUP_IRQHandler
                0x0000000008000328                OTG_HS_IRQHandler
                0x0000000008000328                DMA2D_IRQHandler
                0x0000000008000328                TIM1_BRK_IRQHandler
                0x0000000008000328                EXTI1_IRQHandler
                0x0000000008000328                SDMMC2_IRQHandler
                0x0000000008000328                OTG_FS_EP1_OUT_IRQHandler
                0x0000000008000328                BDMA_Channel3_IRQHandler
                0x0000000008000328                UART7_IRQHandler
                0x0000000008000328                MDIOS_WKUP_IRQHandler
                0x0000000008000328                USART2_IRQHandler
                0x0000000008000328                DFSDM1_FLT0_IRQHandler
                0x0000000008000328                SAI4_IRQHandler
                0x0000000008000328                I2C2_ER_IRQHandler
                0x0000000008000328                DMA2_Stream1_IRQHandler
                0x0000000008000328                FLASH_IRQHandler
                0x0000000008000328                DMA2_Stream4_IRQHandler
                0x0000000008000328                USART1_IRQHandler
                0x0000000008000328                OTG_FS_IRQHandler
                0x0000000008000328                SPI3_IRQHandler
                0x0000000008000328                WAKEUP_PIN_IRQHandler
                0x0000000008000328                DMA1_Stream4_IRQHandler
                0x0000000008000328                OTG_FS_EP1_IN_IRQHandler
                0x0000000008000328                I2C1_ER_IRQHandler
                0x0000000008000328                FMC_IRQHandler
                0x0000000008000328                FDCAN_CAL_IRQHandler
                0x0000000008000328                SWPMI1_IRQHandler
                0x0000000008000328                COMP1_IRQHandler
                0x0000000008000328                LPTIM1_IRQHandler
                0x0000000008000328                I2C4_ER_IRQHandler
                0x0000000008000328                DMA2_Stream6_IRQHandler
                0x0000000008000328                SAI1_IRQHandler
                0x0000000008000328                DMA1_Stream3_IRQHandler
 *fill*         0x000000000800032a        0x6 
 .text.startup.main
                0x0000000008000330      0x250 Application/User/Core/main.o
                0x0000000008000330                main
 .text.NMI_Handler
                0x0000000008000580        0x2 Application/User/Core/stm32h7xx_it.o
                0x0000000008000580                NMI_Handler
 .text.HardFault_Handler
                0x0000000008000582        0x2 Application/User/Core/stm32h7xx_it.o
                0x0000000008000582                HardFault_Handler
 .text.MemManage_Handler
                0x0000000008000584        0x2 Application/User/Core/stm32h7xx_it.o
                0x0000000008000584                MemManage_Handler
 .text.BusFault_Handler
                0x0000000008000586        0x2 Application/User/Core/stm32h7xx_it.o
                0x0000000008000586                BusFault_Handler
 .text.UsageFault_Handler
                0x0000000008000588        0x2 Application/User/Core/stm32h7xx_it.o
                0x0000000008000588                UsageFault_Handler
 .text.DebugMon_Handler
                0x000000000800058a        0x2 Application/User/Core/stm32h7xx_it.o
                0x000000000800058a                DebugMon_Handler
 .text.SysTick_Handler
                0x000000000800058c       0x14 Application/User/Core/stm32h7xx_it.o
                0x000000000800058c                SysTick_Handler
 .text.LTDC_IRQHandler
                0x00000000080005a0        0xc Application/User/Core/stm32h7xx_it.o
                0x00000000080005a0                LTDC_IRQHandler
 .text.IS42S32800G_ClockEnable
                0x00000000080005ac       0x28 Drivers/BSP/Components/is42s32800g.o
                0x00000000080005ac                IS42S32800G_ClockEnable
 .text.IS42S32800G_Precharge
                0x00000000080005d4       0x2c Drivers/BSP/Components/is42s32800g.o
                0x00000000080005d4                IS42S32800G_Precharge
 .text.IS42S32800G_ModeRegConfig
                0x0000000008000600       0x3c Drivers/BSP/Components/is42s32800g.o
                0x0000000008000600                IS42S32800G_ModeRegConfig
 .text.IS42S32800G_RefreshMode
                0x000000000800063c       0x28 Drivers/BSP/Components/is42s32800g.o
                0x000000000800063c                IS42S32800G_RefreshMode
 .text.IS42S32800G_RefreshRate
                0x0000000008000664       0x10 Drivers/BSP/Components/is42s32800g.o
                0x0000000008000664                IS42S32800G_RefreshRate
 .text.IS42S32800G_Init
                0x0000000008000674       0x5a Drivers/BSP/Components/is42s32800g.o
                0x0000000008000674                IS42S32800G_Init
 *fill*         0x00000000080006ce        0x2 
 .text.MX_SDRAM_BANK2_Init
                0x00000000080006d0       0x58 Drivers/BSP/STM32H743I_EVAL/stm32h743i_eval_sdram.o
                0x00000000080006d0                MX_SDRAM_BANK2_Init
 .text.BSP_SDRAM_Init
                0x0000000008000728      0x214 Drivers/BSP/STM32H743I_EVAL/stm32h743i_eval_sdram.o
                0x0000000008000728                BSP_SDRAM_Init
 .text.SystemInit
                0x000000000800093c       0x84 Drivers/CMSIS/system_stm32h7xx.o
                0x000000000800093c                SystemInit
 .text.HAL_MspInit
                0x00000000080009c0        0x2 Drivers/STM32H7xx_HAL_Driver/stm32h7xx_hal.o
                0x00000000080009c0                HAL_MspInit
 *fill*         0x00000000080009c2        0x2 
 .text.HAL_InitTick
                0x00000000080009c4       0x48 Drivers/STM32H7xx_HAL_Driver/stm32h7xx_hal.o
                0x00000000080009c4                HAL_InitTick
 .text.HAL_Init
                0x0000000008000a0c       0x5c Drivers/STM32H7xx_HAL_Driver/stm32h7xx_hal.o
                0x0000000008000a0c                HAL_Init
 .text.HAL_IncTick
                0x0000000008000a68       0x18 Drivers/STM32H7xx_HAL_Driver/stm32h7xx_hal.o
                0x0000000008000a68                HAL_IncTick
 .text.HAL_GetTick
                0x0000000008000a80        0xc Drivers/STM32H7xx_HAL_Driver/stm32h7xx_hal.o
                0x0000000008000a80                HAL_GetTick
 .text.HAL_GetREVID
                0x0000000008000a8c        0xc Drivers/STM32H7xx_HAL_Driver/stm32h7xx_hal.o
                0x0000000008000a8c                HAL_GetREVID
 .text.HAL_EnableCompensationCell
                0x0000000008000a98       0x10 Drivers/STM32H7xx_HAL_Driver/stm32h7xx_hal.o
                0x0000000008000a98                HAL_EnableCompensationCell
 .text.HAL_NVIC_SetPriorityGrouping
                0x0000000008000aa8       0x24 Drivers/STM32H7xx_HAL_Driver/stm32h7xx_hal_cortex.o
                0x0000000008000aa8                HAL_NVIC_SetPriorityGrouping
 .text.HAL_NVIC_SetPriority
                0x0000000008000acc       0x64 Drivers/STM32H7xx_HAL_Driver/stm32h7xx_hal_cortex.o
                0x0000000008000acc                HAL_NVIC_SetPriority
 .text.HAL_NVIC_EnableIRQ
                0x0000000008000b30       0x1c Drivers/STM32H7xx_HAL_Driver/stm32h7xx_hal_cortex.o
                0x0000000008000b30                HAL_NVIC_EnableIRQ
 .text.HAL_SYSTICK_Config
                0x0000000008000b4c       0x2c Drivers/STM32H7xx_HAL_Driver/stm32h7xx_hal_cortex.o
                0x0000000008000b4c                HAL_SYSTICK_Config
 .text.HAL_MPU_Disable
                0x0000000008000b78       0x20 Drivers/STM32H7xx_HAL_Driver/stm32h7xx_hal_cortex.o
                0x0000000008000b78                HAL_MPU_Disable
 .text.HAL_MPU_Enable
                0x0000000008000b98       0x24 Drivers/STM32H7xx_HAL_Driver/stm32h7xx_hal_cortex.o
                0x0000000008000b98                HAL_MPU_Enable
 .text.HAL_MPU_ConfigRegion
                0x0000000008000bbc       0x50 Drivers/STM32H7xx_HAL_Driver/stm32h7xx_hal_cortex.o
                0x0000000008000bbc                HAL_MPU_ConfigRegion
 .text.HAL_DMA2D_Init
                0x0000000008000c0c       0x7a Drivers/STM32H7xx_HAL_Driver/stm32h7xx_hal_dma2d.o
                0x0000000008000c0c                HAL_DMA2D_Init
 *fill*         0x0000000008000c86        0x2 
 .text.HAL_GPIO_Init
                0x0000000008000c88      0x1d4 Drivers/STM32H7xx_HAL_Driver/stm32h7xx_hal_gpio.o
                0x0000000008000c88                HAL_GPIO_Init
 .text.LTDC_SetConfig
                0x0000000008000e5c      0x10c Drivers/STM32H7xx_HAL_Driver/stm32h7xx_hal_ltdc.o
 .text.HAL_LTDC_Init
                0x0000000008000f68       0xd8 Drivers/STM32H7xx_HAL_Driver/stm32h7xx_hal_ltdc.o
                0x0000000008000f68                HAL_LTDC_Init
 .text.HAL_LTDC_DeInit
                0x0000000008001040       0x18 Drivers/STM32H7xx_HAL_Driver/stm32h7xx_hal_ltdc.o
                0x0000000008001040                HAL_LTDC_DeInit
 .text.HAL_LTDC_ErrorCallback
                0x0000000008001058        0x2 Drivers/STM32H7xx_HAL_Driver/stm32h7xx_hal_ltdc.o
                0x0000000008001058                HAL_LTDC_ErrorCallback
 .text.HAL_LTDC_ReloadEventCallback
                0x000000000800105a        0x2 Drivers/STM32H7xx_HAL_Driver/stm32h7xx_hal_ltdc.o
                0x000000000800105a                HAL_LTDC_ReloadEventCallback
 .text.HAL_LTDC_IRQHandler
                0x000000000800105c       0xba Drivers/STM32H7xx_HAL_Driver/stm32h7xx_hal_ltdc.o
                0x000000000800105c                HAL_LTDC_IRQHandler
 .text.HAL_LTDC_ConfigLayer
                0x0000000008001116       0x52 Drivers/STM32H7xx_HAL_Driver/stm32h7xx_hal_ltdc.o
                0x0000000008001116                HAL_LTDC_ConfigLayer
 .text.HAL_LTDC_ConfigColorKeying
                0x0000000008001168       0x3a Drivers/STM32H7xx_HAL_Driver/stm32h7xx_hal_ltdc.o
                0x0000000008001168                HAL_LTDC_ConfigColorKeying
 .text.HAL_LTDC_ConfigCLUT
                0x00000000080011a2       0x7e Drivers/STM32H7xx_HAL_Driver/stm32h7xx_hal_ltdc.o
                0x00000000080011a2                HAL_LTDC_ConfigCLUT
 .text.HAL_LTDC_EnableColorKeying
                0x0000000008001220       0x30 Drivers/STM32H7xx_HAL_Driver/stm32h7xx_hal_ltdc.o
                0x0000000008001220                HAL_LTDC_EnableColorKeying
 .text.HAL_LTDC_DisableColorKeying
                0x0000000008001250       0x30 Drivers/STM32H7xx_HAL_Driver/stm32h7xx_hal_ltdc.o
                0x0000000008001250                HAL_LTDC_DisableColorKeying
 .text.HAL_LTDC_EnableCLUT
                0x0000000008001280       0x30 Drivers/STM32H7xx_HAL_Driver/stm32h7xx_hal_ltdc.o
                0x0000000008001280                HAL_LTDC_EnableCLUT
 .text.HAL_LTDC_EnableDither
                0x00000000080012b0       0x30 Drivers/STM32H7xx_HAL_Driver/stm32h7xx_hal_ltdc.o
                0x00000000080012b0                HAL_LTDC_EnableDither
 .text.HAL_LTDC_SetWindowPosition
                0x00000000080012e0       0x52 Drivers/STM32H7xx_HAL_Driver/stm32h7xx_hal_ltdc.o
                0x00000000080012e0                HAL_LTDC_SetWindowPosition
 .text.HAL_LTDC_SetAlpha
                0x0000000008001332       0x40 Drivers/STM32H7xx_HAL_Driver/stm32h7xx_hal_ltdc.o
                0x0000000008001332                HAL_LTDC_SetAlpha
 .text.HAL_LTDC_SetAddress
                0x0000000008001372       0x40 Drivers/STM32H7xx_HAL_Driver/stm32h7xx_hal_ltdc.o
                0x0000000008001372                HAL_LTDC_SetAddress
 *fill*         0x00000000080013b2        0x2 
 .text.HAL_LTDC_ProgramLineEvent
                0x00000000080013b4       0x3c Drivers/STM32H7xx_HAL_Driver/stm32h7xx_hal_ltdc.o
                0x00000000080013b4                HAL_LTDC_ProgramLineEvent
 .text.HAL_MDMA_Init
                0x00000000080013f0       0xde Drivers/STM32H7xx_HAL_Driver/stm32h7xx_hal_mdma.o
                0x00000000080013f0                HAL_MDMA_Init
 .text.HAL_MDMA_DeInit
                0x00000000080014ce       0x3e Drivers/STM32H7xx_HAL_Driver/stm32h7xx_hal_mdma.o
                0x00000000080014ce                HAL_MDMA_DeInit
 .text.HAL_PWREx_ConfigSupply
                0x000000000800150c       0x48 Drivers/STM32H7xx_HAL_Driver/stm32h7xx_hal_pwr_ex.o
                0x000000000800150c                HAL_PWREx_ConfigSupply
 .text.HAL_RCC_OscConfig
                0x0000000008001554      0x530 Drivers/STM32H7xx_HAL_Driver/stm32h7xx_hal_rcc.o
                0x0000000008001554                HAL_RCC_OscConfig
 .text.HAL_RCC_GetSysClockFreq
                0x0000000008001a84      0x138 Drivers/STM32H7xx_HAL_Driver/stm32h7xx_hal_rcc.o
                0x0000000008001a84                HAL_RCC_GetSysClockFreq
 .text.HAL_RCC_ClockConfig
                0x0000000008001bbc      0x24c Drivers/STM32H7xx_HAL_Driver/stm32h7xx_hal_rcc.o
                0x0000000008001bbc                HAL_RCC_ClockConfig
 .text.RCCEx_PLL2_Config
                0x0000000008001e08       0xf0 Drivers/STM32H7xx_HAL_Driver/stm32h7xx_hal_rcc_ex.o
 .text.RCCEx_PLL3_Config
                0x0000000008001ef8       0xf0 Drivers/STM32H7xx_HAL_Driver/stm32h7xx_hal_rcc_ex.o
 .text.HAL_RCCEx_PeriphCLKConfig
                0x0000000008001fe8      0x8bc Drivers/STM32H7xx_HAL_Driver/stm32h7xx_hal_rcc_ex.o
                0x0000000008001fe8                HAL_RCCEx_PeriphCLKConfig
 .text.HAL_SDRAM_MspInit
                0x00000000080028a4        0x2 Drivers/STM32H7xx_HAL_Driver/stm32h7xx_hal_sdram.o
                0x00000000080028a4                HAL_SDRAM_MspInit
 *fill*         0x00000000080028a6        0x2 
 .text.HAL_SDRAM_Init
                0x00000000080028a8       0x50 Drivers/STM32H7xx_HAL_Driver/stm32h7xx_hal_sdram.o
                0x00000000080028a8                HAL_SDRAM_Init
 .text.HAL_SDRAM_SendCommand
                0x00000000080028f8       0x3e Drivers/STM32H7xx_HAL_Driver/stm32h7xx_hal_sdram.o
                0x00000000080028f8                HAL_SDRAM_SendCommand
 .text.HAL_SDRAM_ProgramRefreshRate
                0x0000000008002936       0x30 Drivers/STM32H7xx_HAL_Driver/stm32h7xx_hal_sdram.o
                0x0000000008002936                HAL_SDRAM_ProgramRefreshRate
 .text.FMC_SDRAM_Init
                0x0000000008002966       0x76 Drivers/STM32H7xx_HAL_Driver/stm32h7xx_ll_fmc.o
                0x0000000008002966                FMC_SDRAM_Init
 .text.FMC_SDRAM_Timing_Init
                0x00000000080029dc       0x6c Drivers/STM32H7xx_HAL_Driver/stm32h7xx_ll_fmc.o
                0x00000000080029dc                FMC_SDRAM_Timing_Init
 .text.FMC_SDRAM_SendCommand
                0x0000000008002a48       0x20 Drivers/STM32H7xx_HAL_Driver/stm32h7xx_ll_fmc.o
                0x0000000008002a48                FMC_SDRAM_SendCommand
 .text.FMC_SDRAM_ProgramRefreshRate
                0x0000000008002a68       0x14 Drivers/STM32H7xx_HAL_Driver/stm32h7xx_ll_fmc.o
                0x0000000008002a68                FMC_SDRAM_ProgramRefreshRate
 .text.disegna_cerchio_centrale
                0x0000000008002a7c       0x32 File Personali/funzioni_personali_disegno.o
                0x0000000008002a7c                disegna_cerchio_centrale
 .text.disegna_frame_barra_laterale
                0x0000000008002aae       0x3e File Personali/funzioni_personali_disegno.o
                0x0000000008002aae                disegna_frame_barra_laterale
 .text.GUI_X_Init
                0x0000000008002aec        0x2 Middlewares/OS/GUI_X.o
                0x0000000008002aec                GUI_X_Init
 *fill*         0x0000000008002aee        0x2 
 .text.GUI_X_Config
                0x0000000008002af0       0x10 Middlewares/Target/GUIConf_stm32h743i_eval.o
                0x0000000008002af0                GUI_X_Config
 .text.DMA2D_CopyBuffer
                0x0000000008002b00       0x40 Middlewares/Target/LCDConf_stm32h743i_eval.o
 .text.CUSTOM_CopyRect
                0x0000000008002b40       0x44 Middlewares/Target/LCDConf_stm32h743i_eval.o
 .text.CUSTOM_FillRect
                0x0000000008002b84       0xbc Middlewares/Target/LCDConf_stm32h743i_eval.o
 .text.CUSTOM_CopyBuffer
                0x0000000008002c40       0x40 Middlewares/Target/LCDConf_stm32h743i_eval.o
 .text.HAL_DMA2D_MspInit
                0x0000000008002c80       0x24 Middlewares/Target/LCDConf_stm32h743i_eval.o
                0x0000000008002c80                HAL_DMA2D_MspInit
 .text.HAL_LTDC_MspInit
                0x0000000008002ca4       0xe8 Middlewares/Target/LCDConf_stm32h743i_eval.o
                0x0000000008002ca4                HAL_LTDC_MspInit
 .text.HAL_LTDC_MspDeInit
                0x0000000008002d8c       0x20 Middlewares/Target/LCDConf_stm32h743i_eval.o
                0x0000000008002d8c                HAL_LTDC_MspDeInit
 .text.HAL_LTDC_LineEventCallback
                0x0000000008002dac       0x4c Middlewares/Target/LCDConf_stm32h743i_eval.o
                0x0000000008002dac                HAL_LTDC_LineEventCallback
 .text.LCD_X_Config
                0x0000000008002df8      0x15c Middlewares/Target/LCDConf_stm32h743i_eval.o
                0x0000000008002df8                LCD_X_Config
 .text.LCD_X_DisplayDriver
                0x0000000008002f54      0x174 Middlewares/Target/LCDConf_stm32h743i_eval.o
                0x0000000008002f54                LCD_X_DisplayDriver
 .text.LCD_Index2Color_M565
                0x00000000080030c8       0x2c ../../../Middlewares/ST/STemWin/Lib\STemWin_CM7_wc32_ARGB.a(GUICC_M565.o)
                0x00000000080030c8                LCD_Index2Color_M565
 .text._Color2Index_M565
                0x00000000080030f4       0x28 ../../../Middlewares/ST/STemWin/Lib\STemWin_CM7_wc32_ARGB.a(GUICC_M565.o)
 .text._GetIndexMask_M565
                0x000000000800311c        0x6 ../../../Middlewares/ST/STemWin/Lib\STemWin_CM7_wc32_ARGB.a(GUICC_M565.o)
 *fill*         0x0000000008003122        0x2 
 .text._Color2IndexBulk
                0x0000000008003124       0x5c ../../../Middlewares/ST/STemWin/Lib\STemWin_CM7_wc32_ARGB.a(GUICC_M565.o)
 .text._Index2ColorBulk
                0x0000000008003180       0x68 ../../../Middlewares/ST/STemWin/Lib\STemWin_CM7_wc32_ARGB.a(GUICC_M565.o)
 .text._PushFreeBlock
                0x00000000080031e8       0x24 ../../../Middlewares/ST/STemWin/Lib\STemWin_CM7_wc32_ARGB.a(GUI_Alloc.o)
 .text._RemoveFreeBlock
                0x000000000800320c       0x40 ../../../Middlewares/ST/STemWin/Lib\STemWin_CM7_wc32_ARGB.a(GUI_Alloc.o)
 .text._AddFreeMemory
                0x000000000800324c       0xa4 ../../../Middlewares/ST/STemWin/Lib\STemWin_CM7_wc32_ARGB.a(GUI_Alloc.o)
 .text._RemoveHoles
                0x00000000080032f0       0x98 ../../../Middlewares/ST/STemWin/Lib\STemWin_CM7_wc32_ARGB.a(GUI_Alloc.o)
 .text.GUI_ALLOC_FreeFixedBlock
                0x0000000008003388       0x14 ../../../Middlewares/ST/STemWin/Lib\STemWin_CM7_wc32_ARGB.a(GUI_Alloc.o)
                0x0000000008003388                GUI_ALLOC_FreeFixedBlock
 .text.GUI_ALLOC_h2p
                0x000000000800339c       0x14 ../../../Middlewares/ST/STemWin/Lib\STemWin_CM7_wc32_ARGB.a(GUI_Alloc.o)
                0x000000000800339c                GUI_ALLOC_h2p
 .text.GUI_ALLOC_LockH
                0x00000000080033b0       0x1c ../../../Middlewares/ST/STemWin/Lib\STemWin_CM7_wc32_ARGB.a(GUI_Alloc.o)
                0x00000000080033b0                GUI_ALLOC_LockH
 .text.GUI_ALLOC_UnlockH
                0x00000000080033cc       0x30 ../../../Middlewares/ST/STemWin/Lib\STemWin_CM7_wc32_ARGB.a(GUI_Alloc.o)
                0x00000000080033cc                GUI_ALLOC_UnlockH
 .text.GUI_ALLOC_AssignMemory
                0x00000000080033fc       0x10 ../../../Middlewares/ST/STemWin/Lib\STemWin_CM7_wc32_ARGB.a(GUI_Alloc.o)
                0x00000000080033fc                GUI_ALLOC_AssignMemory
 .text.GUI_ALLOC_Free
                0x000000000800340c       0x28 ../../../Middlewares/ST/STemWin/Lib\STemWin_CM7_wc32_ARGB.a(GUI_Alloc.o)
                0x000000000800340c                GUI_ALLOC_Free
 .text._EnlargeBlocks
                0x0000000008003434       0x9c ../../../Middlewares/ST/STemWin/Lib\STemWin_CM7_wc32_ARGB.a(GUI_Alloc.o)
 .text._InitOnce
                0x00000000080034d0       0x68 ../../../Middlewares/ST/STemWin/Lib\STemWin_CM7_wc32_ARGB.a(GUI_Alloc.o)
 .text.GUI_ALLOC_GetFixedBlock
                0x0000000008003538       0xa4 ../../../Middlewares/ST/STemWin/Lib\STemWin_CM7_wc32_ARGB.a(GUI_Alloc.o)
                0x0000000008003538                GUI_ALLOC_GetFixedBlock
 .text._Alloc   0x00000000080035dc       0xf0 ../../../Middlewares/ST/STemWin/Lib\STemWin_CM7_wc32_ARGB.a(GUI_Alloc.o)
 .text.GUI_ALLOC_AllocNoInit
                0x00000000080036cc        0x8 ../../../Middlewares/ST/STemWin/Lib\STemWin_CM7_wc32_ARGB.a(GUI_Alloc.o)
                0x00000000080036cc                GUI_ALLOC_AllocNoInit
 .text.GUI_ALLOC_AllocZero
                0x00000000080036d4       0x30 ../../../Middlewares/ST/STemWin/Lib\STemWin_CM7_wc32_ARGB.a(GUI_Alloc.o)
                0x00000000080036d4                GUI_ALLOC_AllocZero
 .text.GL_FillCircle
                0x0000000008003704       0xc0 ../../../Middlewares/ST/STemWin/Lib\STemWin_CM7_wc32_ARGB.a(GUI_Circ.o)
                0x0000000008003704                GL_FillCircle
 .text.GUI_FillCircle
                0x00000000080037c4       0x3c ../../../Middlewares/ST/STemWin/Lib\STemWin_CM7_wc32_ARGB.a(GUI_Circ.o)
                0x00000000080037c4                GUI_FillCircle
 .text.GUI_CalcColorDist
                0x0000000008003800       0x4e ../../../Middlewares/ST/STemWin/Lib\STemWin_CM7_wc32_ARGB.a(GUI_Common.o)
                0x0000000008003800                GUI_CalcColorDist
 *fill*         0x000000000800384e        0x2 
 .text.GUI_GetDrawMode
                0x0000000008003850        0xc ../../../Middlewares/ST/STemWin/Lib\STemWin_CM7_wc32_ARGB.a(GUI_Common.o)
                0x0000000008003850                GUI_GetDrawMode
 .text.GUI_GetVersionString
                0x000000000800385c       0x18 ../../../Middlewares/ST/STemWin/Lib\STemWin_CM7_wc32_ARGB.a(GUI_Common.o)
                0x000000000800385c                GUI_GetVersionString
 .text.GUI_MergeRect
                0x0000000008003874       0x56 ../../../Middlewares/ST/STemWin/Lib\STemWin_CM7_wc32_ARGB.a(GUI_Common.o)
                0x0000000008003874                GUI_MergeRect
 .text.GUI_MoveRect
                0x00000000080038ca       0x20 ../../../Middlewares/ST/STemWin/Lib\STemWin_CM7_wc32_ARGB.a(GUI_Common.o)
                0x00000000080038ca                GUI_MoveRect
 *fill*         0x00000000080038ea        0x2 
 .text.GUI_GotoXY
                0x00000000080038ec       0x10 ../../../Middlewares/ST/STemWin/Lib\STemWin_CM7_wc32_ARGB.a(GUI_Common.o)
                0x00000000080038ec                GUI_GotoXY
 .text.GUI_RectsIntersect
                0x00000000080038fc       0x3a ../../../Middlewares/ST/STemWin/Lib\STemWin_CM7_wc32_ARGB.a(GUI_Common.o)
                0x00000000080038fc                GUI_RectsIntersect
 .text.GUI_SelectLCD
                0x0000000008003936       0x12 ../../../Middlewares/ST/STemWin/Lib\STemWin_CM7_wc32_ARGB.a(GUI_Common.o)
                0x0000000008003936                GUI_SelectLCD
 .text.GUI_SetBkColor
                0x0000000008003948        0x4 ../../../Middlewares/ST/STemWin/Lib\STemWin_CM7_wc32_ARGB.a(GUI_Common.o)
                0x0000000008003948                GUI_SetBkColor
 .text.GUI_SetColor
                0x000000000800394c        0x4 ../../../Middlewares/ST/STemWin/Lib\STemWin_CM7_wc32_ARGB.a(GUI_Common.o)
                0x000000000800394c                GUI_SetColor
 .text.GUI_SetOrg
                0x0000000008003950       0x38 ../../../Middlewares/ST/STemWin/Lib\STemWin_CM7_wc32_ARGB.a(GUI_Common.o)
                0x0000000008003950                GUI_SetOrg
 .text._InitContext
                0x0000000008003988       0x80 ../../../Middlewares/ST/STemWin/Lib\STemWin_CM7_wc32_ARGB.a(GUI_Core.o)
 .text._OnExit  0x0000000008003a08       0x44 ../../../Middlewares/ST/STemWin/Lib\STemWin_CM7_wc32_ARGB.a(GUI_Core.o)
 .text.GUI_ClearRect
                0x0000000008003a4c       0x64 ../../../Middlewares/ST/STemWin/Lib\STemWin_CM7_wc32_ARGB.a(GUI_Core.o)
                0x0000000008003a4c                GUI_ClearRect
 .text.GUI_Clear
                0x0000000008003ab0       0x20 ../../../Middlewares/ST/STemWin/Lib\STemWin_CM7_wc32_ARGB.a(GUI_Core.o)
                0x0000000008003ab0                GUI_Clear
 .text.GUI__Config
                0x0000000008003ad0       0x94 ../../../Middlewares/ST/STemWin/Lib\STemWin_CM7_wc32_ARGB.a(GUI_Core.o)
                0x0000000008003ad0                GUI__Config
 .text.GUI_Init
                0x0000000008003b64      0x188 ../../../Middlewares/ST/STemWin/Lib\STemWin_CM7_wc32_ARGB.a(GUI_Core.o)
                0x0000000008003b64                GUI_Init
 .text.GUI__RegisterExit
                0x0000000008003cec       0x28 ../../../Middlewares/ST/STemWin/Lib\STemWin_CM7_wc32_ARGB.a(GUI_Core.o)
                0x0000000008003cec                GUI__RegisterExit
 .text.GUI_DEVICE__GetpDriver
                0x0000000008003d14       0x20 ../../../Middlewares/ST/STemWin/Lib\STemWin_CM7_wc32_ARGB.a(GUI_Device.o)
                0x0000000008003d14                GUI_DEVICE__GetpDriver
 .text.GUI_DEVICE_Delete
                0x0000000008003d34        0x4 ../../../Middlewares/ST/STemWin/Lib\STemWin_CM7_wc32_ARGB.a(GUI_Device.o)
                0x0000000008003d34                GUI_DEVICE_Delete
 .text.GUI_DEVICE_Create
                0x0000000008003d38       0x4c ../../../Middlewares/ST/STemWin/Lib\STemWin_CM7_wc32_ARGB.a(GUI_Device.o)
                0x0000000008003d38                GUI_DEVICE_Create
 .text.GUI_DEVICE_Unlink
                0x0000000008003d84       0x30 ../../../Middlewares/ST/STemWin/Lib\STemWin_CM7_wc32_ARGB.a(GUI_Device.o)
                0x0000000008003d84                GUI_DEVICE_Unlink
 .text.GUI_DEVICE_Link
                0x0000000008003db4       0x84 ../../../Middlewares/ST/STemWin/Lib\STemWin_CM7_wc32_ARGB.a(GUI_Device.o)
                0x0000000008003db4                GUI_DEVICE_Link
 .text.GUI_DEVICE_CreateAndLink
                0x0000000008003e38       0x28 ../../../Middlewares/ST/STemWin/Lib\STemWin_CM7_wc32_ARGB.a(GUI_Device.o)
                0x0000000008003e38                GUI_DEVICE_CreateAndLink
 .text.GUI_FillRect
                0x0000000008003e60       0x44 ../../../Middlewares/ST/STemWin/Lib\STemWin_CM7_wc32_ARGB.a(GUI_DrawLib.o)
                0x0000000008003e60                GUI_FillRect
 .text._OnExit  0x0000000008003ea4       0x48 ../../../Middlewares/ST/STemWin/Lib\STemWin_CM7_wc32_ARGB.a(GUI_MULTIBUF.o)
 .text.GUI_MULTIBUF_ConfirmEx
                0x0000000008003eec       0x28 ../../../Middlewares/ST/STemWin/Lib\STemWin_CM7_wc32_ARGB.a(GUI_MULTIBUF.o)
                0x0000000008003eec                GUI_MULTIBUF_ConfirmEx
 .text.GUI_MULTIBUF_ConfigEx
                0x0000000008003f14       0x38 ../../../Middlewares/ST/STemWin/Lib\STemWin_CM7_wc32_ARGB.a(GUI_MULTIBUF.o)
                0x0000000008003f14                GUI_MULTIBUF_ConfigEx
 .text.GUI_StoreKey
                0x0000000008003f4c       0x10 ../../../Middlewares/ST/STemWin/Lib\STemWin_CM7_wc32_ARGB.a(GUI_OnKey.o)
                0x0000000008003f4c                GUI_StoreKey
 .text.GUI_GetLayerPosEx
                0x0000000008003f5c       0x14 ../../../Middlewares/ST/STemWin/Lib\STemWin_CM7_wc32_ARGB.a(GUI_SelectLayer.o)
                0x0000000008003f5c                GUI_GetLayerPosEx
 .text.GUI_SelectLayer
                0x0000000008003f70       0x2c ../../../Middlewares/ST/STemWin/Lib\STemWin_CM7_wc32_ARGB.a(GUI_SelectLayer.o)
                0x0000000008003f70                GUI_SelectLayer
 .text._GetCharCode
                0x0000000008003f9c        0x4 ../../../Middlewares/ST/STemWin/Lib\STemWin_CM7_wc32_ARGB.a(GUI_UC_EncodeNone.o)
 .text._GetCharSize
                0x0000000008003fa0        0x4 ../../../Middlewares/ST/STemWin/Lib\STemWin_CM7_wc32_ARGB.a(GUI_UC_EncodeNone.o)
 .text._CalcSizeOfChar
                0x0000000008003fa4        0x4 ../../../Middlewares/ST/STemWin/Lib\STemWin_CM7_wc32_ARGB.a(GUI_UC_EncodeNone.o)
 .text._Encode  0x0000000008003fa8        0x6 ../../../Middlewares/ST/STemWin/Lib\STemWin_CM7_wc32_ARGB.a(GUI_UC_EncodeNone.o)
 *fill*         0x0000000008003fae        0x2 
 .text.GUI_SignalEvent
                0x0000000008003fb0       0x10 ../../../Middlewares/ST/STemWin/Lib\STemWin_CM7_wc32_ARGB.a(GUI_WaitEvent.o)
                0x0000000008003fb0                GUI_SignalEvent
 .text.GUI__IntersectRect
                0x0000000008003fc0       0x3a ../../../Middlewares/ST/STemWin/Lib\STemWin_CM7_wc32_ARGB.a(GUI__Private.o)
                0x0000000008003fc0                GUI__IntersectRect
 .text.GUI__IntersectRects
                0x0000000008003ffa       0x56 ../../../Middlewares/ST/STemWin/Lib\STemWin_CM7_wc32_ARGB.a(GUI__Private.o)
                0x0000000008003ffa                GUI__IntersectRects
 .text.GUI__memset
                0x0000000008004050       0x5e ../../../Middlewares/ST/STemWin/Lib\STemWin_CM7_wc32_ARGB.a(GUI__Private.o)
                0x0000000008004050                GUI__memset
 .text.GUI__memset16
                0x00000000080040ae       0x62 ../../../Middlewares/ST/STemWin/Lib\STemWin_CM7_wc32_ARGB.a(GUI__Private.o)
                0x00000000080040ae                GUI__memset16
 .text._SetDrawMode
                0x0000000008004110       0x28 ../../../Middlewares/ST/STemWin/Lib\STemWin_CM7_wc32_ARGB.a(LCD.o)
 .text.LCD_SetDrawMode
                0x0000000008004138        0xc ../../../Middlewares/ST/STemWin/Lib\STemWin_CM7_wc32_ARGB.a(LCD.o)
                0x0000000008004138                LCD_SetDrawMode
 .text.LCD_DrawPixel
                0x0000000008004144       0x60 ../../../Middlewares/ST/STemWin/Lib\STemWin_CM7_wc32_ARGB.a(LCD.o)
                0x0000000008004144                LCD_DrawPixel
 .text.LCD_DrawHLine
                0x00000000080041a4       0x50 ../../../Middlewares/ST/STemWin/Lib\STemWin_CM7_wc32_ARGB.a(LCD.o)
                0x00000000080041a4                LCD_DrawHLine
 .text.LCD_FillRect
                0x00000000080041f4       0x58 ../../../Middlewares/ST/STemWin/Lib\STemWin_CM7_wc32_ARGB.a(LCD.o)
                0x00000000080041f4                LCD_FillRect
 .text.LCD__DrawBitmap_1bpp
                0x000000000800424c      0x1d8 ../../../Middlewares/ST/STemWin/Lib\STemWin_CM7_wc32_ARGB.a(LCD.o)
                0x000000000800424c                LCD__DrawBitmap_1bpp
 .text.LCD_DrawBitmap
                0x0000000008004424      0x224 ../../../Middlewares/ST/STemWin/Lib\STemWin_CM7_wc32_ARGB.a(LCD.o)
                0x0000000008004424                LCD_DrawBitmap
 .text.LCD_SetClipRectMax
                0x0000000008004648       0x1c ../../../Middlewares/ST/STemWin/Lib\STemWin_CM7_wc32_ARGB.a(LCD.o)
                0x0000000008004648                LCD_SetClipRectMax
 .text.emWin_LCD_Init
                0x0000000008004664       0xa4 ../../../Middlewares/ST/STemWin/Lib\STemWin_CM7_wc32_ARGB.a(LCD.o)
                0x0000000008004664                emWin_LCD_Init
 .text.LCD_Color2Index
                0x0000000008004708       0x1c ../../../Middlewares/ST/STemWin/Lib\STemWin_CM7_wc32_ARGB.a(LCD.o)
                0x0000000008004708                LCD_Color2Index
 .text.LCD_Index2Color
                0x0000000008004724       0x1c ../../../Middlewares/ST/STemWin/Lib\STemWin_CM7_wc32_ARGB.a(LCD.o)
                0x0000000008004724                LCD_Index2Color
 .text.LCD_SetColorIndex
                0x0000000008004740       0x18 ../../../Middlewares/ST/STemWin/Lib\STemWin_CM7_wc32_ARGB.a(LCD.o)
                0x0000000008004740                LCD_SetColorIndex
 .text._SetColor
                0x0000000008004758       0x20 ../../../Middlewares/ST/STemWin/Lib\STemWin_CM7_wc32_ARGB.a(LCD.o)
 .text.LCD_SetBkColorIndex
                0x0000000008004778       0x18 ../../../Middlewares/ST/STemWin/Lib\STemWin_CM7_wc32_ARGB.a(LCD.o)
                0x0000000008004778                LCD_SetBkColorIndex
 .text._SetBkColor
                0x0000000008004790       0x20 ../../../Middlewares/ST/STemWin/Lib\STemWin_CM7_wc32_ARGB.a(LCD.o)
 .text.LCD_SetBkColor
                0x00000000080047b0        0xc ../../../Middlewares/ST/STemWin/Lib\STemWin_CM7_wc32_ARGB.a(LCD.o)
                0x00000000080047b0                LCD_SetBkColor
 .text.LCD_SetColor
                0x00000000080047bc        0xc ../../../Middlewares/ST/STemWin/Lib\STemWin_CM7_wc32_ARGB.a(LCD.o)
                0x00000000080047bc                LCD_SetColor
 .text._OnExit  0x00000000080047c8       0x1c ../../../Middlewares/ST/STemWin/Lib\STemWin_CM7_wc32_ARGB.a(LCD_Color.o)
 .text.LCD_InitColors
                0x00000000080047e4       0x3c ../../../Middlewares/ST/STemWin/Lib\STemWin_CM7_wc32_ARGB.a(LCD_Color.o)
                0x00000000080047e4                LCD_InitColors
 .text.LCD_GetpPalConvTableUncached
                0x0000000008004820       0x6c ../../../Middlewares/ST/STemWin/Lib\STemWin_CM7_wc32_ARGB.a(LCD_Color.o)
                0x0000000008004820                LCD_GetpPalConvTableUncached
 .text.LCD_GetpPalConvTableBM
                0x000000000800488c        0x4 ../../../Middlewares/ST/STemWin/Lib\STemWin_CM7_wc32_ARGB.a(LCD_Color.o)
                0x000000000800488c                LCD_GetpPalConvTableBM
 .text.LCD_InitLUT
                0x0000000008004890       0x88 ../../../Middlewares/ST/STemWin/Lib\STemWin_CM7_wc32_ARGB.a(LCD_Color.o)
                0x0000000008004890                LCD_InitLUT
 .text._GetDevProp
                0x0000000008004918       0x1e ../../../Middlewares/ST/STemWin/Lib\STemWin_CM7_wc32_ARGB.a(LCD_GetEx.o)
 .text._GetMaxValue
                0x0000000008004936       0x22 ../../../Middlewares/ST/STemWin/Lib\STemWin_CM7_wc32_ARGB.a(LCD_GetEx.o)
 .text.LCD_GetXSizeEx
                0x0000000008004958        0x6 ../../../Middlewares/ST/STemWin/Lib\STemWin_CM7_wc32_ARGB.a(LCD_GetEx.o)
                0x0000000008004958                LCD_GetXSizeEx
 .text.LCD_GetYSizeEx
                0x000000000800495e        0x6 ../../../Middlewares/ST/STemWin/Lib\STemWin_CM7_wc32_ARGB.a(LCD_GetEx.o)
                0x000000000800495e                LCD_GetYSizeEx
 .text.LCD_GetBitsPerPixelEx
                0x0000000008004964        0x6 ../../../Middlewares/ST/STemWin/Lib\STemWin_CM7_wc32_ARGB.a(LCD_GetEx.o)
                0x0000000008004964                LCD_GetBitsPerPixelEx
 .text.LCD_GetNumColorsEx
                0x000000000800496a        0x6 ../../../Middlewares/ST/STemWin/Lib\STemWin_CM7_wc32_ARGB.a(LCD_GetEx.o)
                0x000000000800496a                LCD_GetNumColorsEx
 .text.LCD_GetMirrorXEx
                0x0000000008004970        0x6 ../../../Middlewares/ST/STemWin/Lib\STemWin_CM7_wc32_ARGB.a(LCD_GetEx.o)
                0x0000000008004970                LCD_GetMirrorXEx
 .text.LCD_GetMirrorYEx
                0x0000000008004976        0x6 ../../../Middlewares/ST/STemWin/Lib\STemWin_CM7_wc32_ARGB.a(LCD_GetEx.o)
                0x0000000008004976                LCD_GetMirrorYEx
 .text.LCD_GetSwapXYEx
                0x000000000800497c        0x6 ../../../Middlewares/ST/STemWin/Lib\STemWin_CM7_wc32_ARGB.a(LCD_GetEx.o)
                0x000000000800497c                LCD_GetSwapXYEx
 *fill*         0x0000000008004982        0x2 
 .text.LCD_GetXSize
                0x0000000008004984       0x10 ../../../Middlewares/ST/STemWin/Lib\STemWin_CM7_wc32_ARGB.a(LCD_GetEx.o)
                0x0000000008004984                LCD_GetXSize
 .text.LCD_GetYSize
                0x0000000008004994       0x10 ../../../Middlewares/ST/STemWin/Lib\STemWin_CM7_wc32_ARGB.a(LCD_GetEx.o)
                0x0000000008004994                LCD_GetYSize
 .text.LCD_GetNumColors
                0x00000000080049a4       0x10 ../../../Middlewares/ST/STemWin/Lib\STemWin_CM7_wc32_ARGB.a(LCD_GetEx.o)
                0x00000000080049a4                LCD_GetNumColors
 .text.GUI_GetBitsPerPixelEx
                0x00000000080049b4       0x14 ../../../Middlewares/ST/STemWin/Lib\STemWin_CM7_wc32_ARGB.a(LCD_GetEx.o)
                0x00000000080049b4                GUI_GetBitsPerPixelEx
 .text.LCD_GetPaletteEx
                0x00000000080049c8       0x16 ../../../Middlewares/ST/STemWin/Lib\STemWin_CM7_wc32_ARGB.a(LCD_GetEx.o)
                0x00000000080049c8                LCD_GetPaletteEx
 *fill*         0x00000000080049de        0x2 
 .text.LCD_GetPalette
                0x00000000080049e0       0x10 ../../../Middlewares/ST/STemWin/Lib\STemWin_CM7_wc32_ARGB.a(LCD_GetEx.o)
                0x00000000080049e0                LCD_GetPalette
 .text.GUI_GetpfIndex2ColorEx
                0x00000000080049f0       0x10 ../../../Middlewares/ST/STemWin/Lib\STemWin_CM7_wc32_ARGB.a(LCD_GetEx.o)
                0x00000000080049f0                GUI_GetpfIndex2ColorEx
 .text.GUI_GetpfColor2IndexEx
                0x0000000008004a00       0x10 ../../../Middlewares/ST/STemWin/Lib\STemWin_CM7_wc32_ARGB.a(LCD_GetEx.o)
                0x0000000008004a00                GUI_GetpfColor2IndexEx
 .text.LCD_GetXSizeMax
                0x0000000008004a10        0x6 ../../../Middlewares/ST/STemWin/Lib\STemWin_CM7_wc32_ARGB.a(LCD_GetEx.o)
                0x0000000008004a10                LCD_GetXSizeMax
 .text.LCD_GetYSizeMax
                0x0000000008004a16        0x6 ../../../Middlewares/ST/STemWin/Lib\STemWin_CM7_wc32_ARGB.a(LCD_GetEx.o)
                0x0000000008004a16                LCD_GetYSizeMax
 .text.LCD_SetDisplaySize
                0x0000000008004a1c        0xc ../../../Middlewares/ST/STemWin/Lib\STemWin_CM7_wc32_ARGB.a(LCD_GetEx.o)
                0x0000000008004a1c                LCD_SetDisplaySize
 .text.LCD_GetXSizeDisplay
                0x0000000008004a28        0xc ../../../Middlewares/ST/STemWin/Lib\STemWin_CM7_wc32_ARGB.a(LCD_GetEx.o)
                0x0000000008004a28                LCD_GetXSizeDisplay
 .text.LCD_GetYSizeDisplay
                0x0000000008004a34        0xc ../../../Middlewares/ST/STemWin/Lib\STemWin_CM7_wc32_ARGB.a(LCD_GetEx.o)
                0x0000000008004a34                LCD_GetYSizeDisplay
 .text.LCD__GetBPP
                0x0000000008004a40       0x7e ../../../Middlewares/ST/STemWin/Lib\STemWin_CM7_wc32_ARGB.a(LCD_GetEx.o)
                0x0000000008004a40                LCD__GetBPP
 .text.LCD__GetBPPDevice
                0x0000000008004abe       0x2c ../../../Middlewares/ST/STemWin/Lib\STemWin_CM7_wc32_ARGB.a(LCD_GetEx.o)
                0x0000000008004abe                LCD__GetBPPDevice
 .text.LCD_GetNumLayers
                0x0000000008004aea       0x1e ../../../Middlewares/ST/STemWin/Lib\STemWin_CM7_wc32_ARGB.a(LCD_GetNumDisplays.o)
                0x0000000008004aea                LCD_GetNumLayers
 .text.LCD_SelectLCD
                0x0000000008004b08       0x40 ../../../Middlewares/ST/STemWin/Lib\STemWin_CM7_wc32_ARGB.a(LCD_SelectLCD.o)
                0x0000000008004b08                LCD_SelectLCD
 .text.LCD_GetPosEx
                0x0000000008004b48       0x32 ../../../Middlewares/ST/STemWin/Lib\STemWin_CM7_wc32_ARGB.a(LCD_Set.o)
                0x0000000008004b48                LCD_GetPosEx
 .text.LCD_SetDevFunc
                0x0000000008004b7a       0x30 ../../../Middlewares/ST/STemWin/Lib\STemWin_CM7_wc32_ARGB.a(LCD_Set.o)
                0x0000000008004b7a                LCD_SetDevFunc
 .text.LCD_SetLUTEntryEx
                0x0000000008004baa       0x30 ../../../Middlewares/ST/STemWin/Lib\STemWin_CM7_wc32_ARGB.a(LCD_Set.o)
                0x0000000008004baa                LCD_SetLUTEntryEx
 .text.LCD_SetSizeEx
                0x0000000008004bda       0x30 ../../../Middlewares/ST/STemWin/Lib\STemWin_CM7_wc32_ARGB.a(LCD_Set.o)
                0x0000000008004bda                LCD_SetSizeEx
 .text.LCD_SetVRAMAddrEx
                0x0000000008004c0a       0x2c ../../../Middlewares/ST/STemWin/Lib\STemWin_CM7_wc32_ARGB.a(LCD_Set.o)
                0x0000000008004c0a                LCD_SetVRAMAddrEx
 .text.LCD_SetVSizeEx
                0x0000000008004c36       0x30 ../../../Middlewares/ST/STemWin/Lib\STemWin_CM7_wc32_ARGB.a(LCD_Set.o)
                0x0000000008004c36                LCD_SetVSizeEx
 *fill*         0x0000000008004c66        0x2 
 .text.LCD_UpdateColorIndices
                0x0000000008004c68       0x24 ../../../Middlewares/ST/STemWin/Lib\STemWin_CM7_wc32_ARGB.a(LCD_UpdateColorIndices.o)
                0x0000000008004c68                LCD_UpdateColorIndices
 .text._GetRect
                0x0000000008004c8c       0x16 ../../../Middlewares/ST/STemWin/Lib\STemWin_CM7_wc32_ARGB.a(GUIDRV_Lin_16.o)
 .text._SetPixelIndex
                0x0000000008004ca2       0x12 ../../../Middlewares/ST/STemWin/Lib\STemWin_CM7_wc32_ARGB.a(GUIDRV_Lin_16.o)
 .text._GetPixelIndex
                0x0000000008004cb4       0x10 ../../../Middlewares/ST/STemWin/Lib\STemWin_CM7_wc32_ARGB.a(GUIDRV_Lin_16.o)
 .text._XorPixel
                0x0000000008004cc4       0x28 ../../../Middlewares/ST/STemWin/Lib\STemWin_CM7_wc32_ARGB.a(GUIDRV_Lin_16.o)
 .text._GetDevProp
                0x0000000008004cec       0x3c ../../../Middlewares/ST/STemWin/Lib\STemWin_CM7_wc32_ARGB.a(GUIDRV_Lin_16.o)
 .text._GetDevData
                0x0000000008004d28       0x10 ../../../Middlewares/ST/STemWin/Lib\STemWin_CM7_wc32_ARGB.a(GUIDRV_Lin_16.o)
 .text._ReadRect
                0x0000000008004d38       0x52 ../../../Middlewares/ST/STemWin/Lib\STemWin_CM7_wc32_ARGB.a(GUIDRV_Lin_16.o)
 *fill*         0x0000000008004d8a        0x2 
 .text._GetDevFunc
                0x0000000008004d8c       0xe8 ../../../Middlewares/ST/STemWin/Lib\STemWin_CM7_wc32_ARGB.a(GUIDRV_Lin_16.o)
 .text._SetChroma
                0x0000000008004e74       0x16 ../../../Middlewares/ST/STemWin/Lib\STemWin_CM7_wc32_ARGB.a(GUIDRV_Lin_16.o)
 .text._SetChromaMode
                0x0000000008004e8a       0x16 ../../../Middlewares/ST/STemWin/Lib\STemWin_CM7_wc32_ARGB.a(GUIDRV_Lin_16.o)
 .text._SetAlphaMode
                0x0000000008004ea0       0x16 ../../../Middlewares/ST/STemWin/Lib\STemWin_CM7_wc32_ARGB.a(GUIDRV_Lin_16.o)
 .text._Off     0x0000000008004eb6        0xa ../../../Middlewares/ST/STemWin/Lib\STemWin_CM7_wc32_ARGB.a(GUIDRV_Lin_16.o)
 .text._On      0x0000000008004ec0        0xa ../../../Middlewares/ST/STemWin/Lib\STemWin_CM7_wc32_ARGB.a(GUIDRV_Lin_16.o)
 .text._SetOrg  0x0000000008004eca       0x94 ../../../Middlewares/ST/STemWin/Lib\STemWin_CM7_wc32_ARGB.a(GUIDRV_Lin_16.o)
 *fill*         0x0000000008004f5e        0x2 
 .text._FillRect
                0x0000000008004f60      0x1c8 ../../../Middlewares/ST/STemWin/Lib\STemWin_CM7_wc32_ARGB.a(GUIDRV_Lin_16.o)
 .text._DrawHLine
                0x0000000008005128        0xe ../../../Middlewares/ST/STemWin/Lib\STemWin_CM7_wc32_ARGB.a(GUIDRV_Lin_16.o)
 .text._DrawVLine
                0x0000000008005136       0x10 ../../../Middlewares/ST/STemWin/Lib\STemWin_CM7_wc32_ARGB.a(GUIDRV_Lin_16.o)
 *fill*         0x0000000008005146        0x2 
 .text._DrawBitmap
                0x0000000008005148      0x618 ../../../Middlewares/ST/STemWin/Lib\STemWin_CM7_wc32_ARGB.a(GUIDRV_Lin_16.o)
 .text._InitOnce.isra.3
                0x0000000008005760       0x22 ../../../Middlewares/ST/STemWin/Lib\STemWin_CM7_wc32_ARGB.a(GUIDRV_Lin_16.o)
 .text._SetDevFunc
                0x0000000008005782       0x4c ../../../Middlewares/ST/STemWin/Lib\STemWin_CM7_wc32_ARGB.a(GUIDRV_Lin_16.o)
 *fill*         0x00000000080057ce        0x2 
 .text._CopyBuffer
                0x00000000080057d0       0x64 ../../../Middlewares/ST/STemWin/Lib\STemWin_CM7_wc32_ARGB.a(GUIDRV_Lin_16.o)
 .text._GetPos  0x0000000008005834       0x1c ../../../Middlewares/ST/STemWin/Lib\STemWin_CM7_wc32_ARGB.a(GUIDRV_Lin_16.o)
 .text._SetVRAM_BufferPTR
                0x0000000008005850       0x18 ../../../Middlewares/ST/STemWin/Lib\STemWin_CM7_wc32_ARGB.a(GUIDRV_Lin_16.o)
 .text._ShowBuffer
                0x0000000008005868       0x26 ../../../Middlewares/ST/STemWin/Lib\STemWin_CM7_wc32_ARGB.a(GUIDRV_Lin_16.o)
 .text._Init    0x000000000800588e       0x1a ../../../Middlewares/ST/STemWin/Lib\STemWin_CM7_wc32_ARGB.a(GUIDRV_Lin_16.o)
 .text._SetVis  0x00000000080058a8       0x28 ../../../Middlewares/ST/STemWin/Lib\STemWin_CM7_wc32_ARGB.a(GUIDRV_Lin_16.o)
 .text._SetAlpha
                0x00000000080058d0       0x28 ../../../Middlewares/ST/STemWin/Lib\STemWin_CM7_wc32_ARGB.a(GUIDRV_Lin_16.o)
 .text._SetVRAMAddr
                0x00000000080058f8       0x2a ../../../Middlewares/ST/STemWin/Lib\STemWin_CM7_wc32_ARGB.a(GUIDRV_Lin_16.o)
 .text._SetPos  0x0000000008005922       0xfa ../../../Middlewares/ST/STemWin/Lib\STemWin_CM7_wc32_ARGB.a(GUIDRV_Lin_16.o)
 .text._SetSize
                0x0000000008005a1c       0x42 ../../../Middlewares/ST/STemWin/Lib\STemWin_CM7_wc32_ARGB.a(GUIDRV_Lin_16.o)
 .text._SetVSize
                0x0000000008005a5e       0x26 ../../../Middlewares/ST/STemWin/Lib\STemWin_CM7_wc32_ARGB.a(GUIDRV_Lin_16.o)
 .text._GetDevData
                0x0000000008005a84       0x10 ../../../Middlewares/ST/STemWin/Lib\STemWin_CM7_wc32_ARGB.a(GUIDEV_16.o)
 .text._GetDevFunc
                0x0000000008005a94       0x10 ../../../Middlewares/ST/STemWin/Lib\STemWin_CM7_wc32_ARGB.a(GUIDEV_16.o)
 .text._SetOrg  0x0000000008005aa4        0xc ../../../Middlewares/ST/STemWin/Lib\STemWin_CM7_wc32_ARGB.a(GUIDEV_16.o)
 .text._GetRect
                0x0000000008005ab0       0x36 ../../../Middlewares/ST/STemWin/Lib\STemWin_CM7_wc32_ARGB.a(GUIDEV_16.o)
 *fill*         0x0000000008005ae6        0x2 
 .text._XY2PTR  0x0000000008005ae8       0x40 ../../../Middlewares/ST/STemWin/Lib\STemWin_CM7_wc32_ARGB.a(GUIDEV_16.o)
 .text._GetPixelIndex
                0x0000000008005b28        0xe ../../../Middlewares/ST/STemWin/Lib\STemWin_CM7_wc32_ARGB.a(GUIDEV_16.o)
 *fill*         0x0000000008005b36        0x2 
 .text._XorPixel
                0x0000000008005b38       0x58 ../../../Middlewares/ST/STemWin/Lib\STemWin_CM7_wc32_ARGB.a(GUIDEV_16.o)
 .text._SetPixelIndex
                0x0000000008005b90       0x4c ../../../Middlewares/ST/STemWin/Lib\STemWin_CM7_wc32_ARGB.a(GUIDEV_16.o)
 .text._DrawVLine
                0x0000000008005bdc       0xbc ../../../Middlewares/ST/STemWin/Lib\STemWin_CM7_wc32_ARGB.a(GUIDEV_16.o)
 .text._FillRect
                0x0000000008005c98       0xb4 ../../../Middlewares/ST/STemWin/Lib\STemWin_CM7_wc32_ARGB.a(GUIDEV_16.o)
 .text._DrawHLine
                0x0000000008005d4c        0xe ../../../Middlewares/ST/STemWin/Lib\STemWin_CM7_wc32_ARGB.a(GUIDEV_16.o)
 *fill*         0x0000000008005d5a        0x2 
 .text._DrawBitmap
                0x0000000008005d5c      0x754 ../../../Middlewares/ST/STemWin/Lib\STemWin_CM7_wc32_ARGB.a(GUIDEV_16.o)
 .text._GetDevProp
                0x00000000080064b0       0x18 ../../../Middlewares/ST/STemWin/Lib\STemWin_CM7_wc32_ARGB.a(GUIDEV_16.o)
 .text.GUI_USAGE_DecUseCnt
                0x00000000080064c8       0x28 ../../../Middlewares/ST/STemWin/Lib\STemWin_CM7_wc32_ARGB.a(GUIDEV_Usage.o)
                0x00000000080064c8                GUI_USAGE_DecUseCnt
 .text.GUI_USAGE_AddRect
                0x00000000080064f0       0x26 ../../../Middlewares/ST/STemWin/Lib\STemWin_CM7_wc32_ARGB.a(GUIDEV_Usage.o)
                0x00000000080064f0                GUI_USAGE_AddRect
 .text._Convert16
                0x0000000008006516       0x3e ../../../Middlewares/ST/STemWin/Lib\STemWin_CM7_wc32_ARGB.a(GUIDEV_WriteToActiveOpaque.o)
 .text._Convert8
                0x0000000008006554       0x42 ../../../Middlewares/ST/STemWin/Lib\STemWin_CM7_wc32_ARGB.a(GUIDEV_WriteToActiveOpaque.o)
 *fill*         0x0000000008006596        0x2 
 .text.GUI_MEMDEV__WriteToActiveOpaque
                0x0000000008006598      0x74c ../../../Middlewares/ST/STemWin/Lib\STemWin_CM7_wc32_ARGB.a(GUIDEV_WriteToActiveOpaque.o)
                0x0000000008006598                GUI_MEMDEV__WriteToActiveOpaque
 .text._OnExit  0x0000000008006ce4       0xa4 ../../../Middlewares/ST/STemWin/Lib\STemWin_CM7_wc32_ARGB.a(WM.o)
 .text._Findy1  0x0000000008006d88       0xa6 ../../../Middlewares/ST/STemWin/Lib\STemWin_CM7_wc32_ARGB.a(WM.o)
 .text._Findx0  0x0000000008006e2e       0x86 ../../../Middlewares/ST/STemWin/Lib\STemWin_CM7_wc32_ARGB.a(WM.o)
 .text._Findx1  0x0000000008006eb4       0x72 ../../../Middlewares/ST/STemWin/Lib\STemWin_CM7_wc32_ARGB.a(WM.o)
 *fill*         0x0000000008006f26        0x2 
 .text.WM__ClipAtParentBorders
                0x0000000008006f28       0x58 ../../../Middlewares/ST/STemWin/Lib\STemWin_CM7_wc32_ARGB.a(WM.o)
                0x0000000008006f28                WM__ClipAtParentBorders
 .text.WM__InsertWindowIntoList
                0x0000000008006f80       0xac ../../../Middlewares/ST/STemWin/Lib\STemWin_CM7_wc32_ARGB.a(WM.o)
                0x0000000008006f80                WM__InsertWindowIntoList
 .text.WM__Client2Screen
                0x000000000800702c       0x10 ../../../Middlewares/ST/STemWin/Lib\STemWin_CM7_wc32_ARGB.a(WM.o)
                0x000000000800702c                WM__Client2Screen
 .text._SetClipRectUserIntersect
                0x000000000800703c       0x50 ../../../Middlewares/ST/STemWin/Lib\STemWin_CM7_wc32_ARGB.a(WM.o)
 .text.WM__ActivateClipRect
                0x000000000800708c       0x48 ../../../Middlewares/ST/STemWin/Lib\STemWin_CM7_wc32_ARGB.a(WM.o)
                0x000000000800708c                WM__ActivateClipRect
 .text.WM__InvalidateDrawAndDescs
                0x00000000080070d4       0x50 ../../../Middlewares/ST/STemWin/Lib\STemWin_CM7_wc32_ARGB.a(WM.o)
                0x00000000080070d4                WM__InvalidateDrawAndDescs
 .text.WM__RectIsNZ
                0x0000000008007124       0x22 ../../../Middlewares/ST/STemWin/Lib\STemWin_CM7_wc32_ARGB.a(WM.o)
                0x0000000008007124                WM__RectIsNZ
 .text.WM__SendMsgNoData
                0x0000000008007146       0x16 ../../../Middlewares/ST/STemWin/Lib\STemWin_CM7_wc32_ARGB.a(WM.o)
                0x0000000008007146                WM__SendMsgNoData
 .text.WM__GetClientRectWin
                0x000000000800715c       0x18 ../../../Middlewares/ST/STemWin/Lib\STemWin_CM7_wc32_ARGB.a(WM.o)
                0x000000000800715c                WM__GetClientRectWin
 .text.WM__GetTopLevelLayer
                0x0000000008007174       0x28 ../../../Middlewares/ST/STemWin/Lib\STemWin_CM7_wc32_ARGB.a(WM.o)
                0x0000000008007174                WM__GetTopLevelLayer
 .text._Invalidate1Abs
                0x000000000800719c       0xa0 ../../../Middlewares/ST/STemWin/Lib\STemWin_CM7_wc32_ARGB.a(WM.o)
 .text.WM__Invalidate1Abs
                0x000000000800723c        0x6 ../../../Middlewares/ST/STemWin/Lib\STemWin_CM7_wc32_ARGB.a(WM.o)
                0x000000000800723c                WM__Invalidate1Abs
 .text.WM_InvalidateWindowAndDescsEx
                0x0000000008007242       0x64 ../../../Middlewares/ST/STemWin/Lib\STemWin_CM7_wc32_ARGB.a(WM.o)
                0x0000000008007242                WM_InvalidateWindowAndDescsEx
 .text.WM__InvalidateRect
                0x00000000080072a6       0x76 ../../../Middlewares/ST/STemWin/Lib\STemWin_CM7_wc32_ARGB.a(WM.o)
                0x00000000080072a6                WM__InvalidateRect
 .text.WM__InvalidateRectEx
                0x000000000800731c        0x6 ../../../Middlewares/ST/STemWin/Lib\STemWin_CM7_wc32_ARGB.a(WM.o)
                0x000000000800731c                WM__InvalidateRectEx
 .text.WM_InvalidateRect
                0x0000000008007322       0x78 ../../../Middlewares/ST/STemWin/Lib\STemWin_CM7_wc32_ARGB.a(WM.o)
                0x0000000008007322                WM_InvalidateRect
 .text.WM_InvalidateWindow
                0x000000000800739a        0x6 ../../../Middlewares/ST/STemWin/Lib\STemWin_CM7_wc32_ARGB.a(WM.o)
                0x000000000800739a                WM_InvalidateWindow
 .text.WM__SelectTopLevelLayer
                0x00000000080073a0       0x14 ../../../Middlewares/ST/STemWin/Lib\STemWin_CM7_wc32_ARGB.a(WM.o)
                0x00000000080073a0                WM__SelectTopLevelLayer
 .text.WM_SelectWindow
                0x00000000080073b4       0x40 ../../../Middlewares/ST/STemWin/Lib\STemWin_CM7_wc32_ARGB.a(WM.o)
                0x00000000080073b4                WM_SelectWindow
 .text.WM_CreateWindowAsChild
                0x00000000080073f4      0x160 ../../../Middlewares/ST/STemWin/Lib\STemWin_CM7_wc32_ARGB.a(WM.o)
                0x00000000080073f4                WM_CreateWindowAsChild
 .text.WM__GetNextIVR
                0x0000000008007554      0x184 ../../../Middlewares/ST/STemWin/Lib\STemWin_CM7_wc32_ARGB.a(WM.o)
                0x0000000008007554                WM__GetNextIVR
 .text.WM__InitIVRSearch
                0x00000000080076d8      0x100 ../../../Middlewares/ST/STemWin/Lib\STemWin_CM7_wc32_ARGB.a(WM.o)
                0x00000000080076d8                WM__InitIVRSearch
 .text.WM_Activate
                0x00000000080077d8       0x10 ../../../Middlewares/ST/STemWin/Lib\STemWin_CM7_wc32_ARGB.a(WM.o)
                0x00000000080077d8                WM_Activate
 .text.WM_DefaultProc
                0x00000000080077e8       0x48 ../../../Middlewares/ST/STemWin/Lib\STemWin_CM7_wc32_ARGB.a(WM.o)
                0x00000000080077e8                WM_DefaultProc
 .text._cbBackWin
                0x0000000008007830       0x68 ../../../Middlewares/ST/STemWin/Lib\STemWin_CM7_wc32_ARGB.a(WM.o)
 .text.WM_Init  0x0000000008007898       0xf0 ../../../Middlewares/ST/STemWin/Lib\STemWin_CM7_wc32_ARGB.a(WM.o)
                0x0000000008007898                WM_Init
 .text.WM_GetDesktopWindow
                0x0000000008007988       0x18 ../../../Middlewares/ST/STemWin/Lib\STemWin_CM7_wc32_ARGB.a(WM_Lib.o)
                0x0000000008007988                WM_GetDesktopWindow
 .text.WM_GetFirstChild
                0x00000000080079a0       0x10 ../../../Middlewares/ST/STemWin/Lib\STemWin_CM7_wc32_ARGB.a(WM_Lib.o)
                0x00000000080079a0                WM_GetFirstChild
 .text.WM_GetParent
                0x00000000080079b0       0x10 ../../../Middlewares/ST/STemWin/Lib\STemWin_CM7_wc32_ARGB.a(WM_Lib.o)
                0x00000000080079b0                WM_GetParent
 .text.WM_BringToBottom
                0x00000000080079c0       0x86 ../../../Middlewares/ST/STemWin/Lib\STemWin_CM7_wc32_ARGB.a(WM_Lib.o)
                0x00000000080079c0                WM_BringToBottom
 .text.WM_SendToParent
                0x0000000008007a46       0x1c ../../../Middlewares/ST/STemWin/Lib\STemWin_CM7_wc32_ARGB.a(WM_Lib.o)
                0x0000000008007a46                WM_SendToParent
 .text.WM__GetFirstSibling
                0x0000000008007a62       0x12 ../../../Middlewares/ST/STemWin/Lib\STemWin_CM7_wc32_ARGB.a(WM__Private.o)
                0x0000000008007a62                WM__GetFirstSibling
 .text.WM__GetPrevSibling
                0x0000000008007a74       0x26 ../../../Middlewares/ST/STemWin/Lib\STemWin_CM7_wc32_ARGB.a(WM__Private.o)
                0x0000000008007a74                WM__GetPrevSibling
 *fill*         0x0000000008007a9a        0x2 
 .text.WM__SendMessage
                0x0000000008007a9c       0x3c ../../../Middlewares/ST/STemWin/Lib\STemWin_CM7_wc32_ARGB.a(WM__Private.o)
                0x0000000008007a9c                WM__SendMessage
 .text.WM__AddCriticalHandle
                0x0000000008007ad8       0x10 ../../../Middlewares/ST/STemWin/Lib\STemWin_CM7_wc32_ARGB.a(WM__Private.o)
                0x0000000008007ad8                WM__AddCriticalHandle
 .text.WM__GetClientRectEx
                0x0000000008007ae8       0x22 ../../../Middlewares/ST/STemWin/Lib\STemWin_CM7_wc32_ARGB.a(WM__Private.o)
                0x0000000008007ae8                WM__GetClientRectEx
 .text._GetIndexMask_0
                0x0000000008007b0a       0x52 ../../../Middlewares/ST/STemWin/Lib\STemWin_CM7_wc32_ARGB.a(GUICC_0.o)
 .text._Index2Color_0
                0x0000000008007b5c       0x1e ../../../Middlewares/ST/STemWin/Lib\STemWin_CM7_wc32_ARGB.a(GUICC_0.o)
 .text._Color2Index_0
                0x0000000008007b7a       0x52 ../../../Middlewares/ST/STemWin/Lib\STemWin_CM7_wc32_ARGB.a(GUICC_0.o)
 .text.GUIMONO_DispChar
                0x0000000008007bcc      0x13c ../../../Middlewares/ST/STemWin/Lib\STemWin_CM7_wc32_ARGB.a(GUI_CharM.o)
                0x0000000008007bcc                GUIMONO_DispChar
 .text.GUIMONO_GetCharDistX
                0x0000000008007d08       0x18 ../../../Middlewares/ST/STemWin/Lib\STemWin_CM7_wc32_ARGB.a(GUI_CharM.o)
                0x0000000008007d08                GUIMONO_GetCharDistX
 .text.GUIMONO_GetFontInfo
                0x0000000008007d20        0x6 ../../../Middlewares/ST/STemWin/Lib\STemWin_CM7_wc32_ARGB.a(GUI_CharM.o)
                0x0000000008007d20                GUIMONO_GetFontInfo
 .text.GUIMONO_IsInFont
                0x0000000008007d26       0x36 ../../../Middlewares/ST/STemWin/Lib\STemWin_CM7_wc32_ARGB.a(GUI_CharM.o)
                0x0000000008007d26                GUIMONO_IsInFont
 .text.GUI__CompactPixelIndices
                0x0000000008007d5c      0x16e ../../../Middlewares/ST/STemWin/Lib\STemWin_CM7_wc32_ARGB.a(GUI__CompactPixelIndices.o)
                0x0000000008007d5c                GUI__CompactPixelIndices
 *fill*         0x0000000008007eca        0x2 
 .text.LCD_SetClipRectEx
                0x0000000008007ecc       0x30 ../../../Middlewares/ST/STemWin/Lib\STemWin_CM7_wc32_ARGB.a(LCD_SetClipRectEx.o)
                0x0000000008007ecc                LCD_SetClipRectEx
 .text.GUI_MEMDEV_GetBitsPerPixel
                0x0000000008007efc       0x2a ../../../Middlewares/ST/STemWin/Lib\STemWin_CM7_wc32_ARGB.a(GUIDEV.o)
                0x0000000008007efc                GUI_MEMDEV_GetBitsPerPixel
 *fill*         0x0000000008007f26        0x2 
 .text.GUI_MEMDEV_Delete
                0x0000000008007f28       0x44 ../../../Middlewares/ST/STemWin/Lib\STemWin_CM7_wc32_ARGB.a(GUIDEV.o)
                0x0000000008007f28                GUI_MEMDEV_Delete
 .text.GUI_MEMDEV_GetDataPtr
                0x0000000008007f6c       0x20 ../../../Middlewares/ST/STemWin/Lib\STemWin_CM7_wc32_ARGB.a(GUIDEV_GetDataPtr.o)
                0x0000000008007f6c                GUI_MEMDEV_GetDataPtr
 .text.__libc_init_array
                0x0000000008007f8c       0x48 c:/st/stm32cubeide_1.4.0/stm32cubeide/plugins/com.st.stm32cube.ide.mcu.externaltools.gnu-tools-for-stm32.7-2018-q2-update.win32_1.4.0.202007081208/tools/bin/../lib/gcc/arm-none-eabi/7.3.1/../../../../arm-none-eabi/lib/thumb/v7e-m/fpv5/hard\libc_nano.a(lib_a-init.o)
                0x0000000008007f8c                __libc_init_array
 .text.memcpy   0x0000000008007fd4       0x16 c:/st/stm32cubeide_1.4.0/stm32cubeide/plugins/com.st.stm32cube.ide.mcu.externaltools.gnu-tools-for-stm32.7-2018-q2-update.win32_1.4.0.202007081208/tools/bin/../lib/gcc/arm-none-eabi/7.3.1/../../../../arm-none-eabi/lib/thumb/v7e-m/fpv5/hard\libc_nano.a(lib_a-memcpy-stub.o)
                0x0000000008007fd4                memcpy
 .text.memmove  0x0000000008007fea       0x32 c:/st/stm32cubeide_1.4.0/stm32cubeide/plugins/com.st.stm32cube.ide.mcu.externaltools.gnu-tools-for-stm32.7-2018-q2-update.win32_1.4.0.202007081208/tools/bin/../lib/gcc/arm-none-eabi/7.3.1/../../../../arm-none-eabi/lib/thumb/v7e-m/fpv5/hard\libc_nano.a(lib_a-memmove.o)
                0x0000000008007fea                memmove
 .text.memset   0x000000000800801c       0x10 c:/st/stm32cubeide_1.4.0/stm32cubeide/plugins/com.st.stm32cube.ide.mcu.externaltools.gnu-tools-for-stm32.7-2018-q2-update.win32_1.4.0.202007081208/tools/bin/../lib/gcc/arm-none-eabi/7.3.1/../../../../arm-none-eabi/lib/thumb/v7e-m/fpv5/hard\libc_nano.a(lib_a-memset.o)
                0x000000000800801c                memset
 *(.glue_7)
 .glue_7        0x000000000800802c        0x0 linker stubs
 *(.glue_7t)
 .glue_7t       0x000000000800802c        0x0 linker stubs
 *(.eh_frame)
 .eh_frame      0x000000000800802c        0x0 c:/st/stm32cubeide_1.4.0/stm32cubeide/plugins/com.st.stm32cube.ide.mcu.externaltools.gnu-tools-for-stm32.7-2018-q2-update.win32_1.4.0.202007081208/tools/bin/../lib/gcc/arm-none-eabi/7.3.1/thumb/v7e-m/fpv5/hard/crtbegin.o
 *(.init)
 .init          0x000000000800802c        0x4 c:/st/stm32cubeide_1.4.0/stm32cubeide/plugins/com.st.stm32cube.ide.mcu.externaltools.gnu-tools-for-stm32.7-2018-q2-update.win32_1.4.0.202007081208/tools/bin/../lib/gcc/arm-none-eabi/7.3.1/thumb/v7e-m/fpv5/hard/crti.o
                0x000000000800802c                _init
 .init          0x0000000008008030        0x8 c:/st/stm32cubeide_1.4.0/stm32cubeide/plugins/com.st.stm32cube.ide.mcu.externaltools.gnu-tools-for-stm32.7-2018-q2-update.win32_1.4.0.202007081208/tools/bin/../lib/gcc/arm-none-eabi/7.3.1/thumb/v7e-m/fpv5/hard/crtn.o
 *(.fini)
 .fini          0x0000000008008038        0x4 c:/st/stm32cubeide_1.4.0/stm32cubeide/plugins/com.st.stm32cube.ide.mcu.externaltools.gnu-tools-for-stm32.7-2018-q2-update.win32_1.4.0.202007081208/tools/bin/../lib/gcc/arm-none-eabi/7.3.1/thumb/v7e-m/fpv5/hard/crti.o
                0x0000000008008038                _fini
 .fini          0x000000000800803c        0x8 c:/st/stm32cubeide_1.4.0/stm32cubeide/plugins/com.st.stm32cube.ide.mcu.externaltools.gnu-tools-for-stm32.7-2018-q2-update.win32_1.4.0.202007081208/tools/bin/../lib/gcc/arm-none-eabi/7.3.1/thumb/v7e-m/fpv5/hard/crtn.o
                0x0000000008008044                . = ALIGN (0x4)
                0x0000000008008044                _etext = .

.vfp11_veneer   0x0000000008008044        0x0
 .vfp11_veneer  0x0000000008008044        0x0 linker stubs

.v4_bx          0x0000000008008044        0x0
 .v4_bx         0x0000000008008044        0x0 linker stubs

.iplt           0x0000000008008044        0x0
 .iplt          0x0000000008008044        0x0 c:/st/stm32cubeide_1.4.0/stm32cubeide/plugins/com.st.stm32cube.ide.mcu.externaltools.gnu-tools-for-stm32.7-2018-q2-update.win32_1.4.0.202007081208/tools/bin/../lib/gcc/arm-none-eabi/7.3.1/thumb/v7e-m/fpv5/hard/crtbegin.o

.rodata         0x0000000008008044      0xcc8
                0x0000000008008044                . = ALIGN (0x4)
 *(.rodata)
 .rodata        0x0000000008008044       0x10 Drivers/CMSIS/system_stm32h7xx.o
                0x0000000008008044                D1CorePrescTable
 .rodata        0x0000000008008054       0x18 ../../../Middlewares/ST/STemWin/Lib\STemWin_CM7_wc32_ARGB.a(GUICC_M565.o)
                0x0000000008008054                LCD_API_ColorConv_M565
 .rodata        0x000000000800806c       0x17 ../../../Middlewares/ST/STemWin/Lib\STemWin_CM7_wc32_ARGB.a(GUI_Core.o)
 *fill*         0x0000000008008083        0x1 
 .rodata        0x0000000008008084       0x10 ../../../Middlewares/ST/STemWin/Lib\STemWin_CM7_wc32_ARGB.a(GUI_UC_EncodeNone.o)
                0x0000000008008084                GUI_UC_None
 .rodata        0x0000000008008094      0x370 ../../../Middlewares/ST/STemWin/Lib\STemWin_CM7_wc32_ARGB.a(GUI__DivTbl.o)
                0x0000000008008094                GUI__aConvert_255_63
                0x0000000008008194                GUI__aConvert_255_31
                0x0000000008008294                GUI__aConvert_255_15
                0x0000000008008394                GUI__aConvert_63_255
                0x00000000080083d4                GUI__aConvert_31_255
                0x00000000080083f4                GUI__aConvert_15_255
 .rodata        0x0000000008008404        0xc ../../../Middlewares/ST/STemWin/Lib\STemWin_CM7_wc32_ARGB.a(LCD.o)
 .rodata        0x0000000008008410       0x34 ../../../Middlewares/ST/STemWin/Lib\STemWin_CM7_wc32_ARGB.a(GUIDRV_Lin_16.o)
                0x0000000008008410                GUIDRV_Lin_16_API
 .rodata        0x0000000008008444      0x73c ../../../Middlewares/ST/STemWin/Lib\STemWin_CM7_wc32_ARGB.a(F6x8.o)
                0x0000000008008444                GUI_Font6x9
                0x0000000008008468                GUI_Font6x8
 .rodata        0x0000000008008b80       0x74 ../../../Middlewares/ST/STemWin/Lib\STemWin_CM7_wc32_ARGB.a(GUIDEV_16.o)
                0x0000000008008b80                GUI_MEMDEV_DEVICE_16
 .rodata        0x0000000008008bf4       0x18 ../../../Middlewares/ST/STemWin/Lib\STemWin_CM7_wc32_ARGB.a(GUICC_0.o)
                0x0000000008008bf4                LCD_API_ColorConv_0
 .rodata        0x0000000008008c0c      0x100 ../../../Middlewares/ST/STemWin/Lib\STemWin_CM7_wc32_ARGB.a(LCD_Mirror.o)
                0x0000000008008c0c                LCD_aMirror
 *(.rodata*)
                0x0000000008008d0c                . = ALIGN (0x4)

.rel.dyn        0x0000000008008d0c        0x0
 .rel.iplt      0x0000000008008d0c        0x0 c:/st/stm32cubeide_1.4.0/stm32cubeide/plugins/com.st.stm32cube.ide.mcu.externaltools.gnu-tools-for-stm32.7-2018-q2-update.win32_1.4.0.202007081208/tools/bin/../lib/gcc/arm-none-eabi/7.3.1/thumb/v7e-m/fpv5/hard/crtbegin.o

.ARM.extab
 *(.ARM.extab* .gnu.linkonce.armextab.*)

.ARM            0x0000000008008d0c        0x0
                0x0000000008008d0c                __exidx_start = .
 *(.ARM.exidx*)
                0x0000000008008d0c                __exidx_end = .

.preinit_array  0x0000000008008d0c        0x0
                0x0000000008008d0c                PROVIDE (__preinit_array_start = .)
 *(.preinit_array*)
                0x0000000008008d0c                PROVIDE (__preinit_array_end = .)

.init_array     0x0000000008008d0c        0x4
                0x0000000008008d0c                PROVIDE (__init_array_start = .)
 *(SORT_BY_NAME(.init_array.*))
 *(.init_array*)
 .init_array    0x0000000008008d0c        0x4 c:/st/stm32cubeide_1.4.0/stm32cubeide/plugins/com.st.stm32cube.ide.mcu.externaltools.gnu-tools-for-stm32.7-2018-q2-update.win32_1.4.0.202007081208/tools/bin/../lib/gcc/arm-none-eabi/7.3.1/thumb/v7e-m/fpv5/hard/crtbegin.o
                0x0000000008008d10                PROVIDE (__init_array_end = .)

.fini_array     0x0000000008008d10        0x4
                [!provide]                        PROVIDE (__fini_array_start = .)
 *(SORT_BY_NAME(.fini_array.*))
 *(.fini_array*)
 .fini_array    0x0000000008008d10        0x4 c:/st/stm32cubeide_1.4.0/stm32cubeide/plugins/com.st.stm32cube.ide.mcu.externaltools.gnu-tools-for-stm32.7-2018-q2-update.win32_1.4.0.202007081208/tools/bin/../lib/gcc/arm-none-eabi/7.3.1/thumb/v7e-m/fpv5/hard/crtbegin.o
                [!provide]                        PROVIDE (__fini_array_end = .)
                0x0000000008008d14                _sidata = LOADADDR (.data)

.data           0x0000000024000000       0x3c load address 0x0000000008008d14
                0x0000000024000000                . = ALIGN (0x4)
                0x0000000024000000                _sdata = .
 *(.data)
 .data          0x0000000024000000        0x8 Drivers/CMSIS/system_stm32h7xx.o
                0x0000000024000000                SystemCoreClock
                0x0000000024000004                SystemD2Clock
 .data          0x0000000024000008        0x8 Drivers/STM32H7xx_HAL_Driver/stm32h7xx_hal.o
                0x0000000024000008                uwTickFreq
                0x000000002400000c                uwTickPrio
 .data          0x0000000024000010        0x7 ../../../Middlewares/ST/STemWin/Lib\STemWin_CM7_wc32_ARGB.a(GUI_Common.o)
 *fill*         0x0000000024000017        0x1 
 .data          0x0000000024000018       0x14 ../../../Middlewares/ST/STemWin/Lib\STemWin_CM7_wc32_ARGB.a(GUI_Core.o)
                0x0000000024000018                GUI_pfGetpPalConvTable
                0x000000002400001c                GUI__pFontDefault
                0x0000000024000020                GUI__ColorDefault
                0x0000000024000024                GUI__BkColorDefault
                0x0000000024000028                GUI_pContext
 .data          0x000000002400002c        0x8 ../../../Middlewares/ST/STemWin/Lib\STemWin_CM7_wc32_ARGB.a(GUI__Private.o)
                0x000000002400002c                GUI__pfMemcpy
                0x0000000024000030                GUI__pfMemset
 .data          0x0000000024000034        0x4 ../../../Middlewares/ST/STemWin/Lib\STemWin_CM7_wc32_ARGB.a(LCD.o)
                0x0000000024000034                LCD__pSetColorAPI
 .data          0x0000000024000038        0x4 ../../../Middlewares/ST/STemWin/Lib\STemWin_CM7_wc32_ARGB.a(LCD_Color.o)
 *(.data*)
                0x000000002400003c                . = ALIGN (0x4)
                0x000000002400003c                _edata = .

.igot.plt       0x000000002400003c        0x0 load address 0x0000000008008d50
 .igot.plt      0x000000002400003c        0x0 c:/st/stm32cubeide_1.4.0/stm32cubeide/plugins/com.st.stm32cube.ide.mcu.externaltools.gnu-tools-for-stm32.7-2018-q2-update.win32_1.4.0.202007081208/tools/bin/../lib/gcc/arm-none-eabi/7.3.1/thumb/v7e-m/fpv5/hard/crtbegin.o

.GUI_NUMBYTES_section
                0x000000002400003c    0x2d000 load address 0x0000000008008d50
 .GUI_NUMBYTES_section
                0x000000002400003c    0x2d000 Middlewares/Target/GUIConf_stm32h743i_eval.o
                0x000000002400003c                aMemory
                0x000000002402d03c                . = ALIGN (0x4)

.bss            0x000000002402d040      0x6ec load address 0x0000000008035d50
                0x000000002402d040                _sbss = .
                0x000000002402d040                __bss_start__ = _sbss
 *(.bss)
 .bss           0x000000002402d040       0x1c c:/st/stm32cubeide_1.4.0/stm32cubeide/plugins/com.st.stm32cube.ide.mcu.externaltools.gnu-tools-for-stm32.7-2018-q2-update.win32_1.4.0.202007081208/tools/bin/../lib/gcc/arm-none-eabi/7.3.1/thumb/v7e-m/fpv5/hard/crtbegin.o
 .bss           0x000000002402d05c        0x8 Application/User/Core/main.o
                0x000000002402d05c                x_size
                0x000000002402d060                y_size
 .bss           0x000000002402d064       0x10 Drivers/BSP/Components/is42s32800g.o
 .bss           0x000000002402d074       0xf8 Drivers/BSP/STM32H743I_EVAL/stm32h743i_eval_sdram.o
 .bss           0x000000002402d16c      0x140 Middlewares/Target/LCDConf_stm32h743i_eval.o
 .bss           0x000000002402d2ac        0x8 ../../../Middlewares/ST/STemWin/Lib\STemWin_CM7_wc32_ARGB.a(GUICC_M565.o)
 .bss           0x000000002402d2b4        0xc ../../../Middlewares/ST/STemWin/Lib\STemWin_CM7_wc32_ARGB.a(GUI_Alloc.o)
 .bss           0x000000002402d2c0       0xa4 ../../../Middlewares/ST/STemWin/Lib\STemWin_CM7_wc32_ARGB.a(GUI_Core.o)
 .bss           0x000000002402d364       0x2c ../../../Middlewares/ST/STemWin/Lib\STemWin_CM7_wc32_ARGB.a(GUI_MULTIBUF.o)
 .bss           0x000000002402d390       0x60 ../../../Middlewares/ST/STemWin/Lib\STemWin_CM7_wc32_ARGB.a(GUI_OnKey.o)
 .bss           0x000000002402d3f0        0x8 ../../../Middlewares/ST/STemWin/Lib\STemWin_CM7_wc32_ARGB.a(GUI_WaitEvent.o)
 .bss           0x000000002402d3f8        0xc ../../../Middlewares/ST/STemWin/Lib\STemWin_CM7_wc32_ARGB.a(LCD_Color.o)
 .bss           0x000000002402d404        0x8 ../../../Middlewares/ST/STemWin/Lib\STemWin_CM7_wc32_ARGB.a(LCD_GetEx.o)
 .bss           0x000000002402d40c        0x4 ../../../Middlewares/ST/STemWin/Lib\STemWin_CM7_wc32_ARGB.a(GUIDEV_16.o)
 .bss           0x000000002402d410       0x30 ../../../Middlewares/ST/STemWin/Lib\STemWin_CM7_wc32_ARGB.a(WM.o)
 .bss           0x000000002402d440        0x4 ../../../Middlewares/ST/STemWin/Lib\STemWin_CM7_wc32_ARGB.a(WM__Private.o)
 *(.bss*)
 *(COMMON)
 *fill*         0x000000002402d444        0x4 
 COMMON         0x000000002402d448       0x50 Application/User/Core/main.o
                0x000000002402d448                d_int
                0x000000002402d488                hTS
 COMMON         0x000000002402d498       0x34 Drivers/BSP/STM32H743I_EVAL/stm32h743i_eval_sdram.o
                0x000000002402d498                hsdram
 COMMON         0x000000002402d4cc        0x4 Drivers/STM32H7xx_HAL_Driver/stm32h7xx_hal.o
                0x000000002402d4cc                uwTick
 COMMON         0x000000002402d4d0        0x4 Middlewares/OS/GUI_X.o
                0x000000002402d4d0                OS_TimeMS
 COMMON         0x000000002402d4d4       0xa8 Middlewares/Target/LCDConf_stm32h743i_eval.o
                0x000000002402d4d4                hltdc
 COMMON         0x000000002402d57c       0xc0 ../../../Middlewares/ST/STemWin/Lib\STemWin_CM7_wc32_ARGB.a(GUI_Alloc.o)
                0x000000002402d57c                GUI_ALLOC__Context
 COMMON         0x000000002402d63c       0x60 ../../../Middlewares/ST/STemWin/Lib\STemWin_CM7_wc32_ARGB.a(GUI_Core.o)
                0x000000002402d63c                GUI__aNumBuffers
                0x000000002402d63e                GUI__NumLayersInUse
                0x000000002402d640                GUI__LayerMask
                0x000000002402d644                GUI_DecChar
                0x000000002402d648                GUI_pLCD_APIList
                0x000000002402d64c                GUI_AA__ClipX0
                0x000000002402d650                GUI_DCACHE__pfClearCacheHook
                0x000000002402d654                GUI_OrgY
                0x000000002402d658                GUI_pfHookMTOUCH
                0x000000002402d65c                GUI_pfDispCharLine
                0x000000002402d660                GUI_pfTimerExec
                0x000000002402d664                GUI_OrgX
                0x000000002402d668                GUI_pfDispCharStyle
                0x000000002402d66c                GUI__IsInitialized
                0x000000002402d670                GUI__pfDrawM565BitmapFunc
                0x000000002402d674                GUI__PreserveTrans
                0x000000002402d678                GUI__pfDrawM565MemdevFunc
                0x000000002402d67c                GUI_MTOUCH__pStoreEvent
                0x000000002402d680                GUI_pfExecAnimations
                0x000000002402d684                GUI_pUC_API
                0x000000002402d688                GUI_pfUpdateSoftLayer
                0x000000002402d68c                GUI__apDevice
                0x000000002402d694                GUI__BufferSize
                0x000000002402d698                WM_pfHandlePID
 COMMON         0x000000002402d69c        0x4 ../../../Middlewares/ST/STemWin/Lib\STemWin_CM7_wc32_ARGB.a(LCD_Color.o)
                0x000000002402d69c                LCD__aConvTable
 COMMON         0x000000002402d6a0       0x5c ../../../Middlewares/ST/STemWin/Lib\STemWin_CM7_wc32_ARGB.a(WM.o)
                0x000000002402d6a0                WM__NumWindows
                0x000000002402d6a4                WM__hATransWindow
                0x000000002402d6a8                WM__ahDesktopWin
                0x000000002402d6b0                WM_pfPollPID
                0x000000002402d6b4                WM__pExecGestures
                0x000000002402d6b8                WM__ahWinFocus
                0x000000002402d6c0                WM__NumInvalidWindows
                0x000000002402d6c4                WM__FirstWin
                0x000000002402d6c8                WM__TouchedLayer
                0x000000002402d6cc                WM__CaptureReleaseAuto
                0x000000002402d6d0                WM__InvalidLayerMask
                0x000000002402d6d4                WM__PaintCallbackCnt
                0x000000002402d6d8                WM__CreateFlags
                0x000000002402d6dc                WM__aBkColor
                0x000000002402d6e4                WM__pFirstCriticalHandle
                0x000000002402d6e8                WM_MULTIBUF__pAPI
                0x000000002402d6ec                WM__ahCapture
                0x000000002402d6f4                WM__hCreateStatic
                0x000000002402d6f8                WM__TransWindowCnt
 COMMON         0x000000002402d6fc       0x30 ../../../Middlewares/ST/STemWin/Lib\STemWin_CM7_wc32_ARGB.a(WM_Touch.o)
                0x000000002402d6fc                WM__aCHWinMouseOver
                0x000000002402d70c                WM__aCHWinLast
                0x000000002402d71c                WM__aCHWinModal
                0x000000002402d72c                . = ALIGN (0x4)
                0x000000002402d72c                _ebss = .
                0x000000002402d72c                __bss_end__ = _ebss

._user_heap_stack
                0x000000002402d72c     0x6204 load address 0x0000000008035d50
                0x000000002402d730                . = ALIGN (0x8)
 *fill*         0x000000002402d72c        0x4 
                [!provide]                        PROVIDE (end = .)
                [!provide]                        PROVIDE (_end = .)
                0x000000002402f930                . = (. + _Min_Heap_Size)
 *fill*         0x000000002402d730     0x2200 
                0x0000000024033930                . = (. + _Min_Stack_Size)
 *fill*         0x000000002402f930     0x4000 
                0x0000000024033930                . = ALIGN (0x8)

/DISCARD/
 libc.a(*)
 libm.a(*)
 libgcc.a(*)

.ARM.attributes
                0x0000000000000000       0x2e
 *(.ARM.attributes)
 .ARM.attributes
                0x0000000000000000       0x20 c:/st/stm32cubeide_1.4.0/stm32cubeide/plugins/com.st.stm32cube.ide.mcu.externaltools.gnu-tools-for-stm32.7-2018-q2-update.win32_1.4.0.202007081208/tools/bin/../lib/gcc/arm-none-eabi/7.3.1/thumb/v7e-m/fpv5/hard/crti.o
 .ARM.attributes
                0x0000000000000020       0x32 c:/st/stm32cubeide_1.4.0/stm32cubeide/plugins/com.st.stm32cube.ide.mcu.externaltools.gnu-tools-for-stm32.7-2018-q2-update.win32_1.4.0.202007081208/tools/bin/../lib/gcc/arm-none-eabi/7.3.1/thumb/v7e-m/fpv5/hard/crtbegin.o
 .ARM.attributes
                0x0000000000000052       0x21 Application/SW4STM32/startup_stm32h743xx.o
 .ARM.attributes
                0x0000000000000073       0x37 Application/User/Core/main.o
 .ARM.attributes
                0x00000000000000aa       0x37 Application/User/Core/stm32h7xx_it.o
 .ARM.attributes
                0x00000000000000e1       0x37 Drivers/BSP/Components/is42s32800g.o
 .ARM.attributes
                0x0000000000000118       0x37 Drivers/BSP/STM32H743I_EVAL/stm32h743i_eval_sdram.o
 .ARM.attributes
                0x000000000000014f       0x37 Drivers/CMSIS/system_stm32h7xx.o
 .ARM.attributes
                0x0000000000000186       0x37 Drivers/STM32H7xx_HAL_Driver/stm32h7xx_hal.o
 .ARM.attributes
                0x00000000000001bd       0x37 Drivers/STM32H7xx_HAL_Driver/stm32h7xx_hal_cortex.o
 .ARM.attributes
                0x00000000000001f4       0x37 Drivers/STM32H7xx_HAL_Driver/stm32h7xx_hal_dma2d.o
 .ARM.attributes
                0x000000000000022b       0x37 Drivers/STM32H7xx_HAL_Driver/stm32h7xx_hal_gpio.o
 .ARM.attributes
                0x0000000000000262       0x37 Drivers/STM32H7xx_HAL_Driver/stm32h7xx_hal_ltdc.o
 .ARM.attributes
                0x0000000000000299       0x37 Drivers/STM32H7xx_HAL_Driver/stm32h7xx_hal_mdma.o
 .ARM.attributes
                0x00000000000002d0       0x37 Drivers/STM32H7xx_HAL_Driver/stm32h7xx_hal_pwr_ex.o
 .ARM.attributes
                0x0000000000000307       0x37 Drivers/STM32H7xx_HAL_Driver/stm32h7xx_hal_rcc.o
 .ARM.attributes
                0x000000000000033e       0x37 Drivers/STM32H7xx_HAL_Driver/stm32h7xx_hal_rcc_ex.o
 .ARM.attributes
                0x0000000000000375       0x37 Drivers/STM32H7xx_HAL_Driver/stm32h7xx_hal_sdram.o
 .ARM.attributes
                0x00000000000003ac       0x37 Drivers/STM32H7xx_HAL_Driver/stm32h7xx_ll_fmc.o
 .ARM.attributes