Archive member included to satisfy reference by file (symbol)

../../../Middlewares/ST/STemWin/Lib\STemWin_CM7_wc32_ARGB.a(GUICC_M565.o)
                              Middlewares/Target/LCDConf_stm32h743i_eval.o (LCD_API_ColorConv_M565)
../../../Middlewares/ST/STemWin/Lib\STemWin_CM7_wc32_ARGB.a(GUI_Alloc.o)
                              Middlewares/Target/GUIConf_stm32h743i_eval.o (GUI_ALLOC_AssignMemory)
../../../Middlewares/ST/STemWin/Lib\STemWin_CM7_wc32_ARGB.a(GUI_Common.o)
                              Middlewares/Target/LCDConf_stm32h743i_eval.o (GUI_GetDrawMode)
../../../Middlewares/ST/STemWin/Lib\STemWin_CM7_wc32_ARGB.a(GUI_Core.o)
                              ../../../Middlewares/ST/STemWin/Lib\STemWin_CM7_wc32_ARGB.a(GUI_Common.o) (GUI_pfExecAnimations)
../../../Middlewares/ST/STemWin/Lib\STemWin_CM7_wc32_ARGB.a(GUI_Device.o)
                              Middlewares/Target/LCDConf_stm32h743i_eval.o (GUI_DEVICE_CreateAndLink)
../../../Middlewares/ST/STemWin/Lib\STemWin_CM7_wc32_ARGB.a(GUI_DispString.o)
                              ../../../Middlewares/ST/STemWin/Lib\STemWin_CM7_wc32_ARGB.a(GUI_Common.o) (GUI_DispString)
../../../Middlewares/ST/STemWin/Lib\STemWin_CM7_wc32_ARGB.a(GUI_DispStringInRectEx.o)
                              ../../../Middlewares/ST/STemWin/Lib\STemWin_CM7_wc32_ARGB.a(GUI_DispString.o) (GUI_DispStringInRectEx)
../../../Middlewares/ST/STemWin/Lib\STemWin_CM7_wc32_ARGB.a(GUI_MULTIBUF.o)
                              Middlewares/Target/LCDConf_stm32h743i_eval.o (GUI_MULTIBUF_ConfirmEx)
../../../Middlewares/ST/STemWin/Lib\STemWin_CM7_wc32_ARGB.a(GUI_OnKey.o)
                              ../../../Middlewares/ST/STemWin/Lib\STemWin_CM7_wc32_ARGB.a(GUI_Common.o) (GUI_GetKey)
../../../Middlewares/ST/STemWin/Lib\STemWin_CM7_wc32_ARGB.a(GUI_SelectLayer.o)
                              Middlewares/Target/LCDConf_stm32h743i_eval.o (GUI_GetLayerPosEx)
../../../Middlewares/ST/STemWin/Lib\STemWin_CM7_wc32_ARGB.a(GUI_UC.o)
                              ../../../Middlewares/ST/STemWin/Lib\STemWin_CM7_wc32_ARGB.a(GUI_DispString.o) (GUI_UC__GetCharCodeInc)
../../../Middlewares/ST/STemWin/Lib\STemWin_CM7_wc32_ARGB.a(GUI_UC_EncodeNone.o)
                              ../../../Middlewares/ST/STemWin/Lib\STemWin_CM7_wc32_ARGB.a(GUI_Core.o) (GUI_UC_None)
../../../Middlewares/ST/STemWin/Lib\STemWin_CM7_wc32_ARGB.a(GUI_WaitEvent.o)
                              ../../../Middlewares/ST/STemWin/Lib\STemWin_CM7_wc32_ARGB.a(GUI_OnKey.o) (GUI_SignalEvent)
../../../Middlewares/ST/STemWin/Lib\STemWin_CM7_wc32_ARGB.a(GUI__DivTbl.o)
                              ../../../Middlewares/ST/STemWin/Lib\STemWin_CM7_wc32_ARGB.a(GUICC_M565.o) (GUI__aConvert_255_63)
../../../Middlewares/ST/STemWin/Lib\STemWin_CM7_wc32_ARGB.a(GUI__Private.o)
                              ../../../Middlewares/ST/STemWin/Lib\STemWin_CM7_wc32_ARGB.a(GUI_Common.o) (GUI__HandleEOLine)
../../../Middlewares/ST/STemWin/Lib\STemWin_CM7_wc32_ARGB.a(GUI__SinHQ.o)
                              ../../../Middlewares/ST/STemWin/Lib\STemWin_CM7_wc32_ARGB.a(GUI_Common.o) (GUI__SinHQ)
../../../Middlewares/ST/STemWin/Lib\STemWin_CM7_wc32_ARGB.a(GUI__Wrap.o)
                              ../../../Middlewares/ST/STemWin/Lib\STemWin_CM7_wc32_ARGB.a(GUI_DispString.o) (GUI__WrapGetNumCharsDisp)
../../../Middlewares/ST/STemWin/Lib\STemWin_CM7_wc32_ARGB.a(LCD.o)
                              ../../../Middlewares/ST/STemWin/Lib\STemWin_CM7_wc32_ARGB.a(GUI_Common.o) (LCD_SetDrawMode)
../../../Middlewares/ST/STemWin/Lib\STemWin_CM7_wc32_ARGB.a(LCD_Color.o)
                              ../../../Middlewares/ST/STemWin/Lib\STemWin_CM7_wc32_ARGB.a(LCD.o) (LCD_InitColors)
../../../Middlewares/ST/STemWin/Lib\STemWin_CM7_wc32_ARGB.a(LCD_GetColorIndex.o)
                              ../../../Middlewares/ST/STemWin/Lib\STemWin_CM7_wc32_ARGB.a(GUI_Common.o) (LCD_GetBkColorIndex)
../../../Middlewares/ST/STemWin/Lib\STemWin_CM7_wc32_ARGB.a(LCD_GetEx.o)
                              Middlewares/Target/LCDConf_stm32h743i_eval.o (LCD_GetBitsPerPixelEx)
../../../Middlewares/ST/STemWin/Lib\STemWin_CM7_wc32_ARGB.a(LCD_GetNumDisplays.o)
                              ../../../Middlewares/ST/STemWin/Lib\STemWin_CM7_wc32_ARGB.a(LCD_Color.o) (LCD_GetNumLayers)
../../../Middlewares/ST/STemWin/Lib\STemWin_CM7_wc32_ARGB.a(LCD_GetP.o)
                              ../../../Middlewares/ST/STemWin/Lib\STemWin_CM7_wc32_ARGB.a(GUI_Common.o) (LCD_GetPixelIndex)
../../../Middlewares/ST/STemWin/Lib\STemWin_CM7_wc32_ARGB.a(LCD_GetPixelColor.o)
                              ../../../Middlewares/ST/STemWin/Lib\STemWin_CM7_wc32_ARGB.a(GUI__Private.o) (LCD_GetPixelColor)
../../../Middlewares/ST/STemWin/Lib\STemWin_CM7_wc32_ARGB.a(LCD_Rotate180.o)
                              ../../../Middlewares/ST/STemWin/Lib\STemWin_CM7_wc32_ARGB.a(GUI_DispString.o) (LCD_APIList180)
../../../Middlewares/ST/STemWin/Lib\STemWin_CM7_wc32_ARGB.a(LCD_RotateCCW.o)
[...]
Memory Configuration

Name             Origin             Length             Attributes
FLASH            0x0000000008000000 0x0000000000200000 xr
RAM              0x0000000024000000 0x0000000000080000 xrw
ITCMRAM          0x0000000000000000 0x0000000000010000 xrw
*default*        0x0000000000000000 0xffffffffffffffff

Linker script and memory map

LOAD c:/st/stm32cubeide_1.4.0/stm32cubeide/plugins/com.st.stm32cube.ide.mcu.externaltools.gnu-tools-for-stm32.7-2018-q2-update.win32_1.4.0.202007081208/tools/bin/../lib/gcc/arm-none-eabi/7.3.1/thumb/v7e-m/fpv5/hard/crti.o
LOAD c:/st/stm32cubeide_1.4.0/stm32cubeide/plugins/com.st.stm32cube.ide.mcu.externaltools.gnu-tools-for-stm32.7-2018-q2-update.win32_1.4.0.202007081208/tools/bin/../lib/gcc/arm-none-eabi/7.3.1/thumb/v7e-m/fpv5/hard/crtbegin.o
LOAD c:/st/stm32cubeide_1.4.0/stm32cubeide/plugins/com.st.stm32cube.ide.mcu.externaltools.gnu-tools-for-stm32.7-2018-q2-update.win32_1.4.0.202007081208/tools/bin/../lib/gcc/arm-none-eabi/7.3.1/../../../../arm-none-eabi/lib/thumb/v7e-m/fpv5/hard/crt0.o
LOAD Application/SW4STM32/startup_stm32h743xx.o
LOAD Application/User/Core/main.o
LOAD Application/User/Core/stm32h7xx_it.o
LOAD Application/User/STemWin/BASIC_HelloWorld.o
LOAD Drivers/BSP/Components/exc7200.o
LOAD Drivers/BSP/Components/exc7200_reg.o
LOAD Drivers/BSP/Components/is42s32800g.o
LOAD Drivers/BSP/Components/mfxstm32l152.o
LOAD Drivers/BSP/Components/mfxstm32l152_reg.o
LOAD Drivers/BSP/Components/stmpe811.o
LOAD Drivers/BSP/Components/stmpe811_reg.o
LOAD Drivers/BSP/Components/ts3510.o
LOAD Drivers/BSP/Components/ts3510_reg.o
LOAD Drivers/BSP/STM32H743I_EVAL/stm32h743i_eval.o
LOAD Drivers/BSP/STM32H743I_EVAL/stm32h743i_eval_bus.o
LOAD Drivers/BSP/STM32H743I_EVAL/stm32h743i_eval_io.o
LOAD Drivers/BSP/STM32H743I_EVAL/stm32h743i_eval_sdram.o
LOAD Drivers/CMSIS/system_stm32h7xx.o
LOAD Drivers/STM32H7xx_HAL_Driver/stm32h7xx_hal.o
LOAD Drivers/STM32H7xx_HAL_Driver/stm32h7xx_hal_adc.o
LOAD Drivers/STM32H7xx_HAL_Driver/stm32h7xx_hal_adc_ex.o
LOAD Drivers/STM32H7xx_HAL_Driver/stm32h7xx_hal_cortex.o
LOAD Drivers/STM32H7xx_HAL_Driver/stm32h7xx_hal_dma.o
LOAD Drivers/STM32H7xx_HAL_Driver/stm32h7xx_hal_dma2d.o
LOAD Drivers/STM32H7xx_HAL_Driver/stm32h7xx_hal_dma_ex.o
LOAD Drivers/STM32H7xx_HAL_Driver/stm32h7xx_hal_exti.o
LOAD Drivers/STM32H7xx_HAL_Driver/stm32h7xx_hal_flash.o
LOAD Drivers/STM32H7xx_HAL_Driver/stm32h7xx_hal_flash_ex.o
LOAD Drivers/STM32H7xx_HAL_Driver/stm32h7xx_hal_gpio.o
LOAD Drivers/STM32H7xx_HAL_Driver/stm32h7xx_hal_i2c.o
LOAD Drivers/STM32H7xx_HAL_Driver/stm32h7xx_hal_i2c_ex.o
LOAD Drivers/STM32H7xx_HAL_Driver/stm32h7xx_hal_ltdc.o
LOAD Drivers/STM32H7xx_HAL_Driver/stm32h7xx_hal_mdma.o
LOAD Drivers/STM32H7xx_HAL_Driver/stm32h7xx_hal_pwr.o
LOAD Drivers/STM32H7xx_HAL_Driver/stm32h7xx_hal_pwr_ex.o
LOAD Drivers/STM32H7xx_HAL_Driver/stm32h7xx_hal_rcc.o
LOAD Drivers/STM32H7xx_HAL_Driver/stm32h7xx_hal_rcc_ex.o
LOAD Drivers/STM32H7xx_HAL_Driver/stm32h7xx_hal_sdram.o
LOAD Drivers/STM32H7xx_HAL_Driver/stm32h7xx_hal_uart.o
LOAD Drivers/STM32H7xx_HAL_Driver/stm32h7xx_hal_uart_ex.o
LOAD Drivers/STM32H7xx_HAL_Driver/stm32h7xx_ll_fmc.o
LOAD Middlewares/OS/GUI_X.o
LOAD Middlewares/Target/GUIConf_stm32h743i_eval.o
LOAD Middlewares/Target/LCDConf_stm32h743i_eval.o
LOAD ../../../Middlewares/ST/STemWin/Lib\STemWin_CM7_wc32_ARGB.a
START GROUP
LOAD c:/st/stm32cubeide_1.4.0/stm32cubeide/plugins/com.st.stm32cube.ide.mcu.externaltools.gnu-tools-for-stm32.7-2018-q2-update.win32_1.4.0.202007081208/tools/bin/../lib/gcc/arm-none-eabi/7.3.1/../../../../arm-none-eabi/lib/thumb/v7e-m/fpv5/hard\libc_nano.a
LOAD c:/st/stm32cubeide_1.4.0/stm32cubeide/plugins/com.st.stm32cube.ide.mcu.externaltools.gnu-tools-for-stm32.7-2018-q2-update.win32_1.4.0.202007081208/tools/bin/../lib/gcc/arm-none-eabi/7.3.1/../../../../arm-none-eabi/lib/thumb/v7e-m/fpv5/hard\libm.a
END GROUP
START GROUP
LOAD c:/st/stm32cubeide_1.4.0/stm32cubeide/plugins/com.st.stm32cube.ide.mcu.externaltools.gnu-tools-for-stm32.7-2018-q2-update.win32_1.4.0.202007081208/tools/bin/../lib/gcc/arm-none-eabi/7.3.1/thumb/v7e-m/fpv5/hard\libgcc.a
LOAD c:/st/stm32cubeide_1.4.0/stm32cubeide/plugins/com.st.stm32cube.ide.mcu.externaltools.gnu-tools-for-stm32.7-2018-q2-update.win32_1.4.0.202007081208/tools/bin/../lib/gcc/arm-none-eabi/7.3.1/../../../../arm-none-eabi/lib/thumb/v7e-m/fpv5/hard\libc_nano.a
END GROUP
START GROUP
LOAD c:/st/stm32cubeide_1.4.0/stm32cubeide/plugins/com.st.stm32cube.ide.mcu.externaltools.gnu-tools-for-stm32.7-2018-q2-update.win32_1.4.0.202007081208/tools/bin/../lib/gcc/arm-none-eabi/7.3.1/thumb/v7e-m/fpv5/hard\libgcc.a
LOAD c:/st/stm32cubeide_1.4.0/stm32cubeide/plugins/com.st.stm32cube.ide.mcu.externaltools.gnu-tools-for-stm32.7-2018-q2-update.win32_1.4.0.202007081208/tools/bin/../lib/gcc/arm-none-eabi/7.3.1/../../../../arm-none-eabi/lib/thumb/v7e-m/fpv5/hard\libc_nano.a
LOAD c:/st/stm32cubeide_1.4.0/stm32cubeide/plugins/com.st.stm32cube.ide.mcu.externaltools.gnu-tools-for-stm32.7-2018-q2-update.win32_1.4.0.202007081208/tools/bin/../lib/gcc/arm-none-eabi/7.3.1/../../../../arm-none-eabi/lib/thumb/v7e-m/fpv5/hard\libnosys.a
END GROUP
START GROUP
LOAD c:/st/stm32cubeide_1.4.0/stm32cubeide/plugins/com.st.stm32cube.ide.mcu.externaltools.gnu-tools-for-stm32.7-2018-q2-update.win32_1.4.0.202007081208/tools/bin/../lib/gcc/arm-none-eabi/7.3.1/thumb/v7e-m/fpv5/hard\libgcc.a
LOAD c:/st/stm32cubeide_1.4.0/stm32cubeide/plugins/com.st.stm32cube.ide.mcu.externaltools.gnu-tools-for-stm32.7-2018-q2-update.win32_1.4.0.202007081208/tools/bin/../lib/gcc/arm-none-eabi/7.3.1/../../../../arm-none-eabi/lib/thumb/v7e-m/fpv5/hard\libc_nano.a
LOAD c:/st/stm32cubeide_1.4.0/stm32cubeide/plugins/com.st.stm32cube.ide.mcu.externaltools.gnu-tools-for-stm32.7-2018-q2-update.win32_1.4.0.202007081208/tools/bin/../lib/gcc/arm-none-eabi/7.3.1/../../../../arm-none-eabi/lib/thumb/v7e-m/fpv5/hard\libnosys.a
END GROUP
LOAD c:/st/stm32cubeide_1.4.0/stm32cubeide/plugins/com.st.stm32cube.ide.mcu.externaltools.gnu-tools-for-stm32.7-2018-q2-update.win32_1.4.0.202007081208/tools/bin/../lib/gcc/arm-none-eabi/7.3.1/thumb/v7e-m/fpv5/hard/crtend.o
LOAD c:/st/stm32cubeide_1.4.0/stm32cubeide/plugins/com.st.stm32cube.ide.mcu.externaltools.gnu-tools-for-stm32.7-2018-q2-update.win32_1.4.0.202007081208/tools/bin/../lib/gcc/arm-none-eabi/7.3.1/thumb/v7e-m/fpv5/hard/crtn.o
                0x0000000024080000                _estack = 0x24080000
                0x0000000000002200                _Min_Heap_Size = 0x2200
                0x0000000000004000                _Min_Stack_Size = 0x4000

.isr_vector     0x0000000008000000      0x298
                0x0000000008000000                . = ALIGN (0x4)
 *(.isr_vector)
 .isr_vector    0x0000000008000000      0x298 Application/SW4STM32/startup_stm32h743xx.o
                0x0000000008000000                g_pfnVectors
                0x0000000008000298                . = ALIGN (0x4)

.text           0x0000000008000298     0x8228
                0x0000000008000298                . = ALIGN (0x4)
 *(.text)
 .text          0x0000000008000298       0x40 c:/st/stm32cubeide_1.4.0/stm32cubeide/plugins/com.st.stm32cube.ide.mcu.externaltools.gnu-tools-for-stm32.7-2018-q2-update.win32_1.4.0.202007081208/tools/bin/../lib/gcc/arm-none-eabi/7.3.1/thumb/v7e-m/fpv5/hard/crtbegin.o
 *(.text*)
 .text.Reset_Handler
                0x00000000080002d8       0x50 Application/SW4STM32/startup_stm32h743xx.o
                0x00000000080002d8                Reset_Handler
 .text.Default_Handler
                0x0000000008000328        0x2 Application/SW4STM32/startup_stm32h743xx.o
                0x0000000008000328                RTC_Alarm_IRQHandler
                0x0000000008000328                EXTI2_IRQHandler
                0x0000000008000328                TIM8_CC_IRQHandler
                0x0000000008000328                HRTIM1_Master_IRQHandler
                0x0000000008000328                UART8_IRQHandler
                0x0000000008000328                SPI4_IRQHandler
                0x0000000008000328                TIM1_CC_IRQHandler
                0x0000000008000328                BDMA_Channel6_IRQHandler
                0x0000000008000328                DMA2_Stream5_IRQHandler
                0x0000000008000328                HRTIM1_FLT_IRQHandler
                0x0000000008000328                JPEG_IRQHandler
                0x0000000008000328                DMA1_Stream5_IRQHandler
                0x0000000008000328                BDMA_Channel1_IRQHandler
                0x0000000008000328                HRTIM1_TIMD_IRQHandler
                0x0000000008000328                TAMP_STAMP_IRQHandler
                0x0000000008000328                PendSV_Handler
                0x0000000008000328                EXTI3_IRQHandler
                0x0000000008000328                LPTIM4_IRQHandler
                0x0000000008000328                TIM8_TRG_COM_TIM14_IRQHandler
                0x0000000008000328                LPTIM2_IRQHandler
                0x0000000008000328                DFSDM1_FLT1_IRQHandler
                0x0000000008000328                DMAMUX2_OVR_IRQHandler
                0x0000000008000328                TIM8_UP_TIM13_IRQHandler
                0x0000000008000328                I2C3_ER_IRQHandler
                0x0000000008000328                DFSDM1_FLT2_IRQHandler
                0x0000000008000328                MDMA_IRQHandler
                0x0000000008000328                LPTIM3_IRQHandler
                0x0000000008000328                HSEM1_IRQHandler
                0x0000000008000328                EXTI0_IRQHandler
                0x0000000008000328                I2C2_EV_IRQHandler
                0x0000000008000328                DMA1_Stream2_IRQHandler
                0x0000000008000328                FPU_IRQHandler
                0x0000000008000328                OTG_HS_WKUP_IRQHandler
                0x0000000008000328                FDCAN1_IT1_IRQHandler
                0x0000000008000328                LTDC_ER_IRQHandler
                0x0000000008000328                DMA2_Stream2_IRQHandler
                0x0000000008000328                HRTIM1_TIME_IRQHandler
                0x0000000008000328                SPI1_IRQHandler
                0x0000000008000328                TIM6_DAC_IRQHandler
                0x0000000008000328                DCMI_IRQHandler
                0x0000000008000328                HRTIM1_TIMC_IRQHandler
                0x0000000008000328                DMA2_Stream3_IRQHandler
                0x0000000008000328                SAI2_IRQHandler
                0x0000000008000328                DFSDM1_FLT3_IRQHandler
                0x0000000008000328                USART6_IRQHandler
                0x0000000008000328                TIM17_IRQHandler
                0x0000000008000328                USART3_IRQHandler
                0x0000000008000328                BDMA_Channel7_IRQHandler
                0x0000000008000328                LPTIM5_IRQHandler
                0x0000000008000328                UART5_IRQHandler
                0x0000000008000328                ADC3_IRQHandler
                0x0000000008000328                DMA2_Stream0_IRQHandler
                0x0000000008000328                TIM4_IRQHandler
                0x0000000008000328                BDMA_Channel2_IRQHandler
                0x0000000008000328                QUADSPI_IRQHandler
                0x0000000008000328                I2C1_EV_IRQHandler
                0x0000000008000328                DMA1_Stream6_IRQHandler
                0x0000000008000328                DMAMUX1_OVR_IRQHandler
                0x0000000008000328                DMA1_Stream1_IRQHandler
                0x0000000008000328                TIM16_IRQHandler
                0x0000000008000328                UART4_IRQHandler
                0x0000000008000328                BDMA_Channel5_IRQHandler
                0x0000000008000328                TIM3_IRQHandler
                0x0000000008000328                RCC_IRQHandler
                0x0000000008000328                TIM8_BRK_TIM12_IRQHandler
                0x0000000008000328                TIM1_TRG_COM_IRQHandler
                0x0000000008000328                Default_Handler
                0x0000000008000328                ECC_IRQHandler
                0x0000000008000328                CEC_IRQHandler
                0x0000000008000328                EXTI15_10_IRQHandler
                0x0000000008000328                BDMA_Channel0_IRQHandler
                0x0000000008000328                ADC_IRQHandler
                0x0000000008000328                DMA1_Stream7_IRQHandler
                0x0000000008000328                HRTIM1_TIMA_IRQHandler
                0x0000000008000328                SPI5_IRQHandler
                0x0000000008000328                TIM7_IRQHandler
                0x0000000008000328                SDMMC1_IRQHandler
                0x0000000008000328                TIM5_IRQHandler
                0x0000000008000328                DMA2_Stream7_IRQHandler
                0x0000000008000328                TIM15_IRQHandler
                0x0000000008000328                PVD_AVD_IRQHandler
                0x0000000008000328                I2C3_EV_IRQHandler
                0x0000000008000328                EXTI9_5_IRQHandler
                0x0000000008000328                RTC_WKUP_IRQHandler
                0x0000000008000328                SAI3_IRQHandler
                0x0000000008000328                ETH_WKUP_IRQHandler
                0x0000000008000328                SPDIF_RX_IRQHandler
                0x0000000008000328                SPI2_IRQHandler
                0x0000000008000328                OTG_HS_EP1_IN_IRQHandler
                0x0000000008000328                DMA1_Stream0_IRQHandler
                0x0000000008000328                SVC_Handler
                0x0000000008000328                CRS_IRQHandler
                0x0000000008000328                EXTI4_IRQHandler
                0x0000000008000328                RNG_IRQHandler
                0x0000000008000328                HRTIM1_TIMB_IRQHandler
                0x0000000008000328                FDCAN2_IT1_IRQHandler
                0x0000000008000328                ETH_IRQHandler
                0x0000000008000328                TIM1_UP_IRQHandler
                0x0000000008000328                BDMA_Channel4_IRQHandler
                0x0000000008000328                OTG_HS_EP1_OUT_IRQHandler
                0x0000000008000328                WWDG_IRQHandler
                0x0000000008000328                SPI6_IRQHandler
                0x0000000008000328                MDIOS_IRQHandler
                0x0000000008000328                I2C4_EV_IRQHandler
                0x0000000008000328                FDCAN2_IT0_IRQHandler
                0x0000000008000328                LPUART1_IRQHandler
                0x0000000008000328                FDCAN1_IT0_IRQHandler
                0x0000000008000328                TIM2_IRQHandler
                0x0000000008000328                OTG_FS_WKUP_IRQHandler
                0x0000000008000328                OTG_HS_IRQHandler
                0x0000000008000328                DMA2D_IRQHandler
                0x0000000008000328                TIM1_BRK_IRQHandler
                0x0000000008000328                EXTI1_IRQHandler
                0x0000000008000328                SDMMC2_IRQHandler
                0x0000000008000328                OTG_FS_EP1_OUT_IRQHandler
                0x0000000008000328                BDMA_Channel3_IRQHandler
                0x0000000008000328                UART7_IRQHandler
                0x0000000008000328                MDIOS_WKUP_IRQHandler
                0x0000000008000328                USART2_IRQHandler
                0x0000000008000328                DFSDM1_FLT0_IRQHandler
                0x0000000008000328                SAI4_IRQHandler
                0x0000000008000328                I2C2_ER_IRQHandler
                0x0000000008000328                DMA2_Stream1_IRQHandler
                0x0000000008000328                FLASH_IRQHandler
                0x0000000008000328                DMA2_Stream4_IRQHandler
                0x0000000008000328                USART1_IRQHandler
                0x0000000008000328                OTG_FS_IRQHandler
                0x0000000008000328                SPI3_IRQHandler
                0x0000000008000328                WAKEUP_PIN_IRQHandler
                0x0000000008000328                DMA1_Stream4_IRQHandler
                0x0000000008000328                OTG_FS_EP1_IN_IRQHandler
                0x0000000008000328                I2C1_ER_IRQHandler
                0x0000000008000328                FMC_IRQHandler
                0x0000000008000328                FDCAN_CAL_IRQHandler
                0x0000000008000328                SWPMI1_IRQHandler
                0x0000000008000328                COMP1_IRQHandler
                0x0000000008000328                LPTIM1_IRQHandler
                0x0000000008000328                I2C4_ER_IRQHandler
                0x0000000008000328                DMA2_Stream6_IRQHandler
                0x0000000008000328                SAI1_IRQHandler
                0x0000000008000328                DMA1_Stream3_IRQHandler
 *fill*         0x000000000800032a        0x2 
 .text.startup.main
                0x000000000800032c      0x1a4 Application/User/Core/main.o
                0x000000000800032c                main
 .text.NMI_Handler
                0x00000000080004d0        0x2 Application/User/Core/stm32h7xx_it.o
                0x00000000080004d0                NMI_Handler
 .text.HardFault_Handler
                0x00000000080004d2        0x2 Application/User/Core/stm32h7xx_it.o
                0x00000000080004d2                HardFault_Handler
 .text.MemManage_Handler
                0x00000000080004d4        0x2 Application/User/Core/stm32h7xx_it.o
                0x00000000080004d4                MemManage_Handler
 .text.BusFault_Handler
                0x00000000080004d6        0x2 Application/User/Core/stm32h7xx_it.o
                0x00000000080004d6                BusFault_Handler
 .text.UsageFault_Handler
                0x00000000080004d8        0x2 Application/User/Core/stm32h7xx_it.o
                0x00000000080004d8                UsageFault_Handler
 .text.DebugMon_Handler
                0x00000000080004da        0x2 Application/User/Core/stm32h7xx_it.o
                0x00000000080004da                DebugMon_Handler
 .text.SysTick_Handler
                0x00000000080004dc       0x14 Application/User/Core/stm32h7xx_it.o
                0x00000000080004dc                SysTick_Handler
 .text.LTDC_IRQHandler
                0x00000000080004f0        0xc Application/User/Core/stm32h7xx_it.o
                0x00000000080004f0                LTDC_IRQHandler
 .text.MainTask
                0x00000000080004fc       0x50 Application/User/STemWin/BASIC_HelloWorld.o
                0x00000000080004fc                MainTask
 .text.IS42S32800G_ClockEnable
                0x000000000800054c       0x28 Drivers/BSP/Components/is42s32800g.o
                0x000000000800054c                IS42S32800G_ClockEnable
 .text.IS42S32800G_Precharge
                0x0000000008000574       0x2c Drivers/BSP/Components/is42s32800g.o
                0x0000000008000574                IS42S32800G_Precharge
 .text.IS42S32800G_ModeRegConfig
                0x00000000080005a0       0x3c Drivers/BSP/Components/is42s32800g.o
                0x00000000080005a0                IS42S32800G_ModeRegConfig
 .text.IS42S32800G_RefreshMode
                0x00000000080005dc       0x28 Drivers/BSP/Components/is42s32800g.o
                0x00000000080005dc                IS42S32800G_RefreshMode
 .text.IS42S32800G_RefreshRate
                0x0000000008000604       0x10 Drivers/BSP/Components/is42s32800g.o
                0x0000000008000604                IS42S32800G_RefreshRate
 .text.IS42S32800G_Init
                0x0000000008000614       0x5a Drivers/BSP/Components/is42s32800g.o
                0x0000000008000614                IS42S32800G_Init
 *fill*         0x000000000800066e        0x2 
 .text.MX_SDRAM_BANK2_Init
                0x0000000008000670       0x58 Drivers/BSP/STM32H743I_EVAL/stm32h743i_eval_sdram.o
                0x0000000008000670                MX_SDRAM_BANK2_Init
 .text.BSP_SDRAM_Init
                0x00000000080006c8      0x214 Drivers/BSP/STM32H743I_EVAL/stm32h743i_eval_sdram.o
                0x00000000080006c8                BSP_SDRAM_Init
 .text.SystemInit
                0x00000000080008dc       0x84 Drivers/CMSIS/system_stm32h7xx.o
                0x00000000080008dc                SystemInit
 .text.HAL_MspInit
                0x0000000008000960        0x2 Drivers/STM32H7xx_HAL_Driver/stm32h7xx_hal.o
                0x0000000008000960                HAL_MspInit
 *fill*         0x0000000008000962        0x2 
 .text.HAL_InitTick
                0x0000000008000964       0x48 Drivers/STM32H7xx_HAL_Driver/stm32h7xx_hal.o
                0x0000000008000964                HAL_InitTick
 .text.HAL_Init
                0x00000000080009ac       0x5c Drivers/STM32H7xx_HAL_Driver/stm32h7xx_hal.o
                0x00000000080009ac                HAL_Init
 .text.HAL_IncTick
                0x0000000008000a08       0x18 Drivers/STM32H7xx_HAL_Driver/stm32h7xx_hal.o
                0x0000000008000a08                HAL_IncTick
 .text.HAL_GetTick
                0x0000000008000a20        0xc Drivers/STM32H7xx_HAL_Driver/stm32h7xx_hal.o
                0x0000000008000a20                HAL_GetTick
 .text.HAL_GetREVID
                0x0000000008000a2c        0xc Drivers/STM32H7xx_HAL_Driver/stm32h7xx_hal.o
                0x0000000008000a2c                HAL_GetREVID
 .text.HAL_EnableCompensationCell
                0x0000000008000a38       0x10 Drivers/STM32H7xx_HAL_Driver/stm32h7xx_hal.o
                0x0000000008000a38                HAL_EnableCompensationCell
 .text.HAL_NVIC_SetPriorityGrouping
                0x0000000008000a48       0x24 Drivers/STM32H7xx_HAL_Driver/stm32h7xx_hal_cortex.o
                0x0000000008000a48                HAL_NVIC_SetPriorityGrouping
 .text.HAL_NVIC_SetPriority
                0x0000000008000a6c       0x64 Drivers/STM32H7xx_HAL_Driver/stm32h7xx_hal_cortex.o
                0x0000000008000a6c                HAL_NVIC_SetPriority
 .text.HAL_NVIC_EnableIRQ
                0x0000000008000ad0       0x1c Drivers/STM32H7xx_HAL_Driver/stm32h7xx_hal_cortex.o
                0x0000000008000ad0                HAL_NVIC_EnableIRQ
 .text.HAL_SYSTICK_Config
                0x0000000008000aec       0x2c Drivers/STM32H7xx_HAL_Driver/stm32h7xx_hal_cortex.o
                0x0000000008000aec                HAL_SYSTICK_Config
 .text.HAL_MPU_Disable
                0x0000000008000b18       0x20 Drivers/STM32H7xx_HAL_Driver/stm32h7xx_hal_cortex.o
                0x0000000008000b18                HAL_MPU_Disable
 .text.HAL_MPU_Enable
                0x0000000008000b38       0x24 Drivers/STM32H7xx_HAL_Driver/stm32h7xx_hal_cortex.o
                0x0000000008000b38                HAL_MPU_Enable
 .text.HAL_MPU_ConfigRegion
                0x0000000008000b5c       0x50 Drivers/STM32H7xx_HAL_Driver/stm32h7xx_hal_cortex.o
                0x0000000008000b5c                HAL_MPU_ConfigRegion
 .text.HAL_DMA2D_Init
                0x0000000008000bac       0x7a Drivers/STM32H7xx_HAL_Driver/stm32h7xx_hal_dma2d.o
                0x0000000008000bac                HAL_DMA2D_Init
 *fill*         0x0000000008000c26        0x2 
 .text.HAL_GPIO_Init
                0x0000000008000c28      0x1d4 Drivers/STM32H7xx_HAL_Driver/stm32h7xx_hal_gpio.o
                0x0000000008000c28                HAL_GPIO_Init
 .text.LTDC_SetConfig
                0x0000000008000dfc      0x10c Drivers/STM32H7xx_HAL_Driver/stm32h7xx_hal_ltdc.o
 .text.HAL_LTDC_Init
                0x0000000008000f08       0xd8 Drivers/STM32H7xx_HAL_Driver/stm32h7xx_hal_ltdc.o
                0x0000000008000f08                HAL_LTDC_Init
 .text.HAL_LTDC_DeInit
                0x0000000008000fe0       0x18 Drivers/STM32H7xx_HAL_Driver/stm32h7xx_hal_ltdc.o
                0x0000000008000fe0                HAL_LTDC_DeInit
 .text.HAL_LTDC_ErrorCallback
                0x0000000008000ff8        0x2 Drivers/STM32H7xx_HAL_Driver/stm32h7xx_hal_ltdc.o
                0x0000000008000ff8                HAL_LTDC_ErrorCallback
 .text.HAL_LTDC_ReloadEventCallback
                0x0000000008000ffa        0x2 Drivers/STM32H7xx_HAL_Driver/stm32h7xx_hal_ltdc.o
                0x0000000008000ffa                HAL_LTDC_ReloadEventCallback
 .text.HAL_LTDC_IRQHandler
                0x0000000008000ffc       0xba Drivers/STM32H7xx_HAL_Driver/stm32h7xx_hal_ltdc.o
                0x0000000008000ffc                HAL_LTDC_IRQHandler
 .text.HAL_LTDC_ConfigLayer
                0x00000000080010b6       0x52 Drivers/STM32H7xx_HAL_Driver/stm32h7xx_hal_ltdc.o
                0x00000000080010b6                HAL_LTDC_ConfigLayer
 .text.HAL_LTDC_ConfigColorKeying
                0x0000000008001108       0x3a Drivers/STM32H7xx_HAL_Driver/stm32h7xx_hal_ltdc.o
                0x0000000008001108                HAL_LTDC_ConfigColorKeying
 .text.HAL_LTDC_ConfigCLUT
                0x0000000008001142       0x7e Drivers/STM32H7xx_HAL_Driver/stm32h7xx_hal_ltdc.o
                0x0000000008001142                HAL_LTDC_ConfigCLUT
 .text.HAL_LTDC_EnableColorKeying
                0x00000000080011c0       0x30 Drivers/STM32H7xx_HAL_Driver/stm32h7xx_hal_ltdc.o
                0x00000000080011c0                HAL_LTDC_EnableColorKeying
 .text.HAL_LTDC_DisableColorKeying
                0x00000000080011f0       0x30 Drivers/STM32H7xx_HAL_Driver/stm32h7xx_hal_ltdc.o
                0x00000000080011f0                HAL_LTDC_DisableColorKeying
 .text.HAL_LTDC_EnableCLUT
                0x0000000008001220       0x30 Drivers/STM32H7xx_HAL_Driver/stm32h7xx_hal_ltdc.o
                0x0000000008001220                HAL_LTDC_EnableCLUT
 .text.HAL_LTDC_EnableDither
                0x0000000008001250       0x30 Drivers/STM32H7xx_HAL_Driver/stm32h7xx_hal_ltdc.o
                0x0000000008001250                HAL_LTDC_EnableDither
 .text.HAL_LTDC_SetWindowPosition
                0x0000000008001280       0x52 Drivers/STM32H7xx_HAL_Driver/stm32h7xx_hal_ltdc.o
                0x0000000008001280                HAL_LTDC_SetWindowPosition
 .text.HAL_LTDC_SetAlpha
                0x00000000080012d2       0x40 Drivers/STM32H7xx_HAL_Driver/stm32h7xx_hal_ltdc.o
                0x00000000080012d2                HAL_LTDC_SetAlpha
 .text.HAL_LTDC_SetAddress
                0x0000000008001312       0x40 Drivers/STM32H7xx_HAL_Driver/stm32h7xx_hal_ltdc.o
                0x0000000008001312                HAL_LTDC_SetAddress
 *fill*         0x0000000008001352        0x2 
 .text.HAL_LTDC_ProgramLineEvent
                0x0000000008001354       0x3c Drivers/STM32H7xx_HAL_Driver/stm32h7xx_hal_ltdc.o
                0x0000000008001354                HAL_LTDC_ProgramLineEvent
 .text.HAL_MDMA_Init
                0x0000000008001390       0xde Drivers/STM32H7xx_HAL_Driver/stm32h7xx_hal_mdma.o
                0x0000000008001390                HAL_MDMA_Init
 .text.HAL_MDMA_DeInit
                0x000000000800146e       0x3e Drivers/STM32H7xx_HAL_Driver/stm32h7xx_hal_mdma.o
                0x000000000800146e                HAL_MDMA_DeInit
 .text.HAL_PWREx_ConfigSupply
                0x00000000080014ac       0x48 Drivers/STM32H7xx_HAL_Driver/stm32h7xx_hal_pwr_ex.o
                0x00000000080014ac                HAL_PWREx_ConfigSupply
 .text.HAL_RCC_OscConfig
                0x00000000080014f4      0x530 Drivers/STM32H7xx_HAL_Driver/stm32h7xx_hal_rcc.o
                0x00000000080014f4                HAL_RCC_OscConfig
 .text.HAL_RCC_GetSysClockFreq
                0x0000000008001a24      0x138 Drivers/STM32H7xx_HAL_Driver/stm32h7xx_hal_rcc.o
                0x0000000008001a24                HAL_RCC_GetSysClockFreq
 .text.HAL_RCC_ClockConfig
                0x0000000008001b5c      0x24c Drivers/STM32H7xx_HAL_Driver/stm32h7xx_hal_rcc.o
                0x0000000008001b5c                HAL_RCC_ClockConfig
 .text.RCCEx_PLL2_Config
                0x0000000008001da8       0xf0 Drivers/STM32H7xx_HAL_Driver/stm32h7xx_hal_rcc_ex.o
 .text.RCCEx_PLL3_Config
                0x0000000008001e98       0xf0 Drivers/STM32H7xx_HAL_Driver/stm32h7xx_hal_rcc_ex.o
 .text.HAL_RCCEx_PeriphCLKConfig
                0x0000000008001f88      0x8bc Drivers/STM32H7xx_HAL_Driver/stm32h7xx_hal_rcc_ex.o
                0x0000000008001f88                HAL_RCCEx_PeriphCLKConfig
 .text.HAL_SDRAM_MspInit
                0x0000000008002844        0x2 Drivers/STM32H7xx_HAL_Driver/stm32h7xx_hal_sdram.o
                0x0000000008002844                HAL_SDRAM_MspInit
 *fill*         0x0000000008002846        0x2 
 .text.HAL_SDRAM_Init
                0x0000000008002848       0x50 Drivers/STM32H7xx_HAL_Driver/stm32h7xx_hal_sdram.o
                0x0000000008002848                HAL_SDRAM_Init
 .text.HAL_SDRAM_SendCommand
                0x0000000008002898       0x3e Drivers/STM32H7xx_HAL_Driver/stm32h7xx_hal_sdram.o
                0x0000000008002898                HAL_SDRAM_SendCommand
 .text.HAL_SDRAM_ProgramRefreshRate
                0x00000000080028d6       0x30 Drivers/STM32H7xx_HAL_Driver/stm32h7xx_hal_sdram.o
                0x00000000080028d6                HAL_SDRAM_ProgramRefreshRate
 .text.FMC_SDRAM_Init
                0x0000000008002906       0x76 Drivers/STM32H7xx_HAL_Driver/stm32h7xx_ll_fmc.o
                0x0000000008002906                FMC_SDRAM_Init
 .text.FMC_SDRAM_Timing_Init
                0x000000000800297c       0x6c Drivers/STM32H7xx_HAL_Driver/stm32h7xx_ll_fmc.o
                0x000000000800297c                FMC_SDRAM_Timing_Init
 .text.FMC_SDRAM_SendCommand
                0x00000000080029e8       0x20 Drivers/STM32H7xx_HAL_Driver/stm32h7xx_ll_fmc.o
                0x00000000080029e8                FMC_SDRAM_SendCommand
 .text.FMC_SDRAM_ProgramRefreshRate
                0x0000000008002a08       0x14 Drivers/STM32H7xx_HAL_Driver/stm32h7xx_ll_fmc.o
                0x0000000008002a08                FMC_SDRAM_ProgramRefreshRate
 .text.GUI_X_Init
                0x0000000008002a1c        0x2 Middlewares/OS/GUI_X.o
                0x0000000008002a1c                GUI_X_Init
 *fill*         0x0000000008002a1e        0x2 
 .text.GUI_X_Config
                0x0000000008002a20       0x10 Middlewares/Target/GUIConf_stm32h743i_eval.o
                0x0000000008002a20                GUI_X_Config
 .text.DMA2D_CopyBuffer
                0x0000000008002a30       0x40 Middlewares/Target/LCDConf_stm32h743i_eval.o
 .text.CUSTOM_CopyRect
                0x0000000008002a70       0x44 Middlewares/Target/LCDConf_stm32h743i_eval.o
 .text.CUSTOM_FillRect
                0x0000000008002ab4       0xbc Middlewares/Target/LCDConf_stm32h743i_eval.o
 .text.CUSTOM_CopyBuffer
                0x0000000008002b70       0x40 Middlewares/Target/LCDConf_stm32h743i_eval.o
 .text.HAL_DMA2D_MspInit
                0x0000000008002bb0       0x24 Middlewares/Target/LCDConf_stm32h743i_eval.o
                0x0000000008002bb0                HAL_DMA2D_MspInit
 .text.HAL_LTDC_MspInit
                0x0000000008002bd4       0xe8 Middlewares/Target/LCDConf_stm32h743i_eval.o
                0x0000000008002bd4                HAL_LTDC_MspInit
 .text.HAL_LTDC_MspDeInit
                0x0000000008002cbc       0x20 Middlewares/Target/LCDConf_stm32h743i_eval.o
                0x0000000008002cbc                HAL_LTDC_MspDeInit
 .text.HAL_LTDC_LineEventCallback
                0x0000000008002cdc       0x4c Middlewares/Target/LCDConf_stm32h743i_eval.o
                0x0000000008002cdc                HAL_LTDC_LineEventCallback
 .text.LCD_X_Config
                0x0000000008002d28      0x15c Middlewares/Target/LCDConf_stm32h743i_eval.o
                0x0000000008002d28                LCD_X_Config
 .text.LCD_X_DisplayDriver
                0x0000000008002e84      0x174 Middlewares/Target/LCDConf_stm32h743i_eval.o
                0x0000000008002e84                LCD_X_DisplayDriver
 .text.LCD_Index2Color_M565
                0x0000000008002ff8       0x2c ../../../Middlewares/ST/STemWin/Lib\STemWin_CM7_wc32_ARGB.a(GUICC_M565.o)
                0x0000000008002ff8                LCD_Index2Color_M565
 .text._Color2Index_M565
                0x0000000008003024       0x28 ../../../Middlewares/ST/STemWin/Lib\STemWin_CM7_wc32_ARGB.a(GUICC_M565.o)
 .text._GetIndexMask_M565
                0x000000000800304c        0x6 ../../../Middlewares/ST/STemWin/Lib\STemWin_CM7_wc32_ARGB.a(GUICC_M565.o)
 *fill*         0x0000000008003052        0x2 
 .text._Color2IndexBulk
                0x0000000008003054       0x5c ../../../Middlewares/ST/STemWin/Lib\STemWin_CM7_wc32_ARGB.a(GUICC_M565.o)
 .text._Index2ColorBulk
                0x00000000080030b0       0x68 ../../../Middlewares/ST/STemWin/Lib\STemWin_CM7_wc32_ARGB.a(GUICC_M565.o)
 .text._PushFreeBlock
                0x0000000008003118       0x24 ../../../Middlewares/ST/STemWin/Lib\STemWin_CM7_wc32_ARGB.a(GUI_Alloc.o)
 .text._RemoveFreeBlock
                0x000000000800313c       0x40 ../../../Middlewares/ST/STemWin/Lib\STemWin_CM7_wc32_ARGB.a(GUI_Alloc.o)
 .text._AddFreeMemory
                0x000000000800317c       0xa4 ../../../Middlewares/ST/STemWin/Lib\STemWin_CM7_wc32_ARGB.a(GUI_Alloc.o)
 .text._RemoveHoles
                0x0000000008003220       0x98 ../../../Middlewares/ST/STemWin/Lib\STemWin_CM7_wc32_ARGB.a(GUI_Alloc.o)
 .text.GUI_ALLOC_FreeFixedBlock
                0x00000000080032b8       0x14 ../../../Middlewares/ST/STemWin/Lib\STemWin_CM7_wc32_ARGB.a(GUI_Alloc.o)
                0x00000000080032b8                GUI_ALLOC_FreeFixedBlock
 .text.GUI_ALLOC_h2p
                0x00000000080032cc       0x14 ../../../Middlewares/ST/STemWin/Lib\STemWin_CM7_wc32_ARGB.a(GUI_Alloc.o)
                0x00000000080032cc                GUI_ALLOC_h2p
 .text.GUI_ALLOC_LockH
                0x00000000080032e0       0x1c ../../../Middlewares/ST/STemWin/Lib\STemWin_CM7_wc32_ARGB.a(GUI_Alloc.o)
                0x00000000080032e0                GUI_ALLOC_LockH
 .text.GUI_ALLOC_UnlockH
                0x00000000080032fc       0x30 ../../../Middlewares/ST/STemWin/Lib\STemWin_CM7_wc32_ARGB.a(GUI_Alloc.o)
                0x00000000080032fc                GUI_ALLOC_UnlockH
 .text.GUI_ALLOC_AssignMemory
                0x000000000800332c       0x10 ../../../Middlewares/ST/STemWin/Lib\STemWin_CM7_wc32_ARGB.a(GUI_Alloc.o)
                0x000000000800332c                GUI_ALLOC_AssignMemory
 .text.GUI_ALLOC_Free
                0x000000000800333c       0x28 ../../../Middlewares/ST/STemWin/Lib\STemWin_CM7_wc32_ARGB.a(GUI_Alloc.o)
                0x000000000800333c                GUI_ALLOC_Free
 .text._EnlargeBlocks
                0x0000000008003364       0x9c ../../../Middlewares/ST/STemWin/Lib\STemWin_CM7_wc32_ARGB.a(GUI_Alloc.o)
 .text._InitOnce
                0x0000000008003400       0x68 ../../../Middlewares/ST/STemWin/Lib\STemWin_CM7_wc32_ARGB.a(GUI_Alloc.o)
 .text.GUI_ALLOC_GetFixedBlock
                0x0000000008003468       0xa4 ../../../Middlewares/ST/STemWin/Lib\STemWin_CM7_wc32_ARGB.a(GUI_Alloc.o)
                0x0000000008003468                GUI_ALLOC_GetFixedBlock
 .text._Alloc   0x000000000800350c       0xf0 ../../../Middlewares/ST/STemWin/Lib\STemWin_CM7_wc32_ARGB.a(GUI_Alloc.o)
 .text.GUI_ALLOC_AllocNoInit
                0x00000000080035fc        0x8 ../../../Middlewares/ST/STemWin/Lib\STemWin_CM7_wc32_ARGB.a(GUI_Alloc.o)
                0x00000000080035fc                GUI_ALLOC_AllocNoInit
 .text.GUI_ALLOC_AllocZero
                0x0000000008003604       0x30 ../../../Middlewares/ST/STemWin/Lib\STemWin_CM7_wc32_ARGB.a(GUI_Alloc.o)
                0x0000000008003604                GUI_ALLOC_AllocZero
 .text.GUI_CalcColorDist
                0x0000000008003634       0x4e ../../../Middlewares/ST/STemWin/Lib\STemWin_CM7_wc32_ARGB.a(GUI_Common.o)
                0x0000000008003634                GUI_CalcColorDist
 .text.GUI_GetBkColor
                0x0000000008003682        0xe ../../../Middlewares/ST/STemWin/Lib\STemWin_CM7_wc32_ARGB.a(GUI_Common.o)
                0x0000000008003682                GUI_GetBkColor
 .text.GUI_GetColor
                0x0000000008003690        0xe ../../../Middlewares/ST/STemWin/Lib\STemWin_CM7_wc32_ARGB.a(GUI_Common.o)
                0x0000000008003690                GUI_GetColor
 *fill*         0x000000000800369e        0x2 
 .text.GUI_GetDrawMode
                0x00000000080036a0        0xc ../../../Middlewares/ST/STemWin/Lib\STemWin_CM7_wc32_ARGB.a(GUI_Common.o)
                0x00000000080036a0                GUI_GetDrawMode
 .text.GUI_GetVersionString
                0x00000000080036ac       0x18 ../../../Middlewares/ST/STemWin/Lib\STemWin_CM7_wc32_ARGB.a(GUI_Common.o)
                0x00000000080036ac                GUI_GetVersionString
 .text.GUI_MergeRect
                0x00000000080036c4       0x56 ../../../Middlewares/ST/STemWin/Lib\STemWin_CM7_wc32_ARGB.a(GUI_Common.o)
                0x00000000080036c4                GUI_MergeRect
 .text.GUI_MoveRect
                0x000000000800371a       0x20 ../../../Middlewares/ST/STemWin/Lib\STemWin_CM7_wc32_ARGB.a(GUI_Common.o)
                0x000000000800371a                GUI_MoveRect
 *fill*         0x000000000800373a        0x2 
 .text.GUI_GotoXY
                0x000000000800373c       0x10 ../../../Middlewares/ST/STemWin/Lib\STemWin_CM7_wc32_ARGB.a(GUI_Common.o)
                0x000000000800373c                GUI_GotoXY
 .text.GUI_RectsIntersect
                0x000000000800374c       0x3a ../../../Middlewares/ST/STemWin/Lib\STemWin_CM7_wc32_ARGB.a(GUI_Common.o)
                0x000000000800374c                GUI_RectsIntersect
 .text.GUI_SelectLCD
                0x0000000008003786       0x12 ../../../Middlewares/ST/STemWin/Lib\STemWin_CM7_wc32_ARGB.a(GUI_Common.o)
                0x0000000008003786                GUI_SelectLCD
 .text.GUI_SetBkColor
                0x0000000008003798        0x4 ../../../Middlewares/ST/STemWin/Lib\STemWin_CM7_wc32_ARGB.a(GUI_Common.o)
                0x0000000008003798                GUI_SetBkColor
 .text.GUI_SetColor
                0x000000000800379c        0x4 ../../../Middlewares/ST/STemWin/Lib\STemWin_CM7_wc32_ARGB.a(GUI_Common.o)
                0x000000000800379c                GUI_SetColor
 .text.GUI_SetFont
                0x00000000080037a0       0x14 ../../../Middlewares/ST/STemWin/Lib\STemWin_CM7_wc32_ARGB.a(GUI_Common.o)
                0x00000000080037a0                GUI_SetFont
 .text.GUI_SetOrg
                0x00000000080037b4       0x38 ../../../Middlewares/ST/STemWin/Lib\STemWin_CM7_wc32_ARGB.a(GUI_Common.o)
                0x00000000080037b4                GUI_SetOrg
 .text._InitContext
                0x00000000080037ec       0x80 ../../../Middlewares/ST/STemWin/Lib\STemWin_CM7_wc32_ARGB.a(GUI_Core.o)
 .text._OnExit  0x000000000800386c       0x44 ../../../Middlewares/ST/STemWin/Lib\STemWin_CM7_wc32_ARGB.a(GUI_Core.o)
 .text.GUI_ClearRect
                0x00000000080038b0       0x64 ../../../Middlewares/ST/STemWin/Lib\STemWin_CM7_wc32_ARGB.a(GUI_Core.o)
                0x00000000080038b0                GUI_ClearRect
 .text.GUI_Clear
                0x0000000008003914       0x20 ../../../Middlewares/ST/STemWin/Lib\STemWin_CM7_wc32_ARGB.a(GUI_Core.o)
                0x0000000008003914                GUI_Clear
 .text.GUI__Config
                0x0000000008003934       0x94 ../../../Middlewares/ST/STemWin/Lib\STemWin_CM7_wc32_ARGB.a(GUI_Core.o)
                0x0000000008003934                GUI__Config
 .text.GUI_Init
                0x00000000080039c8      0x188 ../../../Middlewares/ST/STemWin/Lib\STemWin_CM7_wc32_ARGB.a(GUI_Core.o)
                0x00000000080039c8                GUI_Init
 .text.GUI__RegisterExit
                0x0000000008003b50       0x28 ../../../Middlewares/ST/STemWin/Lib\STemWin_CM7_wc32_ARGB.a(GUI_Core.o)
                0x0000000008003b50                GUI__RegisterExit
 .text.GUI_DEVICE__GetpDriver
                0x0000000008003b78       0x20 ../../../Middlewares/ST/STemWin/Lib\STemWin_CM7_wc32_ARGB.a(GUI_Device.o)
                0x0000000008003b78                GUI_DEVICE__GetpDriver
 .text.GUI_DEVICE_Delete
                0x0000000008003b98        0x4 ../../../Middlewares/ST/STemWin/Lib\STemWin_CM7_wc32_ARGB.a(GUI_Device.o)
                0x0000000008003b98                GUI_DEVICE_Delete
 .text.GUI_DEVICE_Create
                0x0000000008003b9c       0x4c ../../../Middlewares/ST/STemWin/Lib\STemWin_CM7_wc32_ARGB.a(GUI_Device.o)
                0x0000000008003b9c                GUI_DEVICE_Create
 .text.GUI_DEVICE_Unlink
                0x0000000008003be8       0x30 ../../../Middlewares/ST/STemWin/Lib\STemWin_CM7_wc32_ARGB.a(GUI_Device.o)
                0x0000000008003be8                GUI_DEVICE_Unlink
 .text.GUI_DEVICE_Link
                0x0000000008003c18       0x84 ../../../Middlewares/ST/STemWin/Lib\STemWin_CM7_wc32_ARGB.a(GUI_Device.o)
                0x0000000008003c18                GUI_DEVICE_Link
 .text.GUI_DEVICE_CreateAndLink
                0x0000000008003c9c       0x28 ../../../Middlewares/ST/STemWin/Lib\STemWin_CM7_wc32_ARGB.a(GUI_Device.o)
                0x0000000008003c9c                GUI_DEVICE_CreateAndLink
 .text.GUI_DispString
                0x0000000008003cc4      0x118 ../../../Middlewares/ST/STemWin/Lib\STemWin_CM7_wc32_ARGB.a(GUI_DispString.o)
                0x0000000008003cc4                GUI_DispString
 .text.GUI_DispStringAt
                0x0000000008003ddc       0x10 ../../../Middlewares/ST/STemWin/Lib\STemWin_CM7_wc32_ARGB.a(GUI_DispString.o)
                0x0000000008003ddc                GUI_DispStringAt
 .text._OnExit  0x0000000008003dec       0x48 ../../../Middlewares/ST/STemWin/Lib\STemWin_CM7_wc32_ARGB.a(GUI_MULTIBUF.o)
 .text.GUI_MULTIBUF_ConfirmEx
                0x0000000008003e34       0x28 ../../../Middlewares/ST/STemWin/Lib\STemWin_CM7_wc32_ARGB.a(GUI_MULTIBUF.o)
                0x0000000008003e34                GUI_MULTIBUF_ConfirmEx
 .text.GUI_MULTIBUF_ConfigEx
                0x0000000008003e5c       0x38 ../../../Middlewares/ST/STemWin/Lib\STemWin_CM7_wc32_ARGB.a(GUI_MULTIBUF.o)
                0x0000000008003e5c                GUI_MULTIBUF_ConfigEx
 .text.GUI_StoreKey
                0x0000000008003e94       0x10 ../../../Middlewares/ST/STemWin/Lib\STemWin_CM7_wc32_ARGB.a(GUI_OnKey.o)
                0x0000000008003e94                GUI_StoreKey
 .text.GUI_GetLayerPosEx
                0x0000000008003ea4       0x14 ../../../Middlewares/ST/STemWin/Lib\STemWin_CM7_wc32_ARGB.a(GUI_SelectLayer.o)
                0x0000000008003ea4                GUI_GetLayerPosEx
 .text.GUI_SelectLayer
                0x0000000008003eb8       0x2c ../../../Middlewares/ST/STemWin/Lib\STemWin_CM7_wc32_ARGB.a(GUI_SelectLayer.o)
                0x0000000008003eb8                GUI_SelectLayer
 .text.GUI_SetLayerVisEx
                0x0000000008003ee4        0x4 ../../../Middlewares/ST/STemWin/Lib\STemWin_CM7_wc32_ARGB.a(GUI_SelectLayer.o)
                0x0000000008003ee4                GUI_SetLayerVisEx
 .text.GUI_UC__GetCharCodeInc
                0x0000000008003ee8       0x28 ../../../Middlewares/ST/STemWin/Lib\STemWin_CM7_wc32_ARGB.a(GUI_UC.o)
                0x0000000008003ee8                GUI_UC__GetCharCodeInc
 .text.GUI_UC__NumChars2NumBytes
                0x0000000008003f10       0x24 ../../../Middlewares/ST/STemWin/Lib\STemWin_CM7_wc32_ARGB.a(GUI_UC.o)
                0x0000000008003f10                GUI_UC__NumChars2NumBytes
 .text._GetCharCode
                0x0000000008003f34        0x4 ../../../Middlewares/ST/STemWin/Lib\STemWin_CM7_wc32_ARGB.a(GUI_UC_EncodeNone.o)
 .text._GetCharSize
                0x0000000008003f38        0x4 ../../../Middlewares/ST/STemWin/Lib\STemWin_CM7_wc32_ARGB.a(GUI_UC_EncodeNone.o)
 .text._CalcSizeOfChar
                0x0000000008003f3c        0x4 ../../../Middlewares/ST/STemWin/Lib\STemWin_CM7_wc32_ARGB.a(GUI_UC_EncodeNone.o)
 .text._Encode  0x0000000008003f40        0x6 ../../../Middlewares/ST/STemWin/Lib\STemWin_CM7_wc32_ARGB.a(GUI_UC_EncodeNone.o)
 *fill*         0x0000000008003f46        0x2 
 .text.GUI_SignalEvent
                0x0000000008003f48       0x10 ../../../Middlewares/ST/STemWin/Lib\STemWin_CM7_wc32_ARGB.a(GUI_WaitEvent.o)
                0x0000000008003f48                GUI_SignalEvent
 .text.GUI__IntersectRect
                0x0000000008003f58       0x3a ../../../Middlewares/ST/STemWin/Lib\STemWin_CM7_wc32_ARGB.a(GUI__Private.o)
                0x0000000008003f58                GUI__IntersectRect
 .text.GUI__IntersectRects
                0x0000000008003f92       0x56 ../../../Middlewares/ST/STemWin/Lib\STemWin_CM7_wc32_ARGB.a(GUI__Private.o)
                0x0000000008003f92                GUI__IntersectRects
 .text.GUI__memset
                0x0000000008003fe8       0x5e ../../../Middlewares/ST/STemWin/Lib\STemWin_CM7_wc32_ARGB.a(GUI__Private.o)
                0x0000000008003fe8                GUI__memset
 .text.GUI__memset16
                0x0000000008004046       0x62 ../../../Middlewares/ST/STemWin/Lib\STemWin_CM7_wc32_ARGB.a(GUI__Private.o)
                0x0000000008004046                GUI__memset16
 .text._SetDrawMode
                0x00000000080040a8       0x28 ../../../Middlewares/ST/STemWin/Lib\STemWin_CM7_wc32_ARGB.a(LCD.o)
 .text.LCD_SetDrawMode
                0x00000000080040d0        0xc ../../../Middlewares/ST/STemWin/Lib\STemWin_CM7_wc32_ARGB.a(LCD.o)
                0x00000000080040d0                LCD_SetDrawMode
 .text.LCD_DrawPixel
                0x00000000080040dc       0x60 ../../../Middlewares/ST/STemWin/Lib\STemWin_CM7_wc32_ARGB.a(LCD.o)
                0x00000000080040dc                LCD_DrawPixel
 .text.LCD_DrawHLine
                0x000000000800413c       0x50 ../../../Middlewares/ST/STemWin/Lib\STemWin_CM7_wc32_ARGB.a(LCD.o)
                0x000000000800413c                LCD_DrawHLine
 .text.LCD_FillRect
                0x000000000800418c       0x58 ../../../Middlewares/ST/STemWin/Lib\STemWin_CM7_wc32_ARGB.a(LCD.o)
                0x000000000800418c                LCD_FillRect
 .text.LCD__DrawBitmap_1bpp
                0x00000000080041e4      0x1d8 ../../../Middlewares/ST/STemWin/Lib\STemWin_CM7_wc32_ARGB.a(LCD.o)
                0x00000000080041e4                LCD__DrawBitmap_1bpp
 .text.LCD_DrawBitmap
                0x00000000080043bc      0x224 ../../../Middlewares/ST/STemWin/Lib\STemWin_CM7_wc32_ARGB.a(LCD.o)
                0x00000000080043bc                LCD_DrawBitmap
 .text.LCD_SetClipRectMax
                0x00000000080045e0       0x1c ../../../Middlewares/ST/STemWin/Lib\STemWin_CM7_wc32_ARGB.a(LCD.o)
                0x00000000080045e0                LCD_SetClipRectMax
 .text.emWin_LCD_Init
                0x00000000080045fc       0xa4 ../../../Middlewares/ST/STemWin/Lib\STemWin_CM7_wc32_ARGB.a(LCD.o)
                0x00000000080045fc                emWin_LCD_Init
 .text.LCD_Color2Index
                0x00000000080046a0       0x1c ../../../Middlewares/ST/STemWin/Lib\STemWin_CM7_wc32_ARGB.a(LCD.o)
                0x00000000080046a0                LCD_Color2Index
 .text.LCD_Index2Color
                0x00000000080046bc       0x1c ../../../Middlewares/ST/STemWin/Lib\STemWin_CM7_wc32_ARGB.a(LCD.o)
                0x00000000080046bc                LCD_Index2Color
 .text.LCD_SetColorIndex
                0x00000000080046d8       0x18 ../../../Middlewares/ST/STemWin/Lib\STemWin_CM7_wc32_ARGB.a(LCD.o)
                0x00000000080046d8                LCD_SetColorIndex
 .text._SetColor
                0x00000000080046f0       0x20 ../../../Middlewares/ST/STemWin/Lib\STemWin_CM7_wc32_ARGB.a(LCD.o)
 .text.LCD_SetBkColorIndex
                0x0000000008004710       0x18 ../../../Middlewares/ST/STemWin/Lib\STemWin_CM7_wc32_ARGB.a(LCD.o)
                0x0000000008004710                LCD_SetBkColorIndex
 .text._SetBkColor
                0x0000000008004728       0x20 ../../../Middlewares/ST/STemWin/Lib\STemWin_CM7_wc32_ARGB.a(LCD.o)
 .text.LCD_SetBkColor
                0x0000000008004748        0xc ../../../Middlewares/ST/STemWin/Lib\STemWin_CM7_wc32_ARGB.a(LCD.o)
                0x0000000008004748                LCD_SetBkColor
 .text.LCD_SetColor
                0x0000000008004754        0xc ../../../Middlewares/ST/STemWin/Lib\STemWin_CM7_wc32_ARGB.a(LCD.o)
                0x0000000008004754                LCD_SetColor
 .text._OnExit  0x0000000008004760       0x1c ../../../Middlewares/ST/STemWin/Lib\STemWin_CM7_wc32_ARGB.a(LCD_Color.o)
 .text.LCD_InitColors
                0x000000000800477c       0x3c ../../../Middlewares/ST/STemWin/Lib\STemWin_CM7_wc32_ARGB.a(LCD_Color.o)
                0x000000000800477c                LCD_InitColors
 .text.LCD_GetpPalConvTableUncached
                0x00000000080047b8       0x6c ../../../Middlewares/ST/STemWin/Lib\STemWin_CM7_wc32_ARGB.a(LCD_Color.o)
                0x00000000080047b8                LCD_GetpPalConvTableUncached
 .text.LCD_GetpPalConvTableBM
                0x0000000008004824        0x4 ../../../Middlewares/ST/STemWin/Lib\STemWin_CM7_wc32_ARGB.a(LCD_Color.o)
                0x0000000008004824                LCD_GetpPalConvTableBM
 .text.LCD_InitLUT
                0x0000000008004828       0x88 ../../../Middlewares/ST/STemWin/Lib\STemWin_CM7_wc32_ARGB.a(LCD_Color.o)
                0x0000000008004828                LCD_InitLUT
 .text.LCD_GetBkColorIndex
                0x00000000080048b0       0x10 ../../../Middlewares/ST/STemWin/Lib\STemWin_CM7_wc32_ARGB.a(LCD_GetColorIndex.o)
                0x00000000080048b0                LCD_GetBkColorIndex
 .text.LCD_GetColorIndex
                0x00000000080048c0       0x10 ../../../Middlewares/ST/STemWin/Lib\STemWin_CM7_wc32_ARGB.a(LCD_GetColorIndex.o)
                0x00000000080048c0                LCD_GetColorIndex
 .text._GetDevProp
                0x00000000080048d0       0x1e ../../../Middlewares/ST/STemWin/Lib\STemWin_CM7_wc32_ARGB.a(LCD_GetEx.o)
 .text._GetMaxValue
                0x00000000080048ee       0x22 ../../../Middlewares/ST/STemWin/Lib\STemWin_CM7_wc32_ARGB.a(LCD_GetEx.o)
 .text.LCD_GetXSizeEx
                0x0000000008004910        0x6 ../../../Middlewares/ST/STemWin/Lib\STemWin_CM7_wc32_ARGB.a(LCD_GetEx.o)
                0x0000000008004910                LCD_GetXSizeEx
 .text.LCD_GetYSizeEx
                0x0000000008004916        0x6 ../../../Middlewares/ST/STemWin/Lib\STemWin_CM7_wc32_ARGB.a(LCD_GetEx.o)
                0x0000000008004916                LCD_GetYSizeEx
 .text.LCD_GetBitsPerPixelEx
                0x000000000800491c        0x6 ../../../Middlewares/ST/STemWin/Lib\STemWin_CM7_wc32_ARGB.a(LCD_GetEx.o)
                0x000000000800491c                LCD_GetBitsPerPixelEx
 .text.LCD_GetNumColorsEx
                0x0000000008004922        0x6 ../../../Middlewares/ST/STemWin/Lib\STemWin_CM7_wc32_ARGB.a(LCD_GetEx.o)
                0x0000000008004922                LCD_GetNumColorsEx
 .text.LCD_GetMirrorXEx
                0x0000000008004928        0x6 ../../../Middlewares/ST/STemWin/Lib\STemWin_CM7_wc32_ARGB.a(LCD_GetEx.o)
                0x0000000008004928                LCD_GetMirrorXEx
 .text.LCD_GetMirrorYEx
                0x000000000800492e        0x6 ../../../Middlewares/ST/STemWin/Lib\STemWin_CM7_wc32_ARGB.a(LCD_GetEx.o)
                0x000000000800492e                LCD_GetMirrorYEx
 .text.LCD_GetSwapXYEx
                0x0000000008004934        0x6 ../../../Middlewares/ST/STemWin/Lib\STemWin_CM7_wc32_ARGB.a(LCD_GetEx.o)
                0x0000000008004934                LCD_GetSwapXYEx
 *fill*         0x000000000800493a        0x2 
 .text.LCD_GetXSize
                0x000000000800493c       0x10 ../../../Middlewares/ST/STemWin/Lib\STemWin_CM7_wc32_ARGB.a(LCD_GetEx.o)
                0x000000000800493c                LCD_GetXSize
 .text.LCD_GetYSize
                0x000000000800494c       0x10 ../../../Middlewares/ST/STemWin/Lib\STemWin_CM7_wc32_ARGB.a(LCD_GetEx.o)
                0x000000000800494c                LCD_GetYSize
 .text.LCD_GetNumColors
                0x000000000800495c       0x10 ../../../Middlewares/ST/STemWin/Lib\STemWin_CM7_wc32_ARGB.a(LCD_GetEx.o)
                0x000000000800495c                LCD_GetNumColors
 .text.GUI_GetBitsPerPixelEx
                0x000000000800496c       0x14 ../../../Middlewares/ST/STemWin/Lib\STemWin_CM7_wc32_ARGB.a(LCD_GetEx.o)
                0x000000000800496c                GUI_GetBitsPerPixelEx
 .text.LCD_GetPaletteEx
                0x0000000008004980       0x16 ../../../Middlewares/ST/STemWin/Lib\STemWin_CM7_wc32_ARGB.a(LCD_GetEx.o)
                0x0000000008004980                LCD_GetPaletteEx
 *fill*         0x0000000008004996        0x2 
 .text.LCD_GetPalette
                0x0000000008004998       0x10 ../../../Middlewares/ST/STemWin/Lib\STemWin_CM7_wc32_ARGB.a(LCD_GetEx.o)
                0x0000000008004998                LCD_GetPalette
 .text.GUI_GetpfIndex2ColorEx
                0x00000000080049a8       0x10 ../../../Middlewares/ST/STemWin/Lib\STemWin_CM7_wc32_ARGB.a(LCD_GetEx.o)
                0x00000000080049a8                GUI_GetpfIndex2ColorEx
 .text.GUI_GetpfColor2IndexEx
                0x00000000080049b8       0x10 ../../../Middlewares/ST/STemWin/Lib\STemWin_CM7_wc32_ARGB.a(LCD_GetEx.o)
                0x00000000080049b8                GUI_GetpfColor2IndexEx
 .text.LCD_GetXSizeMax
                0x00000000080049c8        0x6 ../../../Middlewares/ST/STemWin/Lib\STemWin_CM7_wc32_ARGB.a(LCD_GetEx.o)
                0x00000000080049c8                LCD_GetXSizeMax
 .text.LCD_GetYSizeMax
                0x00000000080049ce        0x6 ../../../Middlewares/ST/STemWin/Lib\STemWin_CM7_wc32_ARGB.a(LCD_GetEx.o)
                0x00000000080049ce                LCD_GetYSizeMax
 .text.LCD_SetDisplaySize
                0x00000000080049d4        0xc ../../../Middlewares/ST/STemWin/Lib\STemWin_CM7_wc32_ARGB.a(LCD_GetEx.o)
                0x00000000080049d4                LCD_SetDisplaySize
 .text.LCD_GetXSizeDisplay
                0x00000000080049e0        0xc ../../../Middlewares/ST/STemWin/Lib\STemWin_CM7_wc32_ARGB.a(LCD_GetEx.o)
                0x00000000080049e0                LCD_GetXSizeDisplay
 .text.LCD_GetYSizeDisplay
                0x00000000080049ec        0xc ../../../Middlewares/ST/STemWin/Lib\STemWin_CM7_wc32_ARGB.a(LCD_GetEx.o)
                0x00000000080049ec                LCD_GetYSizeDisplay
 .text.LCD__GetBPP
                0x00000000080049f8       0x7e ../../../Middlewares/ST/STemWin/Lib\STemWin_CM7_wc32_ARGB.a(LCD_GetEx.o)
                0x00000000080049f8                LCD__GetBPP
 .text.LCD__GetBPPDevice
                0x0000000008004a76       0x2c ../../../Middlewares/ST/STemWin/Lib\STemWin_CM7_wc32_ARGB.a(LCD_GetEx.o)
                0x0000000008004a76                LCD__GetBPPDevice
 .text.LCD_GetNumLayers
                0x0000000008004aa2       0x1e ../../../Middlewares/ST/STemWin/Lib\STemWin_CM7_wc32_ARGB.a(LCD_GetNumDisplays.o)
                0x0000000008004aa2                LCD_GetNumLayers
 .text.LCD_SelectLCD
                0x0000000008004ac0       0x40 ../../../Middlewares/ST/STemWin/Lib\STemWin_CM7_wc32_ARGB.a(LCD_SelectLCD.o)
                0x0000000008004ac0                LCD_SelectLCD
 .text.LCD_GetPosEx
                0x0000000008004b00       0x32 ../../../Middlewares/ST/STemWin/Lib\STemWin_CM7_wc32_ARGB.a(LCD_Set.o)
                0x0000000008004b00                LCD_GetPosEx
 .text.LCD_SetDevFunc
                0x0000000008004b32       0x30 ../../../Middlewares/ST/STemWin/Lib\STemWin_CM7_wc32_ARGB.a(LCD_Set.o)
                0x0000000008004b32                LCD_SetDevFunc
 .text.LCD_SetLUTEntryEx
                0x0000000008004b62       0x30 ../../../Middlewares/ST/STemWin/Lib\STemWin_CM7_wc32_ARGB.a(LCD_Set.o)
                0x0000000008004b62                LCD_SetLUTEntryEx
 .text.LCD_SetSizeEx
                0x0000000008004b92       0x30 ../../../Middlewares/ST/STemWin/Lib\STemWin_CM7_wc32_ARGB.a(LCD_Set.o)
                0x0000000008004b92                LCD_SetSizeEx
 .text.LCD_SetVisEx
                0x0000000008004bc2       0x2c ../../../Middlewares/ST/STemWin/Lib\STemWin_CM7_wc32_ARGB.a(LCD_Set.o)
                0x0000000008004bc2                LCD_SetVisEx
 .text.LCD_SetVRAMAddrEx
                0x0000000008004bee       0x2c ../../../Middlewares/ST/STemWin/Lib\STemWin_CM7_wc32_ARGB.a(LCD_Set.o)
                0x0000000008004bee                LCD_SetVRAMAddrEx
 .text.LCD_SetVSizeEx
                0x0000000008004c1a       0x30 ../../../Middlewares/ST/STemWin/Lib\STemWin_CM7_wc32_ARGB.a(LCD_Set.o)
                0x0000000008004c1a                LCD_SetVSizeEx
 *fill*         0x0000000008004c4a        0x2 
 .text.LCD_UpdateColorIndices
                0x0000000008004c4c       0x24 ../../../Middlewares/ST/STemWin/Lib\STemWin_CM7_wc32_ARGB.a(LCD_UpdateColorIndices.o)
                0x0000000008004c4c                LCD_UpdateColorIndices
 .text._GetRect
                0x0000000008004c70       0x16 ../../../Middlewares/ST/STemWin/Lib\STemWin_CM7_wc32_ARGB.a(GUIDRV_Lin_16.o)
 .text._SetPixelIndex
                0x0000000008004c86       0x12 ../../../Middlewares/ST/STemWin/Lib\STemWin_CM7_wc32_ARGB.a(GUIDRV_Lin_16.o)
 .text._GetPixelIndex
                0x0000000008004c98       0x10 ../../../Middlewares/ST/STemWin/Lib\STemWin_CM7_wc32_ARGB.a(GUIDRV_Lin_16.o)
 .text._XorPixel
                0x0000000008004ca8       0x28 ../../../Middlewares/ST/STemWin/Lib\STemWin_CM7_wc32_ARGB.a(GUIDRV_Lin_16.o)
 .text._GetDevProp
                0x0000000008004cd0       0x3c ../../../Middlewares/ST/STemWin/Lib\STemWin_CM7_wc32_ARGB.a(GUIDRV_Lin_16.o)
 .text._GetDevData
                0x0000000008004d0c       0x10 ../../../Middlewares/ST/STemWin/Lib\STemWin_CM7_wc32_ARGB.a(GUIDRV_Lin_16.o)
 .text._ReadRect
                0x0000000008004d1c       0x52 ../../../Middlewares/ST/STemWin/Lib\STemWin_CM7_wc32_ARGB.a(GUIDRV_Lin_16.o)
 *fill*         0x0000000008004d6e        0x2 
 .text._GetDevFunc
                0x0000000008004d70       0xe8 ../../../Middlewares/ST/STemWin/Lib\STemWin_CM7_wc32_ARGB.a(GUIDRV_Lin_16.o)
 .text._SetChroma
                0x0000000008004e58       0x16 ../../../Middlewares/ST/STemWin/Lib\STemWin_CM7_wc32_ARGB.a(GUIDRV_Lin_16.o)
 .text._SetChromaMode
                0x0000000008004e6e       0x16 ../../../Middlewares/ST/STemWin/Lib\STemWin_CM7_wc32_ARGB.a(GUIDRV_Lin_16.o)
 .text._SetAlphaMode
                0x0000000008004e84       0x16 ../../../Middlewares/ST/STemWin/Lib\STemWin_CM7_wc32_ARGB.a(GUIDRV_Lin_16.o)
 .text._Off     0x0000000008004e9a        0xa ../../../Middlewares/ST/STemWin/Lib\STemWin_CM7_wc32_ARGB.a(GUIDRV_Lin_16.o)
 .text._On      0x0000000008004ea4        0xa ../../../Middlewares/ST/STemWin/Lib\STemWin_CM7_wc32_ARGB.a(GUIDRV_Lin_16.o)
 .text._SetOrg  0x0000000008004eae       0x94 ../../../Middlewares/ST/STemWin/Lib\STemWin_CM7_wc32_ARGB.a(GUIDRV_Lin_16.o)
 *fill*         0x0000000008004f42        0x2 
 .text._FillRect
                0x0000000008004f44      0x1c8 ../../../Middlewares/ST/STemWin/Lib\STemWin_CM7_wc32_ARGB.a(GUIDRV_Lin_16.o)
 .text._DrawHLine
                0x000000000800510c        0xe ../../../Middlewares/ST/STemWin/Lib\STemWin_CM7_wc32_ARGB.a(GUIDRV_Lin_16.o)
 .text._DrawVLine
                0x000000000800511a       0x10 ../../../Middlewares/ST/STemWin/Lib\STemWin_CM7_wc32_ARGB.a(GUIDRV_Lin_16.o)
 *fill*         0x000000000800512a        0x2 
 .text._DrawBitmap
                0x000000000800512c      0x618 ../../../Middlewares/ST/STemWin/Lib\STemWin_CM7_wc32_ARGB.a(GUIDRV_Lin_16.o)
 .text._InitOnce.isra.3
                0x0000000008005744       0x22 ../../../Middlewares/ST/STemWin/Lib\STemWin_CM7_wc32_ARGB.a(GUIDRV_Lin_16.o)
 .text._SetDevFunc
                0x0000000008005766       0x4c ../../../Middlewares/ST/STemWin/Lib\STemWin_CM7_wc32_ARGB.a(GUIDRV_Lin_16.o)
 *fill*         0x00000000080057b2        0x2 
 .text._CopyBuffer
                0x00000000080057b4       0x64 ../../../Middlewares/ST/STemWin/Lib\STemWin_CM7_wc32_ARGB.a(GUIDRV_Lin_16.o)
 .text._GetPos  0x0000000008005818       0x1c ../../../Middlewares/ST/STemWin/Lib\STemWin_CM7_wc32_ARGB.a(GUIDRV_Lin_16.o)
 .text._SetVRAM_BufferPTR
                0x0000000008005834       0x18 ../../../Middlewares/ST/STemWin/Lib\STemWin_CM7_wc32_ARGB.a(GUIDRV_Lin_16.o)
 .text._ShowBuffer
                0x000000000800584c       0x26 ../../../Middlewares/ST/STemWin/Lib\STemWin_CM7_wc32_ARGB.a(GUIDRV_Lin_16.o)
 .text._Init    0x0000000008005872       0x1a ../../../Middlewares/ST/STemWin/Lib\STemWin_CM7_wc32_ARGB.a(GUIDRV_Lin_16.o)
 .text._SetVis  0x000000000800588c       0x28 ../../../Middlewares/ST/STemWin/Lib\STemWin_CM7_wc32_ARGB.a(GUIDRV_Lin_16.o)
 .text._SetAlpha
                0x00000000080058b4       0x28 ../../../Middlewares/ST/STemWin/Lib\STemWin_CM7_wc32_ARGB.a(GUIDRV_Lin_16.o)
 .text._SetVRAMAddr
                0x00000000080058dc       0x2a ../../../Middlewares/ST/STemWin/Lib\STemWin_CM7_wc32_ARGB.a(GUIDRV_Lin_16.o)
 .text._SetPos  0x0000000008005906       0xfa ../../../Middlewares/ST/STemWin/Lib\STemWin_CM7_wc32_ARGB.a(GUIDRV_Lin_16.o)
 .text._SetSize
                0x0000000008005a00       0x42 ../../../Middlewares/ST/STemWin/Lib\STemWin_CM7_wc32_ARGB.a(GUIDRV_Lin_16.o)
 .text._SetVSize
                0x0000000008005a42       0x26 ../../../Middlewares/ST/STemWin/Lib\STemWin_CM7_wc32_ARGB.a(GUIDRV_Lin_16.o)
 .text._GetDevData
                0x0000000008005a68       0x10 ../../../Middlewares/ST/STemWin/Lib\STemWin_CM7_wc32_ARGB.a(GUIDEV_16.o)
 .text._GetDevFunc
                0x0000000008005a78       0x10 ../../../Middlewares/ST/STemWin/Lib\STemWin_CM7_wc32_ARGB.a(GUIDEV_16.o)
 .text._SetOrg  0x0000000008005a88        0xc ../../../Middlewares/ST/STemWin/Lib\STemWin_CM7_wc32_ARGB.a(GUIDEV_16.o)
 .text._GetRect
                0x0000000008005a94       0x36 ../../../Middlewares/ST/STemWin/Lib\STemWin_CM7_wc32_ARGB.a(GUIDEV_16.o)
 *fill*         0x0000000008005aca        0x2 
 .text._XY2PTR  0x0000000008005acc       0x40 ../../../Middlewares/ST/STemWin/Lib\STemWin_CM7_wc32_ARGB.a(GUIDEV_16.o)
 .text._GetPixelIndex
                0x0000000008005b0c        0xe ../../../Middlewares/ST/STemWin/Lib\STemWin_CM7_wc32_ARGB.a(GUIDEV_16.o)
 *fill*         0x0000000008005b1a        0x2 
 .text._XorPixel
                0x0000000008005b1c       0x58 ../../../Middlewares/ST/STemWin/Lib\STemWin_CM7_wc32_ARGB.a(GUIDEV_16.o)
 .text._SetPixelIndex
                0x0000000008005b74       0x4c ../../../Middlewares/ST/STemWin/Lib\STemWin_CM7_wc32_ARGB.a(GUIDEV_16.o)
 .text._DrawVLine
                0x0000000008005bc0       0xbc ../../../Middlewares/ST/STemWin/Lib\STemWin_CM7_wc32_ARGB.a(GUIDEV_16.o)
 .text._FillRect
                0x0000000008005c7c       0xb4 ../../../Middlewares/ST/STemWin/Lib\STemWin_CM7_wc32_ARGB.a(GUIDEV_16.o)
 .text._DrawHLine
                0x0000000008005d30        0xe ../../../Middlewares/ST/STemWin/Lib\STemWin_CM7_wc32_ARGB.a(GUIDEV_16.o)
 *fill*         0x0000000008005d3e        0x2 
 .text._DrawBitmap
                0x0000000008005d40      0x754 ../../../Middlewares/ST/STemWin/Lib\STemWin_CM7_wc32_ARGB.a(GUIDEV_16.o)
 .text._GetDevProp
                0x0000000008006494       0x18 ../../../Middlewares/ST/STemWin/Lib\STemWin_CM7_wc32_ARGB.a(GUIDEV_16.o)
 .text.GUI_USAGE_DecUseCnt
                0x00000000080064ac       0x28 ../../../Middlewares/ST/STemWin/Lib\STemWin_CM7_wc32_ARGB.a(GUIDEV_Usage.o)
                0x00000000080064ac                GUI_USAGE_DecUseCnt
 .text.GUI_USAGE_AddRect
                0x00000000080064d4       0x26 ../../../Middlewares/ST/STemWin/Lib\STemWin_CM7_wc32_ARGB.a(GUIDEV_Usage.o)
                0x00000000080064d4                GUI_USAGE_AddRect
 .text._Convert16
                0x00000000080064fa       0x3e ../../../Middlewares/ST/STemWin/Lib\STemWin_CM7_wc32_ARGB.a(GUIDEV_WriteToActiveOpaque.o)
 .text._Convert8
                0x0000000008006538       0x42 ../../../Middlewares/ST/STemWin/Lib\STemWin_CM7_wc32_ARGB.a(GUIDEV_WriteToActiveOpaque.o)
 *fill*         0x000000000800657a        0x2 
 .text.GUI_MEMDEV__WriteToActiveOpaque
                0x000000000800657c      0x74c ../../../Middlewares/ST/STemWin/Lib\STemWin_CM7_wc32_ARGB.a(GUIDEV_WriteToActiveOpaque.o)
                0x000000000800657c                GUI_MEMDEV__WriteToActiveOpaque
 .text._OnExit  0x0000000008006cc8       0xa4 ../../../Middlewares/ST/STemWin/Lib\STemWin_CM7_wc32_ARGB.a(WM.o)
 .text._Findy1  0x0000000008006d6c       0xa6 ../../../Middlewares/ST/STemWin/Lib\STemWin_CM7_wc32_ARGB.a(WM.o)
 .text._Findx0  0x0000000008006e12       0x86 ../../../Middlewares/ST/STemWin/Lib\STemWin_CM7_wc32_ARGB.a(WM.o)
 .text._Findx1  0x0000000008006e98       0x72 ../../../Middlewares/ST/STemWin/Lib\STemWin_CM7_wc32_ARGB.a(WM.o)
 *fill*         0x0000000008006f0a        0x2 
 .text.WM__ClipAtParentBorders
                0x0000000008006f0c       0x58 ../../../Middlewares/ST/STemWin/Lib\STemWin_CM7_wc32_ARGB.a(WM.o)
                0x0000000008006f0c                WM__ClipAtParentBorders
 .text.WM__InsertWindowIntoList
                0x0000000008006f64       0xac ../../../Middlewares/ST/STemWin/Lib\STemWin_CM7_wc32_ARGB.a(WM.o)
                0x0000000008006f64                WM__InsertWindowIntoList
 .text.WM__Client2Screen
                0x0000000008007010       0x10 ../../../Middlewares/ST/STemWin/Lib\STemWin_CM7_wc32_ARGB.a(WM.o)
                0x0000000008007010                WM__Client2Screen
 .text._SetClipRectUserIntersect
                0x0000000008007020       0x50 ../../../Middlewares/ST/STemWin/Lib\STemWin_CM7_wc32_ARGB.a(WM.o)
 .text.WM__ActivateClipRect
                0x0000000008007070       0x48 ../../../Middlewares/ST/STemWin/Lib\STemWin_CM7_wc32_ARGB.a(WM.o)
                0x0000000008007070                WM__ActivateClipRect
 .text.WM__InvalidateDrawAndDescs
                0x00000000080070b8       0x50 ../../../Middlewares/ST/STemWin/Lib\STemWin_CM7_wc32_ARGB.a(WM.o)
                0x00000000080070b8                WM__InvalidateDrawAndDescs
 .text.WM__RectIsNZ
                0x0000000008007108       0x22 ../../../Middlewares/ST/STemWin/Lib\STemWin_CM7_wc32_ARGB.a(WM.o)
                0x0000000008007108                WM__RectIsNZ
 .text.WM__SendMsgNoData
                0x000000000800712a       0x16 ../../../Middlewares/ST/STemWin/Lib\STemWin_CM7_wc32_ARGB.a(WM.o)
                0x000000000800712a                WM__SendMsgNoData
 .text.WM__GetClientRectWin
                0x0000000008007140       0x18 ../../../Middlewares/ST/STemWin/Lib\STemWin_CM7_wc32_ARGB.a(WM.o)
                0x0000000008007140                WM__GetClientRectWin
 .text.WM__GetTopLevelLayer
                0x0000000008007158       0x28 ../../../Middlewares/ST/STemWin/Lib\STemWin_CM7_wc32_ARGB.a(WM.o)
                0x0000000008007158                WM__GetTopLevelLayer
 .text._Invalidate1Abs
                0x0000000008007180       0xa0 ../../../Middlewares/ST/STemWin/Lib\STemWin_CM7_wc32_ARGB.a(WM.o)
 .text.WM__Invalidate1Abs
                0x0000000008007220        0x6 ../../../Middlewares/ST/STemWin/Lib\STemWin_CM7_wc32_ARGB.a(WM.o)
                0x0000000008007220                WM__Invalidate1Abs
 .text.WM_InvalidateWindowAndDescsEx
                0x0000000008007226       0x64 ../../../Middlewares/ST/STemWin/Lib\STemWin_CM7_wc32_ARGB.a(WM.o)
                0x0000000008007226                WM_InvalidateWindowAndDescsEx
 .text.WM__InvalidateRect
                0x000000000800728a       0x76 ../../../Middlewares/ST/STemWin/Lib\STemWin_CM7_wc32_ARGB.a(WM.o)
                0x000000000800728a                WM__InvalidateRect
 .text.WM__InvalidateRectEx
                0x0000000008007300        0x6 ../../../Middlewares/ST/STemWin/Lib\STemWin_CM7_wc32_ARGB.a(WM.o)
                0x0000000008007300                WM__InvalidateRectEx
 .text.WM_InvalidateRect
                0x0000000008007306       0x78 ../../../Middlewares/ST/STemWin/Lib\STemWin_CM7_wc32_ARGB.a(WM.o)
                0x0000000008007306                WM_InvalidateRect
 .text.WM_InvalidateWindow
                0x000000000800737e        0x6 ../../../Middlewares/ST/STemWin/Lib\STemWin_CM7_wc32_ARGB.a(WM.o)
                0x000000000800737e                WM_InvalidateWindow
 .text.WM__SelectTopLevelLayer
                0x0000000008007384       0x14 ../../../Middlewares/ST/STemWin/Lib\STemWin_CM7_wc32_ARGB.a(WM.o)
                0x0000000008007384                WM__SelectTopLevelLayer
 .text.WM_SelectWindow
                0x0000000008007398       0x40 ../../../Middlewares/ST/STemWin/Lib\STemWin_CM7_wc32_ARGB.a(WM.o)
                0x0000000008007398                WM_SelectWindow
 .text.WM_CreateWindowAsChild
                0x00000000080073d8      0x160 ../../../Middlewares/ST/STemWin/Lib\STemWin_CM7_wc32_ARGB.a(WM.o)
                0x00000000080073d8                WM_CreateWindowAsChild
 .text.WM__GetNextIVR
                0x0000000008007538      0x184 ../../../Middlewares/ST/STemWin/Lib\STemWin_CM7_wc32_ARGB.a(WM.o)
                0x0000000008007538                WM__GetNextIVR
 .text.WM__InitIVRSearch
                0x00000000080076bc      0x100 ../../../Middlewares/ST/STemWin/Lib\STemWin_CM7_wc32_ARGB.a(WM.o)
                0x00000000080076bc                WM__InitIVRSearch
 .text.WM_Activate
                0x00000000080077bc       0x10 ../../../Middlewares/ST/STemWin/Lib\STemWin_CM7_wc32_ARGB.a(WM.o)
                0x00000000080077bc                WM_Activate
 .text.WM_DefaultProc
                0x00000000080077cc       0x48 ../../../Middlewares/ST/STemWin/Lib\STemWin_CM7_wc32_ARGB.a(WM.o)
                0x00000000080077cc                WM_DefaultProc
 .text._cbBackWin
                0x0000000008007814       0x68 ../../../Middlewares/ST/STemWin/Lib\STemWin_CM7_wc32_ARGB.a(WM.o)
 .text.WM_Init  0x000000000800787c       0xf0 ../../../Middlewares/ST/STemWin/Lib\STemWin_CM7_wc32_ARGB.a(WM.o)
                0x000000000800787c                WM_Init
 .text.WM_GetDesktopWindow
                0x000000000800796c       0x18 ../../../Middlewares/ST/STemWin/Lib\STemWin_CM7_wc32_ARGB.a(WM_Lib.o)
                0x000000000800796c                WM_GetDesktopWindow
 .text.WM_GetFirstChild
                0x0000000008007984       0x10 ../../../Middlewares/ST/STemWin/Lib\STemWin_CM7_wc32_ARGB.a(WM_Lib.o)
                0x0000000008007984                WM_GetFirstChild
 .text.WM_GetParent
                0x0000000008007994       0x10 ../../../Middlewares/ST/STemWin/Lib\STemWin_CM7_wc32_ARGB.a(WM_Lib.o)
                0x0000000008007994                WM_GetParent
 .text.WM_BringToBottom
                0x00000000080079a4       0x86 ../../../Middlewares/ST/STemWin/Lib\STemWin_CM7_wc32_ARGB.a(WM_Lib.o)
                0x00000000080079a4                WM_BringToBottom
 .text.WM_SendToParent
                0x0000000008007a2a       0x1c ../../../Middlewares/ST/STemWin/Lib\STemWin_CM7_wc32_ARGB.a(WM_Lib.o)
                0x0000000008007a2a                WM_SendToParent
 .text.WM__GetFirstSibling
                0x0000000008007a46       0x12 ../../../Middlewares/ST/STemWin/Lib\STemWin_CM7_wc32_ARGB.a(WM__Private.o)
                0x0000000008007a46                WM__GetFirstSibling
 .text.WM__GetPrevSibling
                0x0000000008007a58       0x26 ../../../Middlewares/ST/STemWin/Lib\STemWin_CM7_wc32_ARGB.a(WM__Private.o)
                0x0000000008007a58                WM__GetPrevSibling
 *fill*         0x0000000008007a7e        0x2 
 .text.WM__SendMessage
                0x0000000008007a80       0x3c ../../../Middlewares/ST/STemWin/Lib\STemWin_CM7_wc32_ARGB.a(WM__Private.o)
                0x0000000008007a80                WM__SendMessage
 .text.WM__AddCriticalHandle
                0x0000000008007abc       0x10 ../../../Middlewares/ST/STemWin/Lib\STemWin_CM7_wc32_ARGB.a(WM__Private.o)
                0x0000000008007abc                WM__AddCriticalHandle
 .text.WM__GetClientRectEx
                0x0000000008007acc       0x22 ../../../Middlewares/ST/STemWin/Lib\STemWin_CM7_wc32_ARGB.a(WM__Private.o)
                0x0000000008007acc                WM__GetClientRectEx
 .text._GetIndexMask_0
                0x0000000008007aee       0x52 ../../../Middlewares/ST/STemWin/Lib\STemWin_CM7_wc32_ARGB.a(GUICC_0.o)
 .text._Index2Color_0
                0x0000000008007b40       0x1e ../../../Middlewares/ST/STemWin/Lib\STemWin_CM7_wc32_ARGB.a(GUICC_0.o)
 .text._Color2Index_0
                0x0000000008007b5e       0x52 ../../../Middlewares/ST/STemWin/Lib\STemWin_CM7_wc32_ARGB.a(GUICC_0.o)
 .text.GUI_GetYAdjust
                0x0000000008007bb0       0x30 ../../../Middlewares/ST/STemWin/Lib\STemWin_CM7_wc32_ARGB.a(GUI_Char.o)
                0x0000000008007bb0                GUI_GetYAdjust
 .text.GUI_GetFontDistY
                0x0000000008007be0       0x10 ../../../Middlewares/ST/STemWin/Lib\STemWin_CM7_wc32_ARGB.a(GUI_Char.o)
                0x0000000008007be0                GUI_GetFontDistY
 .text.GUI_GetCharDistX
                0x0000000008007bf0       0x10 ../../../Middlewares/ST/STemWin/Lib\STemWin_CM7_wc32_ARGB.a(GUI_Char.o)
                0x0000000008007bf0                GUI_GetCharDistX
 .text.GUI_GetCharDistXEx
                0x0000000008007c00       0x10 ../../../Middlewares/ST/STemWin/Lib\STemWin_CM7_wc32_ARGB.a(GUI_Char.o)
                0x0000000008007c00                GUI_GetCharDistXEx
 .text._Log2VisBuffered
                0x0000000008007c10        0x2 ../../../Middlewares/ST/STemWin/Lib\STemWin_CM7_wc32_ARGB.a(GUI_CharLine.o)
 *fill*         0x0000000008007c12        0x2 
 .text._DispLine
                0x0000000008007c14       0x9c ../../../Middlewares/ST/STemWin/Lib\STemWin_CM7_wc32_ARGB.a(GUI_CharLine.o)
 .text.GUI__GetLineNumChars
                0x0000000008007cb0       0x38 ../../../Middlewares/ST/STemWin/Lib\STemWin_CM7_wc32_ARGB.a(GUI_CharLine.o)
                0x0000000008007cb0                GUI__GetLineNumChars
 .text.GUI__GetOverlap
                0x0000000008007ce8       0x1c ../../../Middlewares/ST/STemWin/Lib\STemWin_CM7_wc32_ARGB.a(GUI_CharLine.o)
                0x0000000008007ce8                GUI__GetOverlap
 .text.GUI__GetLineDistX
                0x0000000008007d04       0x60 ../../../Middlewares/ST/STemWin/Lib\STemWin_CM7_wc32_ARGB.a(GUI_CharLine.o)
                0x0000000008007d04                GUI__GetLineDistX
 .text.GUI__DispLine
                0x0000000008007d64       0xa8 ../../../Middlewares/ST/STemWin/Lib\STemWin_CM7_wc32_ARGB.a(GUI_CharLine.o)
                0x0000000008007d64                GUI__DispLine
 .text.GUIMONO_DispChar
                0x0000000008007e0c      0x13c ../../../Middlewares/ST/STemWin/Lib\STemWin_CM7_wc32_ARGB.a(GUI_CharM.o)
                0x0000000008007e0c                GUIMONO_DispChar
 .text.GUIMONO_GetCharDistX
                0x0000000008007f48       0x18 ../../../Middlewares/ST/STemWin/Lib\STemWin_CM7_wc32_ARGB.a(GUI_CharM.o)
                0x0000000008007f48                GUIMONO_GetCharDistX
 .text.GUIMONO_GetFontInfo
                0x0000000008007f60        0x6 ../../../Middlewares/ST/STemWin/Lib\STemWin_CM7_wc32_ARGB.a(GUI_CharM.o)
                0x0000000008007f60                GUIMONO_GetFontInfo
 .text.GUIMONO_IsInFont
                0x0000000008007f66       0x36 ../../../Middlewares/ST/STemWin/Lib\STemWin_CM7_wc32_ARGB.a(GUI_CharM.o)
                0x0000000008007f66                GUIMONO_IsInFont
 .text.GUIPROP__FindChar
                0x0000000008007f9c       0x14 ../../../Middlewares/ST/STemWin/Lib\STemWin_CM7_wc32_ARGB.a(GUI_CharP.o)
                0x0000000008007f9c                GUIPROP__FindChar
 .text.GUIPROP_DispChar
                0x0000000008007fb0       0xec ../../../Middlewares/ST/STemWin/Lib\STemWin_CM7_wc32_ARGB.a(GUI_CharP.o)
                0x0000000008007fb0                GUIPROP_DispChar
 .text.GUIPROP_GetCharDistX
                0x000000000800809c       0x3c ../../../Middlewares/ST/STemWin/Lib\STemWin_CM7_wc32_ARGB.a(GUI_CharP.o)
                0x000000000800809c                GUIPROP_GetCharDistX
 .text.GUIPROP_GetFontInfo
                0x00000000080080d8        0x6 ../../../Middlewares/ST/STemWin/Lib\STemWin_CM7_wc32_ARGB.a(GUI_CharP.o)
                0x00000000080080d8                GUIPROP_GetFontInfo
 .text.GUIPROP_IsInFont
                0x00000000080080de       0x10 ../../../Middlewares/ST/STemWin/Lib\STemWin_CM7_wc32_ARGB.a(GUI_CharP.o)
                0x00000000080080de                GUIPROP_IsInFont
 .text.GUI__CompactPixelIndices
                0x00000000080080ee      0x16e ../../../Middlewares/ST/STemWin/Lib\STemWin_CM7_wc32_ARGB.a(GUI__CompactPixelIndices.o)
                0x00000000080080ee                GUI__CompactPixelIndices
 .text.GUI__ManageCacheEx
                0x000000000800825c       0xdc ../../../Middlewares/ST/STemWin/Lib\STemWin_CM7_wc32_ARGB.a(GUI__ManageCache.o)
                0x000000000800825c                GUI__ManageCacheEx
 .text.GUI__ManageCache
                0x0000000008008338       0x10 ../../../Middlewares/ST/STemWin/Lib\STemWin_CM7_wc32_ARGB.a(GUI__ManageCache.o)
                0x0000000008008338                GUI__ManageCache
 .text.LCD_SetClipRectEx
                0x0000000008008348       0x30 ../../../Middlewares/ST/STemWin/Lib\STemWin_CM7_wc32_ARGB.a(LCD_SetClipRectEx.o)
                0x0000000008008348                LCD_SetClipRectEx
 .text.GUI_MEMDEV_GetBitsPerPixel
                0x0000000008008378       0x2a ../../../Middlewares/ST/STemWin/Lib\STemWin_CM7_wc32_ARGB.a(GUIDEV.o)
                0x0000000008008378                GUI_MEMDEV_GetBitsPerPixel
 *fill*         0x00000000080083a2        0x2 
 .text.GUI_MEMDEV_Delete
                0x00000000080083a4       0x44 ../../../Middlewares/ST/STemWin/Lib\STemWin_CM7_wc32_ARGB.a(GUIDEV.o)
                0x00000000080083a4                GUI_MEMDEV_Delete
 .text.GUI_MEMDEV_GetDataPtr
                0x00000000080083e8       0x20 ../../../Middlewares/ST/STemWin/Lib\STemWin_CM7_wc32_ARGB.a(GUIDEV_GetDataPtr.o)
                0x00000000080083e8                GUI_MEMDEV_GetDataPtr
 .text.__libc_init_array
                0x0000000008008408       0x48 c:/st/stm32cubeide_1.4.0/stm32cubeide/plugins/com.st.stm32cube.ide.mcu.externaltools.gnu-tools-for-stm32.7-2018-q2-update.win32_1.4.0.202007081208/tools/bin/../lib/gcc/arm-none-eabi/7.3.1/../../../../arm-none-eabi/lib/thumb/v7e-m/fpv5/hard\libc_nano.a(lib_a-init.o)
                0x0000000008008408                __libc_init_array
 .text.memcpy   0x0000000008008450       0x16 c:/st/stm32cubeide_1.4.0/stm32cubeide/plugins/com.st.stm32cube.ide.mcu.externaltools.gnu-tools-for-stm32.7-2018-q2-update.win32_1.4.0.202007081208/tools/bin/../lib/gcc/arm-none-eabi/7.3.1/../../../../arm-none-eabi/lib/thumb/v7e-m/fpv5/hard\libc_nano.a(lib_a-memcpy-stub.o)
                0x0000000008008450                memcpy
 .text.memmove  0x0000000008008466       0x32 c:/st/stm32cubeide_1.4.0/stm32cubeide/plugins/com.st.stm32cube.ide.mcu.externaltools.gnu-tools-for-stm32.7-2018-q2-update.win32_1.4.0.202007081208/tools/bin/../lib/gcc/arm-none-eabi/7.3.1/../../../../arm-none-eabi/lib/thumb/v7e-m/fpv5/hard\libc_nano.a(lib_a-memmove.o)
                0x0000000008008466                memmove
 .text.memset   0x0000000008008498       0x10 c:/st/stm32cubeide_1.4.0/stm32cubeide/plugins/com.st.stm32cube.ide.mcu.externaltools.gnu-tools-for-stm32.7-2018-q2-update.win32_1.4.0.202007081208/tools/bin/../lib/gcc/arm-none-eabi/7.3.1/../../../../arm-none-eabi/lib/thumb/v7e-m/fpv5/hard\libc_nano.a(lib_a-memset.o)
                0x0000000008008498                memset
 *(.glue_7)
 .glue_7        0x00000000080084a8        0x0 linker stubs
 *(.glue_7t)
 .glue_7t       0x00000000080084a8        0x0 linker stubs
 *(.eh_frame)
 .eh_frame      0x00000000080084a8        0x0 c:/st/stm32cubeide_1.4.0/stm32cubeide/plugins/com.st.stm32cube.ide.mcu.externaltools.gnu-tools-for-stm32.7-2018-q2-update.win32_1.4.0.202007081208/tools/bin/../lib/gcc/arm-none-eabi/7.3.1/thumb/v7e-m/fpv5/hard/crtbegin.o
 *(.init)
 .init          0x00000000080084a8        0x4 c:/st/stm32cubeide_1.4.0/stm32cubeide/plugins/com.st.stm32cube.ide.mcu.externaltools.gnu-tools-for-stm32.7-2018-q2-update.win32_1.4.0.202007081208/tools/bin/../lib/gcc/arm-none-eabi/7.3.1/thumb/v7e-m/fpv5/hard/crti.o
                0x00000000080084a8                _init
 .init          0x00000000080084ac        0x8 c:/st/stm32cubeide_1.4.0/stm32cubeide/plugins/com.st.stm32cube.ide.mcu.externaltools.gnu-tools-for-stm32.7-2018-q2-update.win32_1.4.0.202007081208/tools/bin/../lib/gcc/arm-none-eabi/7.3.1/thumb/v7e-m/fpv5/hard/crtn.o
 *(.fini)
 .fini          0x00000000080084b4        0x4 c:/st/stm32cubeide_1.4.0/stm32cubeide/plugins/com.st.stm32cube.ide.mcu.externaltools.gnu-tools-for-stm32.7-2018-q2-update.win32_1.4.0.202007081208/tools/bin/../lib/gcc/arm-none-eabi/7.3.1/thumb/v7e-m/fpv5/hard/crti.o
                0x00000000080084b4                _fini
 .fini          0x00000000080084b8        0x8 c:/st/stm32cubeide_1.4.0/stm32cubeide/plugins/com.st.stm32cube.ide.mcu.externaltools.gnu-tools-for-stm32.7-2018-q2-update.win32_1.4.0.202007081208/tools/bin/../lib/gcc/arm-none-eabi/7.3.1/thumb/v7e-m/fpv5/hard/crtn.o
                0x00000000080084c0                . = ALIGN (0x4)
                0x00000000080084c0                _etext = .

.vfp11_veneer   0x00000000080084c0        0x0
 .vfp11_veneer  0x00000000080084c0        0x0 linker stubs

.v4_bx          0x00000000080084c0        0x0
 .v4_bx         0x00000000080084c0        0x0 linker stubs

.iplt           0x00000000080084c0        0x0
 .iplt          0x00000000080084c0        0x0 c:/st/stm32cubeide_1.4.0/stm32cubeide/plugins/com.st.stm32cube.ide.mcu.externaltools.gnu-tools-for-stm32.7-2018-q2-update.win32_1.4.0.202007081208/tools/bin/../lib/gcc/arm-none-eabi/7.3.1/thumb/v7e-m/fpv5/hard/crtbegin.o

.rodata         0x00000000080084c0     0x4750
                0x00000000080084c0                . = ALIGN (0x4)
 *(.rodata)
 .rodata        0x00000000080084c0       0x10 Drivers/CMSIS/system_stm32h7xx.o
                0x00000000080084c0                D1CorePrescTable
 .rodata        0x00000000080084d0       0x18 ../../../Middlewares/ST/STemWin/Lib\STemWin_CM7_wc32_ARGB.a(GUICC_M565.o)
                0x00000000080084d0                LCD_API_ColorConv_M565
 .rodata        0x00000000080084e8       0x17 ../../../Middlewares/ST/STemWin/Lib\STemWin_CM7_wc32_ARGB.a(GUI_Core.o)
 *fill*         0x00000000080084ff        0x1 
 .rodata        0x0000000008008500       0x10 ../../../Middlewares/ST/STemWin/Lib\STemWin_CM7_wc32_ARGB.a(GUI_UC_EncodeNone.o)
                0x0000000008008500                GUI_UC_None
 .rodata        0x0000000008008510      0x370 ../../../Middlewares/ST/STemWin/Lib\STemWin_CM7_wc32_ARGB.a(GUI__DivTbl.o)
                0x0000000008008510                GUI__aConvert_255_63
                0x0000000008008610                GUI__aConvert_255_31
                0x0000000008008710                GUI__aConvert_255_15
                0x0000000008008810                GUI__aConvert_63_255
                0x0000000008008850                GUI__aConvert_31_255
                0x0000000008008870                GUI__aConvert_15_255
 .rodata        0x0000000008008880        0xc ../../../Middlewares/ST/STemWin/Lib\STemWin_CM7_wc32_ARGB.a(LCD.o)
 .rodata        0x000000000800888c       0x34 ../../../Middlewares/ST/STemWin/Lib\STemWin_CM7_wc32_ARGB.a(GUIDRV_Lin_16.o)
                0x000000000800888c                GUIDRV_Lin_16_API
 .rodata        0x00000000080088c0     0x1e30 ../../../Middlewares/ST/STemWin/Lib\STemWin_CM7_wc32_ARGB.a(F32_1.o)
                0x00000000080088c0                GUI_Font32_1
 .rodata        0x000000000800a6f0     0x1c48 ../../../Middlewares/ST/STemWin/Lib\STemWin_CM7_wc32_ARGB.a(F32_ASCII.o)
                0x000000000800a6f0                GUI_Font32_ASCII
                0x000000000800a714                GUI_Font32_ASCII_Prop1
                0x000000000800a720                GUI_Font32_ASCII_CharInfo
 .rodata        0x000000000800c338      0x73c ../../../Middlewares/ST/STemWin/Lib\STemWin_CM7_wc32_ARGB.a(F6x8.o)
                0x000000000800c338                GUI_Font6x9
                0x000000000800c35c                GUI_Font6x8
 .rodata        0x000000000800ca74       0x74 ../../../Middlewares/ST/STemWin/Lib\STemWin_CM7_wc32_ARGB.a(GUIDEV_16.o)
                0x000000000800ca74                GUI_MEMDEV_DEVICE_16
 .rodata        0x000000000800cae8       0x18 ../../../Middlewares/ST/STemWin/Lib\STemWin_CM7_wc32_ARGB.a(GUICC_0.o)
                0x000000000800cae8                LCD_API_ColorConv_0
 .rodata        0x000000000800cb00      0x100 ../../../Middlewares/ST/STemWin/Lib\STemWin_CM7_wc32_ARGB.a(LCD_Mirror.o)
                0x000000000800cb00                LCD_aMirror
 *(.rodata*)
 .rodata.str1.1
                0x000000000800cc00        0xd Application/User/STemWin/BASIC_HelloWorld.o
                0x000000000800cc10                . = ALIGN (0x4)
 *fill*         0x000000000800cc0d        0x3 

.rel.dyn        0x000000000800cc10        0x0
 .rel.iplt      0x000000000800cc10        0x0 c:/st/stm32cubeide_1.4.0/stm32cubeide/plugins/com.st.stm32cube.ide.mcu.externaltools.gnu-tools-for-stm32.7-2018-q2-update.win32_1.4.0.202007081208/tools/bin/../lib/gcc/arm-none-eabi/7.3.1/thumb/v7e-m/fpv5/hard/crtbegin.o

.ARM.extab
 *(.ARM.extab* .gnu.linkonce.armextab.*)

.ARM            0x000000000800cc10        0x0
                0x000000000800cc10                __exidx_start = .
 *(.ARM.exidx*)
                0x000000000800cc10                __exidx_end = .

.preinit_array  0x000000000800cc10        0x0
                0x000000000800cc10                PROVIDE (__preinit_array_start = .)
 *(.preinit_array*)
                0x000000000800cc10                PROVIDE (__preinit_array_end = .)

.init_array     0x000000000800cc10        0x4
                0x000000000800cc10                PROVIDE (__init_array_start = .)
 *(SORT_BY_NAME(.init_array.*))
 *(.init_array*)
 .init_array    0x000000000800cc10        0x4 c:/st/stm32cubeide_1.4.0/stm32cubeide/plugins/com.st.stm32cube.ide.mcu.externaltools.gnu-tools-for-stm32.7-2018-q2-update.win32_1.4.0.202007081208/tools/bin/../lib/gcc/arm-none-eabi/7.3.1/thumb/v7e-m/fpv5/hard/crtbegin.o
                0x000000000800cc14                PROVIDE (__init_array_end = .)

.fini_array     0x000000000800cc14        0x4
                [!provide]                        PROVIDE (__fini_array_start = .)
 *(SORT_BY_NAME(.fini_array.*))
 *(.fini_array*)
 .fini_array    0x000000000800cc14        0x4 c:/st/stm32cubeide_1.4.0/stm32cubeide/plugins/com.st.stm32cube.ide.mcu.externaltools.gnu-tools-for-stm32.7-2018-q2-update.win32_1.4.0.202007081208/tools/bin/../lib/gcc/arm-none-eabi/7.3.1/thumb/v7e-m/fpv5/hard/crtbegin.o
                [!provide]                        PROVIDE (__fini_array_end = .)
                0x000000000800cc18                _sidata = LOADADDR (.data)

.data           0x0000000024000000       0x40 load address 0x000000000800cc18
                0x0000000024000000                . = ALIGN (0x4)
                0x0000000024000000                _sdata = .
 *(.data)
 .data          0x0000000024000000        0x8 Drivers/CMSIS/system_stm32h7xx.o
                0x0000000024000000                SystemCoreClock
                0x0000000024000004                SystemD2Clock
 .data          0x0000000024000008        0x8 Drivers/STM32H7xx_HAL_Driver/stm32h7xx_hal.o
                0x0000000024000008                uwTickFreq
                0x000000002400000c                uwTickPrio
 .data          0x0000000024000010        0x7 ../../../Middlewares/ST/STemWin/Lib\STemWin_CM7_wc32_ARGB.a(GUI_Common.o)
 *fill*         0x0000000024000017        0x1 
 .data          0x0000000024000018       0x14 ../../../Middlewares/ST/STemWin/Lib\STemWin_CM7_wc32_ARGB.a(GUI_Core.o)
                0x0000000024000018                GUI_pfGetpPalConvTable
                0x000000002400001c                GUI__pFontDefault
                0x0000000024000020                GUI__ColorDefault
                0x0000000024000024                GUI__BkColorDefault
                0x0000000024000028                GUI_pContext
 .data          0x000000002400002c        0x8 ../../../Middlewares/ST/STemWin/Lib\STemWin_CM7_wc32_ARGB.a(GUI__Private.o)
                0x000000002400002c                GUI__pfMemcpy
                0x0000000024000030                GUI__pfMemset
 .data          0x0000000024000034        0x4 ../../../Middlewares/ST/STemWin/Lib\STemWin_CM7_wc32_ARGB.a(LCD.o)
                0x0000000024000034                LCD__pSetColorAPI
 .data          0x0000000024000038        0x4 ../../../Middlewares/ST/STemWin/Lib\STemWin_CM7_wc32_ARGB.a(LCD_Color.o)
 .data          0x000000002400003c        0x4 ../../../Middlewares/ST/STemWin/Lib\STemWin_CM7_wc32_ARGB.a(GUI_CharLine.o)
                0x000000002400003c                GUI_CharLine_pfLog2Vis
 *(.data*)
                0x0000000024000040                . = ALIGN (0x4)
                0x0000000024000040                _edata = .

.igot.plt       0x0000000024000040        0x0 load address 0x000000000800cc58
 .igot.plt      0x0000000024000040        0x0 c:/st/stm32cubeide_1.4.0/stm32cubeide/plugins/com.st.stm32cube.ide.mcu.externaltools.gnu-tools-for-stm32.7-2018-q2-update.win32_1.4.0.202007081208/tools/bin/../lib/gcc/arm-none-eabi/7.3.1/thumb/v7e-m/fpv5/hard/crtbegin.o

.GUI_NUMBYTES_section
                0x0000000024000040    0x2d000 load address 0x000000000800cc58
 .GUI_NUMBYTES_section
                0x0000000024000040    0x2d000 Middlewares/Target/GUIConf_stm32h743i_eval.o
                0x0000000024000040                aMemory
                0x000000002402d040                . = ALIGN (0x4)

.bss            0x000000002402d040      0x6a8 load address 0x0000000008039c58
                0x000000002402d040                _sbss = .
                0x000000002402d040                __bss_start__ = _sbss
 *(.bss)
 .bss           0x000000002402d040       0x1c c:/st/stm32cubeide_1.4.0/stm32cubeide/plugins/com.st.stm32cube.ide.mcu.externaltools.gnu-tools-for-stm32.7-2018-q2-update.win32_1.4.0.202007081208/tools/bin/../lib/gcc/arm-none-eabi/7.3.1/thumb/v7e-m/fpv5/hard/crtbegin.o
 .bss           0x000000002402d05c       0x10 Drivers/BSP/Components/is42s32800g.o
 .bss           0x000000002402d06c       0xf8 Drivers/BSP/STM32H743I_EVAL/stm32h743i_eval_sdram.o
 .bss           0x000000002402d164      0x140 Middlewares/Target/LCDConf_stm32h743i_eval.o
 .bss           0x000000002402d2a4        0x8 ../../../Middlewares/ST/STemWin/Lib\STemWin_CM7_wc32_ARGB.a(GUICC_M565.o)
 .bss           0x000000002402d2ac        0xc ../../../Middlewares/ST/STemWin/Lib\STemWin_CM7_wc32_ARGB.a(GUI_Alloc.o)
 .bss           0x000000002402d2b8       0xa4 ../../../Middlewares/ST/STemWin/Lib\STemWin_CM7_wc32_ARGB.a(GUI_Core.o)
 .bss           0x000000002402d35c       0x2c ../../../Middlewares/ST/STemWin/Lib\STemWin_CM7_wc32_ARGB.a(GUI_MULTIBUF.o)
 .bss           0x000000002402d388       0x60 ../../../Middlewares/ST/STemWin/Lib\STemWin_CM7_wc32_ARGB.a(GUI_OnKey.o)
 .bss           0x000000002402d3e8        0x8 ../../../Middlewares/ST/STemWin/Lib\STemWin_CM7_wc32_ARGB.a(GUI_WaitEvent.o)
 .bss           0x000000002402d3f0        0xc ../../../Middlewares/ST/STemWin/Lib\STemWin_CM7_wc32_ARGB.a(LCD_Color.o)
 .bss           0x000000002402d3fc        0x8 ../../../Middlewares/ST/STemWin/Lib\STemWin_CM7_wc32_ARGB.a(LCD_GetEx.o)
 .bss           0x000000002402d404        0x4 ../../../Middlewares/ST/STemWin/Lib\STemWin_CM7_wc32_ARGB.a(GUIDEV_16.o)
 .bss           0x000000002402d408       0x30 ../../../Middlewares/ST/STemWin/Lib\STemWin_CM7_wc32_ARGB.a(WM.o)
 .bss           0x000000002402d438        0x4 ../../../Middlewares/ST/STemWin/Lib\STemWin_CM7_wc32_ARGB.a(WM__Private.o)
 .bss           0x000000002402d43c       0x18 ../../../Middlewares/ST/STemWin/Lib\STemWin_CM7_wc32_ARGB.a(GUI__ManageCache.o)
 *(.bss*)
 *(COMMON)
 COMMON         0x000000002402d454       0x34 Drivers/BSP/STM32H743I_EVAL/stm32h743i_eval_sdram.o
                0x000000002402d454                hsdram
 COMMON         0x000000002402d488        0x4 Drivers/STM32H7xx_HAL_Driver/stm32h7xx_hal.o
                0x000000002402d488                uwTick
 COMMON         0x000000002402d48c        0x4 Middlewares/OS/GUI_X.o
                0x000000002402d48c                OS_TimeMS
 COMMON         0x000000002402d490       0xa8 Middlewares/Target/LCDConf_stm32h743i_eval.o
                0x000000002402d490                hltdc
 COMMON         0x000000002402d538       0xc0 ../../../Middlewares/ST/STemWin/Lib\STemWin_CM7_wc32_ARGB.a(GUI_Alloc.o)
                0x000000002402d538                GUI_ALLOC__Context
 COMMON         0x000000002402d5f8       0x60 ../../../Middlewares/ST/STemWin/Lib\STemWin_CM7_wc32_ARGB.a(GUI_Core.o)
                0x000000002402d5f8                GUI__aNumBuffers
                0x000000002402d5fa                GUI__NumLayersInUse
                0x000000002402d5fc                GUI__LayerMask
                0x000000002402d600                GUI_DecChar
                0x000000002402d604                GUI_pLCD_APIList
                0x000000002402d608                GUI_AA__ClipX0
                0x000000002402d60c                GUI_DCACHE__pfClearCacheHook
                0x000000002402d610                GUI_OrgY
                0x000000002402d614                GUI_pfHookMTOUCH
                0x000000002402d618                GUI_pfDispCharLine
                0x000000002402d61c                GUI_pfTimerExec
                0x000000002402d620                GUI_OrgX
                0x000000002402d624                GUI_pfDispCharStyle
                0x000000002402d628                GUI__IsInitialized
                0x000000002402d62c                GUI__pfDrawM565BitmapFunc
                0x000000002402d630                GUI__PreserveTrans
                0x000000002402d634                GUI__pfDrawM565MemdevFunc
                0x000000002402d638                GUI_MTOUCH__pStoreEvent
                0x000000002402d63c                GUI_pfExecAnimations
                0x000000002402d640                GUI_pUC_API
                0x000000002402d644                GUI_pfUpdateSoftLayer