stm32h743i_eval.c:161:9:BSP_GetVersion	0	static
stm32h743i_eval.c:170:16:BSP_GetBoardName	0	static
stm32h743i_eval.c:179:16:BSP_GetBoardID	0	static
stm32h743i_eval.c:194:9:BSP_LED_Init	48	static
stm32h743i_eval.c:257:9:BSP_LED_DeInit	32	static
stm32h743i_eval.c:303:9:BSP_LED_On	8	static
stm32h743i_eval.c:330:9:BSP_LED_Off	8	static
stm32h743i_eval.c:358:9:BSP_LED_Toggle	8	static
stm32h743i_eval.c:386:9:BSP_LED_GetState	8	static
stm32h743i_eval.c:421:9:BSP_PB_Init	56	static
stm32h743i_eval.c:495:9:BSP_PB_DeInit	16	static
stm32h743i_eval.c:515:9:BSP_PB_GetState	8	static
stm32h743i_eval.c:525:6:BSP_PB_IRQHandler	0	static
stm32h743i_eval.c:535:13:BSP_PB_Callback	0	static
stm32h743i_eval.c:1216:13:BUTTON_USER_EXTI_Callback	8	static
stm32h743i_eval.c:1207:13:BUTTON_TAMPER_EXTI_Callback	8	static
stm32h743i_eval.c:1198:13:BUTTON_WAKEUP_EXTI_Callback	8	static
stm32h743i_eval.c:594:9:BSP_COM_DeInit	8	static
stm32h743i_eval.c:624:26:MX_USART1_Init	0	static
stm32h743i_eval.c:552:9:BSP_COM_Init	48	static
stm32h743i_eval.c:721:9:BSP_COM_SelectLogPort	0	static
stm32h743i_eval.c:731:5:__io_putchar	24	static
stm32h743i_eval.c:790:9:BSP_POT_DeInit	8	static
stm32h743i_eval.c:818:9:BSP_POT_GetLevel	8	static
stm32h743i_eval.c:848:26:MX_ADC1_Init	48	static
stm32h743i_eval.c:748:9:BSP_POT_Init	40	static
stm32h743i_eval.c:982:9:BSP_JOY_Init	40	static
stm32h743i_eval.c:1044:9:BSP_JOY_DeInit	24	static
stm32h743i_eval.c:1100:9:BSP_JOY_GetState	8	static
stm32h743i_eval.c:1156:6:BSP_JOY_IRQHandler	0	static
stm32h743i_eval.c:1177:13:BSP_JOY_Callback	0	static
stm32h743i_eval.c:1330:13:JOY1_EXTI_Callback	8	static
