stm32h743i_eval_lcd.c:647:9:BSP_LCD_GetPixelFormat	0	static
stm32h743i_eval_lcd.c:670:9:BSP_LCD_SetActiveLayer	0	static
stm32h743i_eval_lcd.c:929:9:BSP_LCD_GetXSize	0	static
stm32h743i_eval_lcd.c:951:9:BSP_LCD_GetYSize	0	static
stm32h743i_eval_lcd.c:1249:9:BSP_LCD_ReadPixel	20	static
stm32h743i_eval_lcd.c:1273:9:BSP_LCD_WritePixel	20	static
stm32h743i_eval_lcd.c:1137:9:BSP_LCD_FillRGBRect	40	static
stm32h743i_eval_lcd.c:1073:9:BSP_LCD_DrawBitmap	56	static
stm32h743i_eval_lcd.c:1307:13:LL_FillBuffer.isra.0	32	static
stm32h743i_eval_lcd.c:1183:9:BSP_LCD_DrawHLine	32	static
stm32h743i_eval_lcd.c:1205:9:BSP_LCD_DrawVLine	32	static
stm32h743i_eval_lcd.c:1228:9:BSP_LCD_FillRect	32	static
stm32h743i_eval_lcd.c:363:9:BSP_LCD_DeInit	8	static
stm32h743i_eval_lcd.c:400:6:BSP_LCD_Reset	48	static
stm32h743i_eval_lcd.c:474:26:MX_LTDC_Init	0	static
stm32h743i_eval_lcd.c:504:26:MX_LTDC_ConfigLayer	80	static
stm32h743i_eval_lcd.c:532:26:MX_LTDC_ClockConfig	200	static
stm32h743i_eval_lcd.c:201:9:BSP_LCD_InitEx	208	static
stm32h743i_eval_lcd.c:187:9:BSP_LCD_Init	16	static
stm32h743i_eval_lcd.c:624:9:BSP_LCD_ConfigLayer	8	static
stm32h743i_eval_lcd.c:695:9:BSP_LCD_Relaod	8	static
stm32h743i_eval_lcd.c:729:9:BSP_LCD_SetLayerVisible	0	static
stm32h743i_eval_lcd.c:765:9:BSP_LCD_SetTransparency	8	static
stm32h743i_eval_lcd.c:795:9:BSP_LCD_SetLayerAddress	8	static
stm32h743i_eval_lcd.c:828:9:BSP_LCD_SetLayerWindow	32	static
stm32h743i_eval_lcd.c:865:9:BSP_LCD_SetColorKeying	16	static
stm32h743i_eval_lcd.c:898:9:BSP_LCD_ResetColorKeying	8	static
stm32h743i_eval_lcd.c:972:9:BSP_LCD_DisplayOn	8	static
stm32h743i_eval_lcd.c:999:9:BSP_LCD_DisplayOff	8	static
stm32h743i_eval_lcd.c:1027:9:BSP_LCD_SetBrightness	0	static
stm32h743i_eval_lcd.c:1049:9:BSP_LCD_GetBrightness	0	static
