usbh_conf.c:36:6:HAL_HCD_MspInit	80	static
usbh_conf.c:180:6:HAL_HCD_MspDeInit	0	static
usbh_conf.c:204:6:HAL_HCD_SOF_Callback	0	static
usbh_conf.c:214:6:HAL_HCD_Connect_Callback	0	static
usbh_conf.c:224:6:HAL_HCD_Disconnect_Callback	0	static
usbh_conf.c:234:6:HAL_HCD_PortEnabled_Callback	0	static
usbh_conf.c:245:6:HAL_HCD_PortDisabled_Callback	0	static
usbh_conf.c:258:6:HAL_HCD_HC_NotifyURBChange_Callback	0	static
usbh_conf.c:273:20:USBH_LL_Init	16	static
usbh_conf.c:331:20:USBH_LL_DeInit	8	static
usbh_conf.c:342:20:USBH_LL_Start	8	static
usbh_conf.c:353:20:USBH_LL_Stop	8	static
usbh_conf.c:364:19:USBH_LL_GetSpeed	8	static
usbh_conf.c:394:20:USBH_LL_ResetPort	8	static
usbh_conf.c:406:10:USBH_LL_GetLastXferSize	0	static
usbh_conf.c:422:20:USBH_LL_OpenPipe	24	static
usbh_conf.c:446:20:USBH_LL_ClosePipe	8	static
usbh_conf.c:479:20:USBH_LL_SubmitURB	24	static
usbh_conf.c:513:22:USBH_LL_GetURBState	0	static
usbh_conf.c:527:20:USBH_LL_DriverVBUS	8	static
usbh_conf.c:565:20:USBH_LL_SetToggle	0	static
usbh_conf.c:585:9:USBH_LL_GetToggle	0	static
usbh_conf.c:605:6:USBH_Delay	0	static
